Archive member included to satisfy reference by file (symbol)

F:/st-stm32cubeide_2.1.1_28236_20260312_0043_x86_64.exe/STM32CubeIDE_2.1.1/STM32CubeIDE/plugins/com.st.stm32cube.ide.mcu.externaltools.gnu-tools-for-stm32.14.3.rel1.win32_1.0.100.202602081740/tools/bin/../lib/gcc/arm-none-eabi/14.3.1/../../../../arm-none-eabi/lib/thumb/v7-m/nofp\libc_nano.a(libc_a-exit.o)
                              F:/st-stm32cubeide_2.1.1_28236_20260312_0043_x86_64.exe/STM32CubeIDE_2.1.1/STM32CubeIDE/plugins/com.st.stm32cube.ide.mcu.externaltools.gnu-tools-for-stm32.14.3.rel1.win32_1.0.100.202602081740/tools/bin/../lib/gcc/arm-none-eabi/14.3.1/../../../../arm-none-eabi/lib/thumb/v7-m/nofp/crt0.o (exit)
F:/st-stm32cubeide_2.1.1_28236_20260312_0043_x86_64.exe/STM32CubeIDE_2.1.1/STM32CubeIDE/plugins/com.st.stm32cube.ide.mcu.externaltools.gnu-tools-for-stm32.14.3.rel1.win32_1.0.100.202602081740/tools/bin/../lib/gcc/arm-none-eabi/14.3.1/../../../../arm-none-eabi/lib/thumb/v7-m/nofp\libc_nano.a(libc_a-findfp.o)
                              F:/st-stm32cubeide_2.1.1_28236_20260312_0043_x86_64.exe/STM32CubeIDE_2.1.1/STM32CubeIDE/plugins/com.st.stm32cube.ide.mcu.externaltools.gnu-tools-for-stm32.14.3.rel1.win32_1.0.100.202602081740/tools/bin/../lib/gcc/arm-none-eabi/14.3.1/../../../../arm-none-eabi/lib/thumb/v7-m/nofp\libc_nano.a(libc_a-exit.o) (__stdio_exit_handler)
F:/st-stm32cubeide_2.1.1_28236_20260312_0043_x86_64.exe/STM32CubeIDE_2.1.1/STM32CubeIDE/plugins/com.st.stm32cube.ide.mcu.externaltools.gnu-tools-for-stm32.14.3.rel1.win32_1.0.100.202602081740/tools/bin/../lib/gcc/arm-none-eabi/14.3.1/../../../../arm-none-eabi/lib/thumb/v7-m/nofp\libc_nano.a(libc_a-fwalk.o)
                              F:/st-stm32cubeide_2.1.1_28236_20260312_0043_x86_64.exe/STM32CubeIDE_2.1.1/STM32CubeIDE/plugins/com.st.stm32cube.ide.mcu.externaltools.gnu-tools-for-stm32.14.3.rel1.win32_1.0.100.202602081740/tools/bin/../lib/gcc/arm-none-eabi/14.3.1/../../../../arm-none-eabi/lib/thumb/v7-m/nofp\libc_nano.a(libc_a-findfp.o) (_fwalk_sglue)
F:/st-stm32cubeide_2.1.1_28236_20260312_0043_x86_64.exe/STM32CubeIDE_2.1.1/STM32CubeIDE/plugins/com.st.stm32cube.ide.mcu.externaltools.gnu-tools-for-stm32.14.3.rel1.win32_1.0.100.202602081740/tools/bin/../lib/gcc/arm-none-eabi/14.3.1/../../../../arm-none-eabi/lib/thumb/v7-m/nofp\libc_nano.a(libc_a-stdio.o)
                              F:/st-stm32cubeide_2.1.1_28236_20260312_0043_x86_64.exe/STM32CubeIDE_2.1.1/STM32CubeIDE/plugins/com.st.stm32cube.ide.mcu.externaltools.gnu-tools-for-stm32.14.3.rel1.win32_1.0.100.202602081740/tools/bin/../lib/gcc/arm-none-eabi/14.3.1/../../../../arm-none-eabi/lib/thumb/v7-m/nofp\libc_nano.a(libc_a-findfp.o) (__sread)
F:/st-stm32cubeide_2.1.1_28236_20260312_0043_x86_64.exe/STM32CubeIDE_2.1.1/STM32CubeIDE/plugins/com.st.stm32cube.ide.mcu.externaltools.gnu-tools-for-stm32.14.3.rel1.win32_1.0.100.202602081740/tools/bin/../lib/gcc/arm-none-eabi/14.3.1/../../../../arm-none-eabi/lib/thumb/v7-m/nofp\libc_nano.a(libc_a-memcmp.o)
                              ./Core/Src/usb_hid.o (memcmp)
F:/st-stm32cubeide_2.1.1_28236_20260312_0043_x86_64.exe/STM32CubeIDE_2.1.1/STM32CubeIDE/plugins/com.st.stm32cube.ide.mcu.externaltools.gnu-tools-for-stm32.14.3.rel1.win32_1.0.100.202602081740/tools/bin/../lib/gcc/arm-none-eabi/14.3.1/../../../../arm-none-eabi/lib/thumb/v7-m/nofp\libc_nano.a(libc_a-memset.o)
                              F:/st-stm32cubeide_2.1.1_28236_20260312_0043_x86_64.exe/STM32CubeIDE_2.1.1/STM32CubeIDE/plugins/com.st.stm32cube.ide.mcu.externaltools.gnu-tools-for-stm32.14.3.rel1.win32_1.0.100.202602081740/tools/bin/../lib/gcc/arm-none-eabi/14.3.1/../../../../arm-none-eabi/lib/thumb/v7-m/nofp/crt0.o (memset)
F:/st-stm32cubeide_2.1.1_28236_20260312_0043_x86_64.exe/STM32CubeIDE_2.1.1/STM32CubeIDE/plugins/com.st.stm32cube.ide.mcu.externaltools.gnu-tools-for-stm32.14.3.rel1.win32_1.0.100.202602081740/tools/bin/../lib/gcc/arm-none-eabi/14.3.1/../../../../arm-none-eabi/lib/thumb/v7-m/nofp\libc_nano.a(libc_a-closer.o)
                              F:/st-stm32cubeide_2.1.1_28236_20260312_0043_x86_64.exe/STM32CubeIDE_2.1.1/STM32CubeIDE/plugins/com.st.stm32cube.ide.mcu.externaltools.gnu-tools-for-stm32.14.3.rel1.win32_1.0.100.202602081740/tools/bin/../lib/gcc/arm-none-eabi/14.3.1/../../../../arm-none-eabi/lib/thumb/v7-m/nofp\libc_nano.a(libc_a-stdio.o) (_close_r)
F:/st-stm32cubeide_2.1.1_28236_20260312_0043_x86_64.exe/STM32CubeIDE_2.1.1/STM32CubeIDE/plugins/com.st.stm32cube.ide.mcu.externaltools.gnu-tools-for-stm32.14.3.rel1.win32_1.0.100.202602081740/tools/bin/../lib/gcc/arm-none-eabi/14.3.1/../../../../arm-none-eabi/lib/thumb/v7-m/nofp\libc_nano.a(libc_a-reent.o)
                              F:/st-stm32cubeide_2.1.1_28236_20260312_0043_x86_64.exe/STM32CubeIDE_2.1.1/STM32CubeIDE/plugins/com.st.stm32cube.ide.mcu.externaltools.gnu-tools-for-stm32.14.3.rel1.win32_1.0.100.202602081740/tools/bin/../lib/gcc/arm-none-eabi/14.3.1/../../../../arm-none-eabi/lib/thumb/v7-m/nofp\libc_nano.a(libc_a-closer.o) (errno)
[...]
Memory Configuration

Name             Origin             Length             Attributes
RAM              0x20000000         0x00005000         xrw
FLASH            0x08000000         0x00010000         xr
*default*        0x00000000         0xffffffff

Linker script and memory map

LOAD F:/st-stm32cubeide_2.1.1_28236_20260312_0043_x86_64.exe/STM32CubeIDE_2.1.1/STM32CubeIDE/plugins/com.st.stm32cube.ide.mcu.externaltools.gnu-tools-for-stm32.14.3.rel1.win32_1.0.100.202602081740/tools/bin/../lib/gcc/arm-none-eabi/14.3.1/thumb/v7-m/nofp/crti.o
LOAD F:/st-stm32cubeide_2.1.1_28236_20260312_0043_x86_64.exe/STM32CubeIDE_2.1.1/STM32CubeIDE/plugins/com.st.stm32cube.ide.mcu.externaltools.gnu-tools-for-stm32.14.3.rel1.win32_1.0.100.202602081740/tools/bin/../lib/gcc/arm-none-eabi/14.3.1/thumb/v7-m/nofp/crtbegin.o
LOAD F:/st-stm32cubeide_2.1.1_28236_20260312_0043_x86_64.exe/STM32CubeIDE_2.1.1/STM32CubeIDE/plugins/com.st.stm32cube.ide.mcu.externaltools.gnu-tools-for-stm32.14.3.rel1.win32_1.0.100.202602081740/tools/bin/../lib/gcc/arm-none-eabi/14.3.1/../../../../arm-none-eabi/lib/thumb/v7-m/nofp/crt0.o
LOAD ./Core/Src/debounce.o
LOAD ./Core/Src/keyboard.o
LOAD ./Core/Src/keymap.o
LOAD ./Core/Src/main.o
LOAD ./Core/Src/matrix.o
LOAD ./Core/Src/stm32f1xx_hal_msp.o
LOAD ./Core/Src/stm32f1xx_it.o
LOAD ./Core/Src/syscalls.o
LOAD ./Core/Src/sysmem.o
LOAD ./Core/Src/system_stm32f1xx.o
LOAD ./Core/Src/usb_hid.o
LOAD ./Core/Startup/startup_stm32f103c8tx.o
LOAD ./Drivers/STM32F1xx_HAL_Driver/Src/stm32f1xx_hal.o
LOAD ./Drivers/STM32F1xx_HAL_Driver/Src/stm32f1xx_hal_cortex.o
LOAD ./Drivers/STM32F1xx_HAL_Driver/Src/stm32f1xx_hal_dma.o
LOAD ./Drivers/STM32F1xx_HAL_Driver/Src/stm32f1xx_hal_exti.o
LOAD ./Drivers/STM32F1xx_HAL_Driver/Src/stm32f1xx_hal_flash.o
LOAD ./Drivers/STM32F1xx_HAL_Driver/Src/stm32f1xx_hal_flash_ex.o
LOAD ./Drivers/STM32F1xx_HAL_Driver/Src/stm32f1xx_hal_gpio.o
LOAD ./Drivers/STM32F1xx_HAL_Driver/Src/stm32f1xx_hal_gpio_ex.o
LOAD ./Drivers/STM32F1xx_HAL_Driver/Src/stm32f1xx_hal_pcd.o
LOAD ./Drivers/STM32F1xx_HAL_Driver/Src/stm32f1xx_hal_pcd_ex.o
LOAD ./Drivers/STM32F1xx_HAL_Driver/Src/stm32f1xx_hal_pwr.o
LOAD ./Drivers/STM32F1xx_HAL_Driver/Src/stm32f1xx_hal_rcc.o
LOAD ./Drivers/STM32F1xx_HAL_Driver/Src/stm32f1xx_hal_rcc_ex.o
LOAD ./Drivers/STM32F1xx_HAL_Driver/Src/stm32f1xx_hal_uart.o
LOAD ./Drivers/STM32F1xx_HAL_Driver/Src/stm32f1xx_ll_usb.o
LOAD ./Middlewares/ST/STM32_USB_Device_Library/Class/HID/Src/usbd_hid.o
LOAD ./Middlewares/ST/STM32_USB_Device_Library/Core/Src/usbd_core.o
LOAD ./Middlewares/ST/STM32_USB_Device_Library/Core/Src/usbd_ctlreq.o
LOAD ./Middlewares/ST/STM32_USB_Device_Library/Core/Src/usbd_ioreq.o
LOAD ./USB_DEVICE/App/usb_device.o
LOAD ./USB_DEVICE/App/usbd_desc.o
LOAD ./USB_DEVICE/Target/usbd_conf.o
START GROUP
LOAD F:/st-stm32cubeide_2.1.1_28236_20260312_0043_x86_64.exe/STM32CubeIDE_2.1.1/STM32CubeIDE/plugins/com.st.stm32cube.ide.mcu.externaltools.gnu-tools-for-stm32.14.3.rel1.win32_1.0.100.202602081740/tools/bin/../lib/gcc/arm-none-eabi/14.3.1/../../../../arm-none-eabi/lib/thumb/v7-m/nofp\libc_nano.a
LOAD F:/st-stm32cubeide_2.1.1_28236_20260312_0043_x86_64.exe/STM32CubeIDE_2.1.1/STM32CubeIDE/plugins/com.st.stm32cube.ide.mcu.externaltools.gnu-tools-for-stm32.14.3.rel1.win32_1.0.100.202602081740/tools/bin/../lib/gcc/arm-none-eabi/14.3.1/../../../../arm-none-eabi/lib/thumb/v7-m/nofp\libm.a
END GROUP
START GROUP
LOAD F:/st-stm32cubeide_2.1.1_28236_20260312_0043_x86_64.exe/STM32CubeIDE_2.1.1/STM32CubeIDE/plugins/com.st.stm32cube.ide.mcu.externaltools.gnu-tools-for-stm32.14.3.rel1.win32_1.0.100.202602081740/tools/bin/../lib/gcc/arm-none-eabi/14.3.1/thumb/v7-m/nofp\libgcc.a
LOAD F:/st-stm32cubeide_2.1.1_28236_20260312_0043_x86_64.exe/STM32CubeIDE_2.1.1/STM32CubeIDE/plugins/com.st.stm32cube.ide.mcu.externaltools.gnu-tools-for-stm32.14.3.rel1.win32_1.0.100.202602081740/tools/bin/../lib/gcc/arm-none-eabi/14.3.1/../../../../arm-none-eabi/lib/thumb/v7-m/nofp\libc_nano.a
END GROUP
START GROUP
LOAD F:/st-stm32cubeide_2.1.1_28236_20260312_0043_x86_64.exe/STM32CubeIDE_2.1.1/STM32CubeIDE/plugins/com.st.stm32cube.ide.mcu.externaltools.gnu-tools-for-stm32.14.3.rel1.win32_1.0.100.202602081740/tools/bin/../lib/gcc/arm-none-eabi/14.3.1/thumb/v7-m/nofp\libgcc.a
LOAD F:/st-stm32cubeide_2.1.1_28236_20260312_0043_x86_64.exe/STM32CubeIDE_2.1.1/STM32CubeIDE/plugins/com.st.stm32cube.ide.mcu.externaltools.gnu-tools-for-stm32.14.3.rel1.win32_1.0.100.202602081740/tools/bin/../lib/gcc/arm-none-eabi/14.3.1/../../../../arm-none-eabi/lib/thumb/v7-m/nofp\libc_nano.a
LOAD F:/st-stm32cubeide_2.1.1_28236_20260312_0043_x86_64.exe/STM32CubeIDE_2.1.1/STM32CubeIDE/plugins/com.st.stm32cube.ide.mcu.externaltools.gnu-tools-for-stm32.14.3.rel1.win32_1.0.100.202602081740/tools/bin/../lib/gcc/arm-none-eabi/14.3.1/../../../../arm-none-eabi/lib/thumb/v7-m/nofp\libnosys.a
END GROUP
START GROUP
LOAD F:/st-stm32cubeide_2.1.1_28236_20260312_0043_x86_64.exe/STM32CubeIDE_2.1.1/STM32CubeIDE/plugins/com.st.stm32cube.ide.mcu.externaltools.gnu-tools-for-stm32.14.3.rel1.win32_1.0.100.202602081740/tools/bin/../lib/gcc/arm-none-eabi/14.3.1/thumb/v7-m/nofp\libgcc.a
LOAD F:/st-stm32cubeide_2.1.1_28236_20260312_0043_x86_64.exe/STM32CubeIDE_2.1.1/STM32CubeIDE/plugins/com.st.stm32cube.ide.mcu.externaltools.gnu-tools-for-stm32.14.3.rel1.win32_1.0.100.202602081740/tools/bin/../lib/gcc/arm-none-eabi/14.3.1/../../../../arm-none-eabi/lib/thumb/v7-m/nofp\libc_nano.a
LOAD F:/st-stm32cubeide_2.1.1_28236_20260312_0043_x86_64.exe/STM32CubeIDE_2.1.1/STM32CubeIDE/plugins/com.st.stm32cube.ide.mcu.externaltools.gnu-tools-for-stm32.14.3.rel1.win32_1.0.100.202602081740/tools/bin/../lib/gcc/arm-none-eabi/14.3.1/../../../../arm-none-eabi/lib/thumb/v7-m/nofp\libnosys.a
END GROUP
LOAD F:/st-stm32cubeide_2.1.1_28236_20260312_0043_x86_64.exe/STM32CubeIDE_2.1.1/STM32CubeIDE/plugins/com.st.stm32cube.ide.mcu.externaltools.gnu-tools-for-stm32.14.3.rel1.win32_1.0.100.202602081740/tools/bin/../lib/gcc/arm-none-eabi/14.3.1/thumb/v7-m/nofp/crtend.o
LOAD F:/st-stm32cubeide_2.1.1_28236_20260312_0043_x86_64.exe/STM32CubeIDE_2.1.1/STM32CubeIDE/plugins/com.st.stm32cube.ide.mcu.externaltools.gnu-tools-for-stm32.14.3.rel1.win32_1.0.100.202602081740/tools/bin/../lib/gcc/arm-none-eabi/14.3.1/thumb/v7-m/nofp/crtn.o
                0x20005000                        _estack = (ORIGIN (RAM) + LENGTH (RAM))
                0x00000200                        _Min_Heap_Size = 0x200
                0x00000400                        _Min_Stack_Size = 0x400

.isr_vector     0x08000000      0x10c
                0x08000000                        . = ALIGN (0x4)
 *(.isr_vector)
 .isr_vector    0x08000000      0x10c ./Core/Startup/startup_stm32f103c8tx.o
                0x08000000                g_pfnVectors
                0x0800010c                        . = ALIGN (0x4)

.text           0x0800010c     0x7848
                0x0800010c                        . = ALIGN (0x4)
 *(.text)
 .text          0x0800010c       0x40 F:/st-stm32cubeide_2.1.1_28236_20260312_0043_x86_64.exe/STM32CubeIDE_2.1.1/STM32CubeIDE/plugins/com.st.stm32cube.ide.mcu.externaltools.gnu-tools-for-stm32.14.3.rel1.win32_1.0.100.202602081740/tools/bin/../lib/gcc/arm-none-eabi/14.3.1/thumb/v7-m/nofp/crtbegin.o
 *(.text*)
 .text.debounce_init
                0x0800014c       0x34 ./Core/Src/debounce.o
                0x0800014c                debounce_init
 .text.debounce_process
                0x08000180      0x118 ./Core/Src/debounce.o
                0x08000180                debounce_process
 .text.get_modifier_bit
                0x08000298       0x5c ./Core/Src/keyboard.o
 .text.keyboard_init
                0x080002f4        0xc ./Core/Src/keyboard.o
                0x080002f4                keyboard_init
 .text.keyboard_task
                0x08000300      0x104 ./Core/Src/keyboard.o
                0x08000300                keyboard_task
 .text.main     0x08000404       0x56 ./Core/Src/main.o
                0x08000404                main
 .text.SystemClock_Config
                0x0800045a      0x12e ./Core/Src/main.o
                0x0800045a                SystemClock_Config
 .text.MX_USART1_UART_Init
                0x08000588       0x54 ./Core/Src/main.o
 .text.MX_GPIO_Init
                0x080005dc       0xb0 ./Core/Src/main.o
 .text.Error_Handler
                0x0800068c        0xc ./Core/Src/main.o
                0x0800068c                Error_Handler
 .text.matrix_init
                0x08000698       0x44 ./Core/Src/matrix.o
                0x08000698                matrix_init
 .text.matrix_scan
                0x080006dc       0xc8 ./Core/Src/matrix.o
                0x080006dc                matrix_scan
 .text.HAL_MspInit
                0x080007a4       0x64 ./Core/Src/stm32f1xx_hal_msp.o
                0x080007a4                HAL_MspInit
 .text.HAL_UART_MspInit
                0x08000808       0x98 ./Core/Src/stm32f1xx_hal_msp.o
                0x08000808                HAL_UART_MspInit
 .text.NMI_Handler
                0x080008a0        0x8 ./Core/Src/stm32f1xx_it.o
                0x080008a0                NMI_Handler
 .text.HardFault_Handler
                0x080008a8        0x8 ./Core/Src/stm32f1xx_it.o
                0x080008a8                HardFault_Handler
 .text.MemManage_Handler
                0x080008b0        0x8 ./Core/Src/stm32f1xx_it.o
                0x080008b0                MemManage_Handler
 .text.BusFault_Handler
                0x080008b8        0x8 ./Core/Src/stm32f1xx_it.o
                0x080008b8                BusFault_Handler
 .text.UsageFault_Handler
                0x080008c0        0x8 ./Core/Src/stm32f1xx_it.o
                0x080008c0                UsageFault_Handler
 .text.SVC_Handler
                0x080008c8        0xc ./Core/Src/stm32f1xx_it.o
                0x080008c8                SVC_Handler
 .text.DebugMon_Handler
                0x080008d4        0xc ./Core/Src/stm32f1xx_it.o
                0x080008d4                DebugMon_Handler
 .text.PendSV_Handler
                0x080008e0        0xc ./Core/Src/stm32f1xx_it.o
                0x080008e0                PendSV_Handler
 .text.SysTick_Handler
                0x080008ec        0xc ./Core/Src/stm32f1xx_it.o
                0x080008ec                SysTick_Handler
 .text.USB_LP_CAN1_RX0_IRQHandler
                0x080008f8       0x14 ./Core/Src/stm32f1xx_it.o
                0x080008f8                USB_LP_CAN1_RX0_IRQHandler
 .text.SystemInit
                0x0800090c        0xc ./Core/Src/system_stm32f1xx.o
                0x0800090c                SystemInit
 .text.usb_hid_init
                0x08000918       0x18 ./Core/Src/usb_hid.o
                0x08000918                usb_hid_init
 .text.Reset_Handler
                0x08000930       0x48 ./Core/Startup/startup_stm32f103c8tx.o
                0x08000930                Reset_Handler
 .text.Default_Handler
                0x08000978        0x2 ./Core/Startup/startup_stm32f103c8tx.o
                0x08000978                RTC_Alarm_IRQHandler
                0x08000978                EXTI2_IRQHandler
                0x08000978                TIM1_CC_IRQHandler
                0x08000978                PVD_IRQHandler
                0x08000978                EXTI3_IRQHandler
                0x08000978                EXTI0_IRQHandler
                0x08000978                I2C2_EV_IRQHandler
                0x08000978                ADC1_2_IRQHandler
                0x08000978                SPI1_IRQHandler
                0x08000978                TAMPER_IRQHandler
                0x08000978                DMA1_Channel4_IRQHandler
                0x08000978                USART3_IRQHandler
                0x08000978                RTC_IRQHandler
                0x08000978                DMA1_Channel7_IRQHandler
                0x08000978                CAN1_RX1_IRQHandler
                0x08000978                TIM4_IRQHandler
                0x08000978                I2C1_EV_IRQHandler
                0x08000978                DMA1_Channel6_IRQHandler
                0x08000978                TIM3_IRQHandler
                0x08000978                RCC_IRQHandler
                0x08000978                TIM1_TRG_COM_IRQHandler
                0x08000978                DMA1_Channel1_IRQHandler
                0x08000978                Default_Handler
                0x08000978                EXTI15_10_IRQHandler
                0x08000978                EXTI9_5_IRQHandler
                0x08000978                SPI2_IRQHandler
                0x08000978                DMA1_Channel5_IRQHandler
                0x08000978                EXTI4_IRQHandler
                0x08000978                USB_HP_CAN1_TX_IRQHandler
                0x08000978                DMA1_Channel3_IRQHandler
                0x08000978                TIM1_UP_IRQHandler
                0x08000978                WWDG_IRQHandler
                0x08000978                TIM2_IRQHandler
                0x08000978                TIM1_BRK_IRQHandler
                0x08000978                EXTI1_IRQHandler
                0x08000978                USART2_IRQHandler
                0x08000978                I2C2_ER_IRQHandler
                0x08000978                DMA1_Channel2_IRQHandler
                0x08000978                CAN1_SCE_IRQHandler
                0x08000978                FLASH_IRQHandler
                0x08000978                USART1_IRQHandler
                0x08000978                I2C1_ER_IRQHandler
                0x08000978                USBWakeUp_IRQHandler
 *fill*         0x0800097a        0x2 
 .text.HAL_Init
                0x0800097c       0x2c ./Drivers/STM32F1xx_HAL_Driver/Src/stm32f1xx_hal.o
                0x0800097c                HAL_Init
 .text.HAL_InitTick
                0x080009a8       0x60 ./Drivers/STM32F1xx_HAL_Driver/Src/stm32f1xx_hal.o
                0x080009a8                HAL_InitTick
 .text.HAL_IncTick
                0x08000a08       0x24 ./Drivers/STM32F1xx_HAL_Driver/Src/stm32f1xx_hal.o
                0x08000a08                HAL_IncTick
 .text.HAL_GetTick
                0x08000a2c       0x14 ./Drivers/STM32F1xx_HAL_Driver/Src/stm32f1xx_hal.o
                0x08000a2c                HAL_GetTick
 .text.HAL_Delay
                0x08000a40       0x48 ./Drivers/STM32F1xx_HAL_Driver/Src/stm32f1xx_hal.o
                0x08000a40                HAL_Delay
 .text.__NVIC_SetPriorityGrouping
                0x08000a88       0x48 ./Drivers/STM32F1xx_HAL_Driver/Src/stm32f1xx_hal_cortex.o
 .text.__NVIC_GetPriorityGrouping
                0x08000ad0       0x1c ./Drivers/STM32F1xx_HAL_Driver/Src/stm32f1xx_hal_cortex.o
 .text.__NVIC_EnableIRQ
                0x08000aec       0x38 ./Drivers/STM32F1xx_HAL_Driver/Src/stm32f1xx_hal_cortex.o
 .text.__NVIC_SetPriority
                0x08000b24       0x54 ./Drivers/STM32F1xx_HAL_Driver/Src/stm32f1xx_hal_cortex.o
 .text.NVIC_EncodePriority
                0x08000b78       0x64 ./Drivers/STM32F1xx_HAL_Driver/Src/stm32f1xx_hal_cortex.o
 .text.SysTick_Config
                0x08000bdc       0x44 ./Drivers/STM32F1xx_HAL_Driver/Src/stm32f1xx_hal_cortex.o
 .text.HAL_NVIC_SetPriorityGrouping
                0x08000c20       0x16 ./Drivers/STM32F1xx_HAL_Driver/Src/stm32f1xx_hal_cortex.o
                0x08000c20                HAL_NVIC_SetPriorityGrouping
 .text.HAL_NVIC_SetPriority
                0x08000c36       0x38 ./Drivers/STM32F1xx_HAL_Driver/Src/stm32f1xx_hal_cortex.o
                0x08000c36                HAL_NVIC_SetPriority
 .text.HAL_NVIC_EnableIRQ
                0x08000c6e       0x1c ./Drivers/STM32F1xx_HAL_Driver/Src/stm32f1xx_hal_cortex.o
                0x08000c6e                HAL_NVIC_EnableIRQ
 .text.HAL_SYSTICK_Config
                0x08000c8a       0x18 ./Drivers/STM32F1xx_HAL_Driver/Src/stm32f1xx_hal_cortex.o
                0x08000c8a                HAL_SYSTICK_Config
 *fill*         0x08000ca2        0x2 
 .text.HAL_GPIO_Init
                0x08000ca4      0x308 ./Drivers/STM32F1xx_HAL_Driver/Src/stm32f1xx_hal_gpio.o
                0x08000ca4                HAL_GPIO_Init
 .text.HAL_GPIO_ReadPin
                0x08000fac       0x2e ./Drivers/STM32F1xx_HAL_Driver/Src/stm32f1xx_hal_gpio.o
                0x08000fac                HAL_GPIO_ReadPin
 .text.HAL_GPIO_WritePin
                0x08000fda       0x30 ./Drivers/STM32F1xx_HAL_Driver/Src/stm32f1xx_hal_gpio.o
                0x08000fda                HAL_GPIO_WritePin
 .text.HAL_PCD_Init
                0x0800100a      0x1ec ./Drivers/STM32F1xx_HAL_Driver/Src/stm32f1xx_hal_pcd.o
                0x0800100a                HAL_PCD_Init
 .text.HAL_PCD_Start
                0x080011f6       0x4c ./Drivers/STM32F1xx_HAL_Driver/Src/stm32f1xx_hal_pcd.o
                0x080011f6                HAL_PCD_Start
 .text.HAL_PCD_IRQHandler
                0x08001242      0x260 ./Drivers/STM32F1xx_HAL_Driver/Src/stm32f1xx_hal_pcd.o
                0x08001242                HAL_PCD_IRQHandler
 .text.HAL_PCD_SetAddress
                0x080014a2       0x48 ./Drivers/STM32F1xx_HAL_Driver/Src/stm32f1xx_hal_pcd.o
                0x080014a2                HAL_PCD_SetAddress
 .text.HAL_PCD_EP_Open
                0x080014ea       0xba ./Drivers/STM32F1xx_HAL_Driver/Src/stm32f1xx_hal_pcd.o
                0x080014ea                HAL_PCD_EP_Open
 .text.HAL_PCD_EP_Close
                0x080015a4       0x90 ./Drivers/STM32F1xx_HAL_Driver/Src/stm32f1xx_hal_pcd.o
                0x080015a4                HAL_PCD_EP_Close
 .text.HAL_PCD_EP_Receive
                0x08001634       0x62 ./Drivers/STM32F1xx_HAL_Driver/Src/stm32f1xx_hal_pcd.o
                0x08001634                HAL_PCD_EP_Receive
 .text.HAL_PCD_EP_Transmit
                0x08001696       0x6e ./Drivers/STM32F1xx_HAL_Driver/Src/stm32f1xx_hal_pcd.o
                0x08001696                HAL_PCD_EP_Transmit
 .text.HAL_PCD_EP_SetStall
                0x08001704       0xc0 ./Drivers/STM32F1xx_HAL_Driver/Src/stm32f1xx_hal_pcd.o
                0x08001704                HAL_PCD_EP_SetStall
 .text.HAL_PCD_EP_ClrStall
                0x080017c4       0xa8 ./Drivers/STM32F1xx_HAL_Driver/Src/stm32f1xx_hal_pcd.o
                0x080017c4                HAL_PCD_EP_ClrStall
 .text.PCD_EP_ISR_Handler
                0x0800186c      0x79e ./Drivers/STM32F1xx_HAL_Driver/Src/stm32f1xx_hal_pcd.o
 .text.HAL_PCD_EP_DB_Receive
                0x0800200a      0x21a ./Drivers/STM32F1xx_HAL_Driver/Src/stm32f1xx_hal_pcd.o
 .text.HAL_PCD_EP_DB_Transmit
                0x08002224      0x7f4 ./Drivers/STM32F1xx_HAL_Driver/Src/stm32f1xx_hal_pcd.o
 .text.HAL_PCDEx_PMAConfig
                0x08002a18       0x84 ./Drivers/STM32F1xx_HAL_Driver/Src/stm32f1xx_hal_pcd_ex.o
                0x08002a18                HAL_PCDEx_PMAConfig
 .text.HAL_RCC_OscConfig
                0x08002a9c      0x504 ./Drivers/STM32F1xx_HAL_Driver/Src/stm32f1xx_hal_rcc.o
                0x08002a9c                HAL_RCC_OscConfig
 .text.HAL_RCC_ClockConfig
                0x08002fa0      0x1d4 ./Drivers/STM32F1xx_HAL_Driver/Src/stm32f1xx_hal_rcc.o
                0x08002fa0                HAL_RCC_ClockConfig
 .text.HAL_RCC_GetSysClockFreq
                0x08003174       0xa8 ./Drivers/STM32F1xx_HAL_Driver/Src/stm32f1xx_hal_rcc.o
                0x08003174                HAL_RCC_GetSysClockFreq
 .text.HAL_RCC_GetHCLKFreq
                0x0800321c       0x14 ./Drivers/STM32F1xx_HAL_Driver/Src/stm32f1xx_hal_rcc.o
                0x0800321c                HAL_RCC_GetHCLKFreq
 .text.HAL_RCC_GetPCLK1Freq
                0x08003230       0x28 ./Drivers/STM32F1xx_HAL_Driver/Src/stm32f1xx_hal_rcc.o
                0x08003230                HAL_RCC_GetPCLK1Freq
 .text.HAL_RCC_GetPCLK2Freq
                0x08003258       0x28 ./Drivers/STM32F1xx_HAL_Driver/Src/stm32f1xx_hal_rcc.o
                0x08003258                HAL_RCC_GetPCLK2Freq
 .text.RCC_Delay
                0x08003280       0x3c ./Drivers/STM32F1xx_HAL_Driver/Src/stm32f1xx_hal_rcc.o
 .text.HAL_RCCEx_PeriphCLKConfig
                0x080032bc      0x16c ./Drivers/STM32F1xx_HAL_Driver/Src/stm32f1xx_hal_rcc_ex.o
                0x080032bc                HAL_RCCEx_PeriphCLKConfig
 .text.HAL_UART_Init
                0x08003428       0xa0 ./Drivers/STM32F1xx_HAL_Driver/Src/stm32f1xx_hal_uart.o
                0x08003428                HAL_UART_Init
 .text.UART_SetConfig
                0x080034c8      0x11c ./Drivers/STM32F1xx_HAL_Driver/Src/stm32f1xx_hal_uart.o
 .text.USB_CoreInit
                0x080035e4       0x1a ./Drivers/STM32F1xx_HAL_Driver/Src/stm32f1xx_ll_usb.o
                0x080035e4                USB_CoreInit
 .text.USB_EnableGlobalInt
                0x080035fe       0x2c ./Drivers/STM32F1xx_HAL_Driver/Src/stm32f1xx_ll_usb.o
                0x080035fe                USB_EnableGlobalInt
 .text.USB_DisableGlobalInt
                0x0800362a       0x34 ./Drivers/STM32F1xx_HAL_Driver/Src/stm32f1xx_ll_usb.o
                0x0800362a                USB_DisableGlobalInt
 .text.USB_SetCurrentMode
                0x0800365e       0x18 ./Drivers/STM32F1xx_HAL_Driver/Src/stm32f1xx_ll_usb.o
                0x0800365e                USB_SetCurrentMode
 .text.USB_DevInit
                0x08003676       0x3a ./Drivers/STM32F1xx_HAL_Driver/Src/stm32f1xx_ll_usb.o
                0x08003676                USB_DevInit
 .text.USB_ActivateEndpoint
                0x080036b0      0x780 ./Drivers/STM32F1xx_HAL_Driver/Src/stm32f1xx_ll_usb.o
                0x080036b0                USB_ActivateEndpoint
 .text.USB_DeactivateEndpoint
                0x08003e30      0x3d8 ./Drivers/STM32F1xx_HAL_Driver/Src/stm32f1xx_ll_usb.o
                0x08003e30                USB_DeactivateEndpoint
 .text.USB_EPStartXfer
                0x08004208     0x1762 ./Drivers/STM32F1xx_HAL_Driver/Src/stm32f1xx_ll_usb.o
                0x08004208                USB_EPStartXfer
 .text.USB_EPSetStall
                0x0800596a       0xa0 ./Drivers/STM32F1xx_HAL_Driver/Src/stm32f1xx_ll_usb.o
                0x0800596a                USB_EPSetStall
 .text.USB_EPClearStall
                0x08005a0a      0x15a ./Drivers/STM32F1xx_HAL_Driver/Src/stm32f1xx_ll_usb.o
                0x08005a0a                USB_EPClearStall
 .text.USB_SetDevAddress
                0x08005b64       0x26 ./Drivers/STM32F1xx_HAL_Driver/Src/stm32f1xx_ll_usb.o
                0x08005b64                USB_SetDevAddress
 .text.USB_DevConnect
                0x08005b8a       0x14 ./Drivers/STM32F1xx_HAL_Driver/Src/stm32f1xx_ll_usb.o
                0x08005b8a                USB_DevConnect
 .text.USB_DevDisconnect
                0x08005b9e       0x14 ./Drivers/STM32F1xx_HAL_Driver/Src/stm32f1xx_ll_usb.o
                0x08005b9e                USB_DevDisconnect
 .text.USB_ReadInterrupts
                0x08005bb2       0x1e ./Drivers/STM32F1xx_HAL_Driver/Src/stm32f1xx_ll_usb.o
                0x08005bb2                USB_ReadInterrupts
 .text.USB_EP0_OutStart
                0x08005bd0       0x16 ./Drivers/STM32F1xx_HAL_Driver/Src/stm32f1xx_ll_usb.o
                0x08005bd0                USB_EP0_OutStart
 .text.USB_WritePMA
                0x08005be6       0x8c ./Drivers/STM32F1xx_HAL_Driver/Src/stm32f1xx_ll_usb.o
                0x08005be6                USB_WritePMA
 .text.USB_ReadPMA
                0x08005c72       0x9e ./Drivers/STM32F1xx_HAL_Driver/Src/stm32f1xx_ll_usb.o
                0x08005c72                USB_ReadPMA
 .text.USBD_HID_Init
                0x08005d10       0x4e ./Middlewares/ST/STM32_USB_Device_Library/Class/HID/Src/usbd_hid.o
 .text.USBD_HID_DeInit
                0x08005d5e       0x42 ./Middlewares/ST/STM32_USB_Device_Library/Class/HID/Src/usbd_hid.o
 .text.USBD_HID_Setup
                0x08005da0      0x1fc ./Middlewares/ST/STM32_USB_Device_Library/Class/HID/Src/usbd_hid.o
 .text.USBD_HID_SendReport
                0x08005f9c       0x44 ./Middlewares/ST/STM32_USB_Device_Library/Class/HID/Src/usbd_hid.o
                0x08005f9c                USBD_HID_SendReport
 .text.USBD_HID_GetFSCfgDesc
                0x08005fe0       0x20 ./Middlewares/ST/STM32_USB_Device_Library/Class/HID/Src/usbd_hid.o
 .text.USBD_HID_GetHSCfgDesc
                0x08006000       0x20 ./Middlewares/ST/STM32_USB_Device_Library/Class/HID/Src/usbd_hid.o
 .text.USBD_HID_GetOtherSpeedCfgDesc
                0x08006020       0x20 ./Middlewares/ST/STM32_USB_Device_Library/Class/HID/Src/usbd_hid.o
 .text.USBD_HID_DataIn
                0x08006040       0x22 ./Middlewares/ST/STM32_USB_Device_Library/Class/HID/Src/usbd_hid.o
 *fill*         0x08006062        0x2 
 .text.USBD_HID_GetDeviceQualifierDesc
                0x08006064       0x20 ./Middlewares/ST/STM32_USB_Device_Library/Class/HID/Src/usbd_hid.o
 .text.USBD_Init
                0x08006084       0x56 ./Middlewares/ST/STM32_USB_Device_Library/Core/Src/usbd_core.o
                0x08006084                USBD_Init
 .text.USBD_RegisterClass
                0x080060da       0x32 ./Middlewares/ST/STM32_USB_Device_Library/Core/Src/usbd_core.o
                0x080060da                USBD_RegisterClass
 .text.USBD_Start
                0x0800610c       0x18 ./Middlewares/ST/STM32_USB_Device_Library/Core/Src/usbd_core.o
                0x0800610c                USBD_Start
 .text.USBD_RunTestMode
                0x08006124       0x14 ./Middlewares/ST/STM32_USB_Device_Library/Core/Src/usbd_core.o
                0x08006124                USBD_RunTestMode
 .text.USBD_SetClassConfig
                0x08006138       0x3e ./Middlewares/ST/STM32_USB_Device_Library/Core/Src/usbd_core.o
                0x08006138                USBD_SetClassConfig
 .text.USBD_ClrClassConfig
                0x08006176       0x26 ./Middlewares/ST/STM32_USB_Device_Library/Core/Src/usbd_core.o
                0x08006176                USBD_ClrClassConfig
 .text.USBD_LL_SetupStage
                0x0800619c       0x9a ./Middlewares/ST/STM32_USB_Device_Library/Core/Src/usbd_core.o
                0x0800619c                USBD_LL_SetupStage
 .text.USBD_LL_DataOutStage
                0x08006236       0xe2 ./Middlewares/ST/STM32_USB_Device_Library/Core/Src/usbd_core.o
                0x08006236                USBD_LL_DataOutStage
 .text.USBD_LL_DataInStage
                0x08006318      0x14a ./Middlewares/ST/STM32_USB_Device_Library/Core/Src/usbd_core.o
                0x08006318                USBD_LL_DataInStage
 .text.USBD_LL_Reset
                0x08006462       0x82 ./Middlewares/ST/STM32_USB_Device_Library/Core/Src/usbd_core.o
                0x08006462                USBD_LL_Reset
 .text.USBD_LL_SetSpeed
                0x080064e4       0x1e ./Middlewares/ST/STM32_USB_Device_Library/Core/Src/usbd_core.o
                0x080064e4                USBD_LL_SetSpeed
 .text.USBD_LL_Suspend
                0x08006502       0x28 ./Middlewares/ST/STM32_USB_Device_Library/Core/Src/usbd_core.o
                0x08006502                USBD_LL_Suspend
 .text.USBD_LL_Resume
                0x0800652a       0x2a ./Middlewares/ST/STM32_USB_Device_Library/Core/Src/usbd_core.o
                0x0800652a                USBD_LL_Resume
 .text.USBD_LL_SOF
                0x08006554       0x34 ./Middlewares/ST/STM32_USB_Device_Library/Core/Src/usbd_core.o
                0x08006554                USBD_LL_SOF
 .text.USBD_StdDevReq
                0x08006588       0xd4 ./Middlewares/ST/STM32_USB_Device_Library/Core/Src/usbd_ctlreq.o
                0x08006588                USBD_StdDevReq
 .text.USBD_StdItfReq
                0x0800665c       0x90 ./Middlewares/ST/STM32_USB_Device_Library/Core/Src/usbd_ctlreq.o
                0x0800665c                USBD_StdItfReq
 .text.USBD_StdEPReq
                0x080066ec      0x2c6 ./Middlewares/ST/STM32_USB_Device_Library/Core/Src/usbd_ctlreq.o
                0x080066ec                USBD_StdEPReq
 *fill*         0x080069b2        0x2 
 .text.USBD_GetDescriptor
                0x080069b4      0x2d0 ./Middlewares/ST/STM32_USB_Device_Library/Core/Src/usbd_ctlreq.o
 .text.USBD_SetAddress
                0x08006c84       0x86 ./Middlewares/ST/STM32_USB_Device_Library/Core/Src/usbd_ctlreq.o
 *fill*         0x08006d0a        0x2 
 .text.USBD_SetConfig
                0x08006d0c      0x11c ./Middlewares/ST/STM32_USB_Device_Library/Core/Src/usbd_ctlreq.o
 .text.USBD_GetConfig
                0x08006e28       0x6a ./Middlewares/ST/STM32_USB_Device_Library/Core/Src/usbd_ctlreq.o
 .text.USBD_GetStatus
                0x08006e92       0x66 ./Middlewares/ST/STM32_USB_Device_Library/Core/Src/usbd_ctlreq.o
 .text.USBD_SetFeature
                0x08006ef8       0x28 ./Middlewares/ST/STM32_USB_Device_Library/Core/Src/usbd_ctlreq.o
 .text.USBD_ClrFeature
                0x08006f20       0x42 ./Middlewares/ST/STM32_USB_Device_Library/Core/Src/usbd_ctlreq.o
 .text.USBD_ParseSetupRequest
                0x08006f62       0x72 ./Middlewares/ST/STM32_USB_Device_Library/Core/Src/usbd_ctlreq.o
                0x08006f62                USBD_ParseSetupRequest
 .text.USBD_CtlError
                0x08006fd4       0x22 ./Middlewares/ST/STM32_USB_Device_Library/Core/Src/usbd_ctlreq.o
                0x08006fd4                USBD_CtlError
 .text.USBD_GetString
                0x08006ff6       0x84 ./Middlewares/ST/STM32_USB_Device_Library/Core/Src/usbd_ctlreq.o
                0x08006ff6                USBD_GetString
 .text.USBD_GetLen
                0x0800707a       0x2e ./Middlewares/ST/STM32_USB_Device_Library/Core/Src/usbd_ctlreq.o
 .text.USBD_CtlSendData
                0x080070a8       0x38 ./Middlewares/ST/STM32_USB_Device_Library/Core/Src/usbd_ioreq.o
                0x080070a8                USBD_CtlSendData
 .text.USBD_CtlContinueSendData
                0x080070e0       0x24 ./Middlewares/ST/STM32_USB_Device_Library/Core/Src/usbd_ioreq.o
                0x080070e0                USBD_CtlContinueSendData
 .text.USBD_CtlContinueRx
                0x08007104       0x24 ./Middlewares/ST/STM32_USB_Device_Library/Core/Src/usbd_ioreq.o
                0x08007104                USBD_CtlContinueRx
 .text.USBD_CtlSendStatus
                0x08007128       0x26 ./Middlewares/ST/STM32_USB_Device_Library/Core/Src/usbd_ioreq.o
                0x08007128                USBD_CtlSendStatus
 .text.USBD_CtlReceiveStatus
                0x0800714e       0x26 ./Middlewares/ST/STM32_USB_Device_Library/Core/Src/usbd_ioreq.o
                0x0800714e                USBD_CtlReceiveStatus
 .text.MX_USB_DEVICE_Init
                0x08007174       0x4c ./USB_DEVICE/App/usb_device.o
                0x08007174                MX_USB_DEVICE_Init
 .text.USBD_FS_DeviceDescriptor
                0x080071c0       0x24 ./USB_DEVICE/App/usbd_desc.o
                0x080071c0                USBD_FS_DeviceDescriptor
 .text.USBD_FS_LangIDStrDescriptor
                0x080071e4       0x24 ./USB_DEVICE/App/usbd_desc.o
                0x080071e4                USBD_FS_LangIDStrDescriptor
 .text.USBD_FS_ProductStrDescriptor
                0x08007208       0x3c ./USB_DEVICE/App/usbd_desc.o
                0x08007208                USBD_FS_ProductStrDescriptor
 .text.USBD_FS_ManufacturerStrDescriptor
                0x08007244       0x28 ./USB_DEVICE/App/usbd_desc.o
                0x08007244                USBD_FS_ManufacturerStrDescriptor
 .text.USBD_FS_SerialStrDescriptor
                0x0800726c       0x24 ./USB_DEVICE/App/usbd_desc.o
                0x0800726c                USBD_FS_SerialStrDescriptor
 .text.USBD_FS_ConfigStrDescriptor
                0x08007290       0x3c ./USB_DEVICE/App/usbd_desc.o
                0x08007290                USBD_FS_ConfigStrDescriptor
 .text.USBD_FS_InterfaceStrDescriptor
                0x080072cc       0x3c ./USB_DEVICE/App/usbd_desc.o
                0x080072cc                USBD_FS_InterfaceStrDescriptor
 .text.Get_SerialNum
                0x08007308       0x58 ./USB_DEVICE/App/usbd_desc.o
 .text.IntToUnicode
                0x08007360       0x7c ./USB_DEVICE/App/usbd_desc.o
 .text.HAL_PCD_MspInit
                0x080073dc       0x4c ./USB_DEVICE/Target/usbd_conf.o
                0x080073dc                HAL_PCD_MspInit
 .text.HAL_PCD_SetupStageCallback
                0x08007428       0x24 ./USB_DEVICE/Target/usbd_conf.o
                0x08007428                HAL_PCD_SetupStageCallback
 .text.HAL_PCD_DataOutStageCallback
                0x0800744c       0x36 ./USB_DEVICE/Target/usbd_conf.o
                0x0800744c                HAL_PCD_DataOutStageCallback
 .text.HAL_PCD_DataInStageCallback
                0x08007482       0x34 ./USB_DEVICE/Target/usbd_conf.o
                0x08007482                HAL_PCD_DataInStageCallback
 .text.HAL_PCD_SOFCallback
                0x080074b6       0x1c ./USB_DEVICE/Target/usbd_conf.o
                0x080074b6                HAL_PCD_SOFCallback
 .text.HAL_PCD_ResetCallback
                0x080074d2       0x3c ./USB_DEVICE/Target/usbd_conf.o
                0x080074d2                HAL_PCD_ResetCallback
 *fill*         0x0800750e        0x2 
 .text.HAL_PCD_SuspendCallback
                0x08007510       0x34 ./USB_DEVICE/Target/usbd_conf.o
                0x08007510                HAL_PCD_SuspendCallback
 .text.HAL_PCD_ResumeCallback
                0x08007544       0x1c ./USB_DEVICE/Target/usbd_conf.o
                0x08007544                HAL_PCD_ResumeCallback
 .text.USBD_LL_Init
                0x08007560       0x90 ./USB_DEVICE/Target/usbd_conf.o
                0x08007560                USBD_LL_Init
 .text.USBD_LL_Start
                0x080075f0       0x36 ./USB_DEVICE/Target/usbd_conf.o
                0x080075f0                USBD_LL_Start
 .text.USBD_LL_OpenEP
                0x08007626       0x4c ./USB_DEVICE/Target/usbd_conf.o
                0x08007626                USBD_LL_OpenEP
 .text.USBD_LL_CloseEP
                0x08007672       0x3e ./USB_DEVICE/Target/usbd_conf.o
                0x08007672                USBD_LL_CloseEP
 .text.USBD_LL_StallEP
                0x080076b0       0x3e ./USB_DEVICE/Target/usbd_conf.o
                0x080076b0                USBD_LL_StallEP
 .text.USBD_LL_ClearStallEP
                0x080076ee       0x3e ./USB_DEVICE/Target/usbd_conf.o
                0x080076ee                USBD_LL_ClearStallEP
 .text.USBD_LL_IsStallEP
                0x0800772c       0x56 ./USB_DEVICE/Target/usbd_conf.o
                0x0800772c                USBD_LL_IsStallEP
 .text.USBD_LL_SetUSBAddress
                0x08007782       0x3e ./USB_DEVICE/Target/usbd_conf.o
                0x08007782                USBD_LL_SetUSBAddress
 .text.USBD_LL_Transmit
                0x080077c0       0x46 ./USB_DEVICE/Target/usbd_conf.o
                0x080077c0                USBD_LL_Transmit
 .text.USBD_LL_PrepareReceive
                0x08007806       0x46 ./USB_DEVICE/Target/usbd_conf.o
                0x08007806                USBD_LL_PrepareReceive
 .text.USBD_static_malloc
                0x0800784c       0x18 ./USB_DEVICE/Target/usbd_conf.o
                0x0800784c                USBD_static_malloc
 .text.USBD_static_free
                0x08007864       0x12 ./USB_DEVICE/Target/usbd_conf.o
                0x08007864                USBD_static_free
 .text.HAL_PCDEx_SetConnectionState
                0x08007876       0x16 ./USB_DEVICE/Target/usbd_conf.o
                0x08007876                HAL_PCDEx_SetConnectionState
 .text.USBD_Get_USB_Status
                0x0800788c       0x58 ./USB_DEVICE/Target/usbd_conf.o
 .text.memset   0x080078e4       0x10 F:/st-stm32cubeide_2.1.1_28236_20260312_0043_x86_64.exe/STM32CubeIDE_2.1.1/STM32CubeIDE/plugins/com.st.stm32cube.ide.mcu.externaltools.gnu-tools-for-stm32.14.3.rel1.win32_1.0.100.202602081740/tools/bin/../lib/gcc/arm-none-eabi/14.3.1/../../../../arm-none-eabi/lib/thumb/v7-m/nofp\libc_nano.a(libc_a-memset.o)
                0x080078e4                memset
 .text.__libc_init_array
                0x080078f4       0x48 F:/st-stm32cubeide_2.1.1_28236_20260312_0043_x86_64.exe/STM32CubeIDE_2.1.1/STM32CubeIDE/plugins/com.st.stm32cube.ide.mcu.externaltools.gnu-tools-for-stm32.14.3.rel1.win32_1.0.100.202602081740/tools/bin/../lib/gcc/arm-none-eabi/14.3.1/../../../../arm-none-eabi/lib/thumb/v7-m/nofp\libc_nano.a(libc_a-init.o)
                0x080078f4                __libc_init_array
 *(.glue_7)
 .glue_7        0x0800793c        0x0 linker stubs
 *(.glue_7t)
 .glue_7t       0x0800793c        0x0 linker stubs
 *(.eh_frame)
 .eh_frame      0x0800793c        0x0 F:/st-stm32cubeide_2.1.1_28236_20260312_0043_x86_64.exe/STM32CubeIDE_2.1.1/STM32CubeIDE/plugins/com.st.stm32cube.ide.mcu.externaltools.gnu-tools-for-stm32.14.3.rel1.win32_1.0.100.202602081740/tools/bin/../lib/gcc/arm-none-eabi/14.3.1/thumb/v7-m/nofp/crtbegin.o
 *(.init)
 .init          0x0800793c        0x4 F:/st-stm32cubeide_2.1.1_28236_20260312_0043_x86_64.exe/STM32CubeIDE_2.1.1/STM32CubeIDE/plugins/com.st.stm32cube.ide.mcu.externaltools.gnu-tools-for-stm32.14.3.rel1.win32_1.0.100.202602081740/tools/bin/../lib/gcc/arm-none-eabi/14.3.1/thumb/v7-m/nofp/crti.o
                0x0800793c                _init
 .init          0x08007940        0x8 F:/st-stm32cubeide_2.1.1_28236_20260312_0043_x86_64.exe/STM32CubeIDE_2.1.1/STM32CubeIDE/plugins/com.st.stm32cube.ide.mcu.externaltools.gnu-tools-for-stm32.14.3.rel1.win32_1.0.100.202602081740/tools/bin/../lib/gcc/arm-none-eabi/14.3.1/thumb/v7-m/nofp/crtn.o
 *(.fini)
 .fini          0x08007948        0x4 F:/st-stm32cubeide_2.1.1_28236_20260312_0043_x86_64.exe/STM32CubeIDE_2.1.1/STM32CubeIDE/plugins/com.st.stm32cube.ide.mcu.externaltools.gnu-tools-for-stm32.14.3.rel1.win32_1.0.100.202602081740/tools/bin/../lib/gcc/arm-none-eabi/14.3.1/thumb/v7-m/nofp/crti.o
                0x08007948                _fini
 .fini          0x0800794c        0x8 F:/st-stm32cubeide_2.1.1_28236_20260312_0043_x86_64.exe/STM32CubeIDE_2.1.1/STM32CubeIDE/plugins/com.st.stm32cube.ide.mcu.externaltools.gnu-tools-for-stm32.14.3.rel1.win32_1.0.100.202602081740/tools/bin/../lib/gcc/arm-none-eabi/14.3.1/thumb/v7-m/nofp/crtn.o
                0x08007954                        . = ALIGN (0x4)
                0x08007954                        _etext = .

.vfp11_veneer   0x08007954        0x0
 .vfp11_veneer  0x08007954        0x0 linker stubs

.v4_bx          0x08007954        0x0
 .v4_bx         0x08007954        0x0 linker stubs

.iplt           0x08007954        0x0
 .iplt          0x08007954        0x0 F:/st-stm32cubeide_2.1.1_28236_20260312_0043_x86_64.exe/STM32CubeIDE_2.1.1/STM32CubeIDE/plugins/com.st.stm32cube.ide.mcu.externaltools.gnu-tools-for-stm32.14.3.rel1.win32_1.0.100.202602081740/tools/bin/../lib/gcc/arm-none-eabi/14.3.1/thumb/v7-m/nofp/crtbegin.o

.rodata         0x08007954      0x178
                0x08007954                        . = ALIGN (0x4)
 *(.rodata)
 .rodata        0x08007954       0x46 ./USB_DEVICE/App/usbd_desc.o
 *(.rodata*)
 *fill*         0x0800799a        0x2 
 .rodata.keymap
                0x0800799c       0x46 ./Core/Src/keyboard.o
 *fill*         0x080079e2        0x2 
 .rodata.fn_layer
                0x080079e4       0x46 ./Core/Src/keyboard.o
 *fill*         0x08007a2a        0x2 
 .rodata.row_ports
                0x08007a2c       0x14 ./Core/Src/matrix.o
 .rodata.row_pins
                0x08007a40        0xa ./Core/Src/matrix.o
 *fill*         0x08007a4a        0x2 
 .rodata.col_ports
                0x08007a4c       0x38 ./Core/Src/matrix.o
 .rodata.col_pins
                0x08007a84       0x1c ./Core/Src/matrix.o
 .rodata.AHBPrescTable
                0x08007aa0       0x10 ./Core/Src/system_stm32f1xx.o
                0x08007aa0                AHBPrescTable
 .rodata.APBPrescTable
                0x08007ab0        0x8 ./Core/Src/system_stm32f1xx.o
                0x08007ab0                APBPrescTable
 .rodata.aPLLMULFactorTable.1
                0x08007ab8       0x10 ./Drivers/STM32F1xx_HAL_Driver/Src/stm32f1xx_hal_rcc.o
 .rodata.aPredivFactorTable.0
                0x08007ac8        0x2 ./Drivers/STM32F1xx_HAL_Driver/Src/stm32f1xx_hal_rcc.o
                0x08007acc                        . = ALIGN (0x4)
 *fill*         0x08007aca        0x2 

.ARM.extab      0x08007acc        0x0
                0x08007acc                        . = ALIGN (0x4)
 *(.ARM.extab* .gnu.linkonce.armextab.*)
                0x08007acc                        . = ALIGN (0x4)

.ARM            0x08007acc        0x0
                0x08007acc                        . = ALIGN (0x4)
                0x08007acc                        __exidx_start = .
 *(.ARM.exidx*)
                0x08007acc                        __exidx_end = .
                0x08007acc                        . = ALIGN (0x4)

.preinit_array  0x08007acc        0x0
                0x08007acc                        . = ALIGN (0x4)
                0x08007acc                        PROVIDE (__preinit_array_start = .)
 *(.preinit_array*)
                0x08007acc                        PROVIDE (__preinit_array_end = .)
                0x08007acc                        . = ALIGN (0x4)

.init_array     0x08007acc        0x4
                0x08007acc                        . = ALIGN (0x4)
                0x08007acc                        PROVIDE (__init_array_start = .)
 *(SORT_BY_NAME(.init_array.*))
 *(.init_array*)
 .init_array    0x08007acc        0x4 F:/st-stm32cubeide_2.1.1_28236_20260312_0043_x86_64.exe/STM32CubeIDE_2.1.1/STM32CubeIDE/plugins/com.st.stm32cube.ide.mcu.externaltools.gnu-tools-for-stm32.14.3.rel1.win32_1.0.100.202602081740/tools/bin/../lib/gcc/arm-none-eabi/14.3.1/thumb/v7-m/nofp/crtbegin.o
                0x08007ad0                        PROVIDE (__init_array_end = .)
                0x08007ad0                        . = ALIGN (0x4)

.fini_array     0x08007ad0        0x4
                0x08007ad0                        . = ALIGN (0x4)
                [!provide]                        PROVIDE (__fini_array_start = .)
 *(SORT_BY_NAME(.fini_array.*))
 *(.fini_array*)
 .fini_array    0x08007ad0        0x4 F:/st-stm32cubeide_2.1.1_28236_20260312_0043_x86_64.exe/STM32CubeIDE_2.1.1/STM32CubeIDE/plugins/com.st.stm32cube.ide.mcu.externaltools.gnu-tools-for-stm32.14.3.rel1.win32_1.0.100.202602081740/tools/bin/../lib/gcc/arm-none-eabi/14.3.1/thumb/v7-m/nofp/crtbegin.o
                [!provide]                        PROVIDE (__fini_array_end = .)
                0x08007ad4                        . = ALIGN (0x4)
                0x08007ad4                        _sidata = LOADADDR (.data)

.rel.dyn        0x08007ad4        0x0
 .rel.iplt      0x08007ad4        0x0 F:/st-stm32cubeide_2.1.1_28236_20260312_0043_x86_64.exe/STM32CubeIDE_2.1.1/STM32CubeIDE/plugins/com.st.stm32cube.ide.mcu.externaltools.gnu-tools-for-stm32.14.3.rel1.win32_1.0.100.202602081740/tools/bin/../lib/gcc/arm-none-eabi/14.3.1/thumb/v7-m/nofp/crtbegin.o

.data           0x20000000      0x158 load address 0x08007ad4
                0x20000000                        . = ALIGN (0x4)
                0x20000000                        _sdata = .
 *(.data)
 *(.data*)
 .data.SystemCoreClock
                0x20000000        0x4 ./Core/Src/system_stm32f1xx.o
                0x20000000                SystemCoreClock
 .data.uwTickPrio
                0x20000004        0x4 ./Drivers/STM32F1xx_HAL_Driver/Src/stm32f1xx_hal.o
                0x20000004                uwTickPrio
 .data.uwTickFreq
                0x20000008        0x1 ./Drivers/STM32F1xx_HAL_Driver/Src/stm32f1xx_hal.o
                0x20000008                uwTickFreq
 *fill*         0x20000009        0x3 
 .data.USBD_HID
                0x2000000c       0x38 ./Middlewares/ST/STM32_USB_Device_Library/Class/HID/Src/usbd_hid.o
                0x2000000c                USBD_HID
 .data.USBD_HID_CfgFSDesc
                0x20000044       0x22 ./Middlewares/ST/STM32_USB_Device_Library/Class/HID/Src/usbd_hid.o
 *fill*         0x20000066        0x2 
 .data.USBD_HID_CfgHSDesc
                0x20000068       0x22 ./Middlewares/ST/STM32_USB_Device_Library/Class/HID/Src/usbd_hid.o
 *fill*         0x2000008a        0x2 
 .data.USBD_HID_OtherSpeedCfgDesc
                0x2000008c       0x22 ./Middlewares/ST/STM32_USB_Device_Library/Class/HID/Src/usbd_hid.o
 *fill*         0x200000ae        0x2 
 .data.USBD_HID_Desc
                0x200000b0        0x9 ./Middlewares/ST/STM32_USB_Device_Library/Class/HID/Src/usbd_hid.o
 *fill*         0x200000b9        0x3 
 .data.USBD_HID_DeviceQualifierDesc
                0x200000bc        0xa ./Middlewares/ST/STM32_USB_Device_Library/Class/HID/Src/usbd_hid.o
 *fill*         0x200000c6        0x2 
 .data.HID_MOUSE_ReportDesc
                0x200000c8       0x3f ./Middlewares/ST/STM32_USB_Device_Library/Class/HID/Src/usbd_hid.o
 *fill*         0x20000107        0x1 
 .data.FS_Desc  0x20000108       0x1c ./USB_DEVICE/App/usbd_desc.o
                0x20000108                FS_Desc
 .data.USBD_FS_DeviceDesc
                0x20000124       0x12 ./USB_DEVICE/App/usbd_desc.o
                0x20000124                USBD_FS_DeviceDesc
 *fill*         0x20000136        0x2 
 .data.USBD_LangIDDesc
                0x20000138        0x4 ./USB_DEVICE/App/usbd_desc.o
                0x20000138                USBD_LangIDDesc
 .data.USBD_StringSerial
                0x2000013c       0x1a ./USB_DEVICE/App/usbd_desc.o
                0x2000013c                USBD_StringSerial
 *(.RamFunc)
 *(.RamFunc*)
                0x20000158                        . = ALIGN (0x4)
 *fill*         0x20000156        0x2 
                0x20000158                        _edata = .

.igot.plt       0x20000158        0x0 load address 0x08007c2c
 .igot.plt      0x20000158        0x0 F:/st-stm32cubeide_2.1.1_28236_20260312_0043_x86_64.exe/STM32CubeIDE_2.1.1/STM32CubeIDE/plugins/com.st.stm32cube.ide.mcu.externaltools.gnu-tools-for-stm32.14.3.rel1.win32_1.0.100.202602081740/tools/bin/../lib/gcc/arm-none-eabi/14.3.1/thumb/v7-m/nofp/crtbegin.o
                0x20000158                        . = ALIGN (0x4)

.bss            0x20000158      0x944 load address 0x08007c2c
                0x20000158                        _sbss = .
                0x20000158                        __bss_start__ = _sbss
 *(.bss)
 .bss           0x20000158       0x1c F:/st-stm32cubeide_2.1.1_28236_20260312_0043_x86_64.exe/STM32CubeIDE_2.1.1/STM32CubeIDE/plugins/com.st.stm32cube.ide.mcu.externaltools.gnu-tools-for-stm32.14.3.rel1.win32_1.0.100.202602081740/tools/bin/../lib/gcc/arm-none-eabi/14.3.1/thumb/v7-m/nofp/crtbegin.o
 *(.bss*)
 .bss.debounced
                0x20000174       0x46 ./Core/Src/debounce.o
                0x20000174                debounced
 *fill*         0x200001ba        0x2 
 .bss.raw_prev  0x200001bc       0x46 ./Core/Src/debounce.o
 *fill*         0x20000202        0x2 
 .bss.counter   0x20000204       0x46 ./Core/Src/debounce.o
 *fill*         0x2000024a        0x2 
 .bss.huart1    0x2000024c       0x48 ./Core/Src/main.o
                0x2000024c                huart1
 .bss.matrix_raw
                0x20000294       0x46 ./Core/Src/matrix.o
                0x20000294                matrix_raw
 *fill*         0x200002da        0x2 
 .bss.last_report
                0x200002dc        0x8 ./Core/Src/usb_hid.o
 .bss.uwTick    0x200002e4        0x4 ./Drivers/STM32F1xx_HAL_Driver/Src/stm32f1xx_hal.o
                0x200002e4                uwTick
 .bss.cfgidx.0  0x200002e8        0x1 ./Middlewares/ST/STM32_USB_Device_Library/Core/Src/usbd_ctlreq.o
 *fill*         0x200002e9        0x3 
 .bss.hUsbDeviceFS
                0x200002ec      0x2c4 ./USB_DEVICE/App/usb_device.o
                0x200002ec                hUsbDeviceFS
 .bss.USBD_StrDesc
                0x200005b0      0x200 ./USB_DEVICE/App/usbd_desc.o
                0x200005b0                USBD_StrDesc
 .bss.hpcd_USB_FS
                0x200007b0      0x2d8 ./USB_DEVICE/Target/usbd_conf.o
                0x200007b0                hpcd_USB_FS
 .bss.mem.0     0x20000a88       0x14 ./USB_DEVICE/Target/usbd_conf.o
 *(COMMON)
                0x20000a9c                        . = ALIGN (0x4)
                0x20000a9c                        _ebss = .
                0x20000a9c                        __bss_end__ = _ebss

._user_heap_stack
                0x20000a9c      0x604 load address 0x08007c2c
                0x20000aa0                        . = ALIGN (0x8)
 *fill*         0x20000a9c        0x4 
                [!provide]                        PROVIDE (end = .)
                0x20000aa0                        PROVIDE (_end = .)
                0x20000ca0                        . = (. + _Min_Heap_Size)
 *fill*         0x20000aa0      0x200 
                0x200010a0                        . = (. + _Min_Stack_Size)
 *fill*         0x20000ca0      0x400 
                0x200010a0                        . = ALIGN (0x8)

/DISCARD/
 libc.a(*)
 libm.a(*)
 libgcc.a(*)

.ARM.attributes
                0x00000000       0x29
 *(.ARM.attributes)
 .ARM.attributes
                0x00000000       0x1d F:/st-stm32cubeide_2.1.1_28236_20260312_0043_x86_64.exe/STM32CubeIDE_2.1.1/STM32CubeIDE/plugins/com.st.stm32cube.ide.mcu.externaltools.gnu-tools-for-stm32.14.3.rel1.win32_1.0.100.202602081740/tools/bin/../lib/gcc/arm-none-eabi/14.3.1/thumb/v7-m/nofp/crti.o
 .ARM.attributes
                0x0000001d       0x2d F:/st-stm32cubeide_2.1.1_28236_20260312_0043_x86_64.exe/STM32CubeIDE_2.1.1/STM32CubeIDE/plugins/com.st.stm32cube.ide.mcu.externaltools.gnu-tools-for-stm32.14.3.rel1.win32_1.0.100.202602081740/tools/bin/../lib/gcc/arm-none-eabi/14.3.1/thumb/v7-m/nofp/crtbegin.o
 .ARM.attributes
                0x0000004a       0x2d ./Core/Src/debounce.o
 .ARM.attributes
                0x00000077       0x2d ./Core/Src/keyboard.o
 .ARM.attributes
                0x000000a4       0x2d ./Core/Src/main.o
 .ARM.attributes
                0x000000d1       0x2d ./Core/Src/matrix.o
 .ARM.attributes
                0x000000fe       0x2d ./Core/Src/stm32f1xx_hal_msp.o
 .ARM.attributes
                0x0000012b       0x2d ./Core/Src/stm32f1xx_it.o
 .ARM.attributes
                0x00000158       0x2d ./Core/Src/system_stm32f1xx.o
 .ARM.attributes
                0x00000185       0x2d ./Core/Src/usb_hid.o
 .ARM.attributes
                0x000001b2       0x21 ./Core/Startup/startup_stm32f103c8tx.o
 .ARM.attributes
                0x000001d3       0x2d ./Drivers/STM32F1xx_HAL_Driver/Src/stm32f1xx_hal.o
 .ARM.attributes
                0x00000200       0x2d ./Drivers/STM32F1xx_HAL_Driver/Src/stm32f1xx_hal_cortex.o
 .ARM.attributes
                0x0000022d       0x2d ./Drivers/STM32F1xx_HAL_Driver/Src/stm32f1xx_hal_gpio.o
 .ARM.attributes
                0x0000025a       0x2d ./Drivers/STM32F1xx_HAL_Driver/Src/stm32f1xx_hal_pcd.o
 .ARM.attributes
                0x00000287       0x2d ./Drivers/STM32F1xx_HAL_Driver/Src/stm32f1xx_hal_pcd_ex.o
 .ARM.attributes
                0x000002b4       0x2d ./Drivers/STM32F1xx_HAL_Driver/Src/stm32f1xx_hal_rcc.o
 .ARM.attributes
                0x000002e1       0x2d ./Drivers/STM32F1xx_HAL_Driver/Src/stm32f1xx_hal_rcc_ex.o
 .ARM.attributes
                0x0000030e       0x2d ./Drivers/STM32F1xx_HAL_Driver/Src/stm32f1xx_hal_uart.o
 .ARM.attributes
                0x0000033b       0x2d ./Drivers/STM32F1xx_HAL_Driver/Src/stm32f1xx_ll_usb.o
 .ARM.attributes
                0x00000368       0x2d ./Middlewares/ST/STM32_USB_Device_Library/Class/HID/Src/usbd_hid.o
 .ARM.attributes
                0x00000395       0x2d ./Middlewares/ST/STM32_USB_Device_Library/Core/Src/usbd_core.o
 .ARM.attributes
                0x000003c2       0x2d ./Middlewares/ST/STM32_USB_Device_Library/Core/Src/usbd_ctlreq.o
 .ARM.attributes
                0x000003ef       0x2d ./Middlewares/ST/STM32_USB_Device_Library/Core/Src/usbd_ioreq.o
 .ARM.attributes
                0x0000041c       0x2d ./USB_DEVICE/App/usb_device.o
 .ARM.attributes
                0x00000449       0x2d ./USB_DEVICE/App/usbd_desc.o
 .ARM.attributes
                0x00000476       0x2d ./USB_DEVICE/Target/usbd_conf.o
 .ARM.attributes
                0x000004a3       0x2d F:/st-stm32cubeide_2.1.1_28236_20260312_0043_x86_64.exe/STM32CubeIDE_2.1.1/STM32CubeIDE/plugins/com.st.stm32cube.ide.mcu.externaltools.gnu-tools-for-stm32.14.3.rel1.win32_1.0.100.202602081740/tools/bin/../lib/gcc/arm-none-eabi/14.3.1/../../../../arm-none-eabi/lib/thumb/v7-m/nofp\libc_nano.a(libc_a-memset.o)
 .ARM.attributes
                0x000004d0       0x2d F:/st-stm32cubeide_2.1.1_28236_20260312_0043_x86_64.exe/STM32CubeIDE_2.1.1/STM32CubeIDE/plugins/com.st.stm32cube.ide.mcu.externaltools.gnu-tools-for-stm32.14.3.rel1.win32_1.0.100.202602081740/tools/bin/../lib/gcc/arm-none-eabi/14.3.1/../../../../arm-none-eabi/lib/thumb/v7-m/nofp\libc_nano.a(libc_a-init.o)
 .ARM.attributes
                0x000004fd       0x1d F:/st-stm32cubeide_2.1.1_28236_20260312_0043_x86_64.exe/STM32CubeIDE_2.1.1/STM32CubeIDE/plugins/com.st.stm32cube.ide.mcu.externaltools.gnu-tools-for-stm32.14.3.rel1.win32_1.0.100.202602081740/tools/bin/../lib/gcc/arm-none-eabi/14.3.1/thumb/v7-m/nofp/crtn.o
OUTPUT(keyboard_60pct.elf elf32-littlearm)
LOAD linker stubs
LOAD F:/st-stm32cubeide_2.1.1_28236_20260312_0043_x86_64.exe/STM32CubeIDE_2.1.1/STM32CubeIDE/plugins/com.st.stm32cube.ide.mcu.externaltools.gnu-tools-for-stm32.14.3.rel1.win32_1.0.100.202602081740/tools/bin/../lib/gcc/arm-none-eabi/14.3.1/../../../../arm-none-eabi/lib/thumb/v7-m/nofp\libc.a
LOAD F:/st-stm32cubeide_2.1.1_28236_20260312_0043_x86_64.exe/STM32CubeIDE_2.1.1/STM32CubeIDE/plugins/com.st.stm32cube.ide.mcu.externaltools.gnu-tools-for-stm32.14.3.rel1.win32_1.0.100.202602081740/tools/bin/../lib/gcc/arm-none-eabi/14.3.1/../../../../arm-none-eabi/lib/thumb/v7-m/nofp\libm.a
LOAD F:/st-stm32cubeide_2.1.1_28236_20260312_0043_x86_64.exe/STM32CubeIDE_2.1.1/STM32CubeIDE/plugins/com.st.stm32cube.ide.mcu.externaltools.gnu-tools-for-stm32.14.3.rel1.win32_1.0.100.202602081740/tools/bin/../lib/gcc/arm-none-eabi/14.3.1/thumb/v7-m/nofp\libgcc.a

.debug_info     0x00000000     0xf74a
 .debug_info    0x00000000      0x17e ./Core/Src/debounce.o
 .debug_info    0x0000017e      0x5ef ./Core/Src/keyboard.o
 .debug_info    0x0000076d      0xa8e ./Core/Src/main.o
 .debug_info    0x000011fb      0x2f2 ./Core/Src/matrix.o
 .debug_info    0x000014ed      0x7f8 ./Core/Src/stm32f1xx_hal_msp.o
 .debug_info    0x00001ce5      0x602 ./Core/Src/stm32f1xx_it.o
 .debug_info    0x000022e7      0x222 ./Core/Src/system_stm32f1xx.o
 .debug_info    0x00002509      0x5fc ./Core/Src/usb_hid.o
 .debug_info    0x00002b05       0x30 ./Core/Startup/startup_stm32f103c8tx.o
 .debug_info    0x00002b35      0x704 ./Drivers/STM32F1xx_HAL_Driver/Src/stm32f1xx_hal.o
 .debug_info    0x00003239      0xa87 ./Drivers/STM32F1xx_HAL_Driver/Src/stm32f1xx_hal_cortex.o
 .debug_info    0x00003cc0      0x5ab ./Drivers/STM32F1xx_HAL_Driver/Src/stm32f1xx_hal_gpio.o
 .debug_info    0x0000426b     0x16dc ./Drivers/STM32F1xx_HAL_Driver/Src/stm32f1xx_hal_pcd.o
 .debug_info    0x00005947      0x6c3 ./Drivers/STM32F1xx_HAL_Driver/Src/stm32f1xx_hal_pcd_ex.o
 .debug_info    0x0000600a      0x7d5 ./Drivers/STM32F1xx_HAL_Driver/Src/stm32f1xx_hal_rcc.o
 .debug_info    0x000067df      0x3c0 ./Drivers/STM32F1xx_HAL_Driver/Src/stm32f1xx_hal_rcc_ex.o
 .debug_info    0x00006b9f     0x2eed ./Drivers/STM32F1xx_HAL_Driver/Src/stm32f1xx_hal_uart.o
 .debug_info    0x00009a8c     0x17ae ./Drivers/STM32F1xx_HAL_Driver/Src/stm32f1xx_ll_usb.o
 .debug_info    0x0000b23a      0x92a ./Middlewares/ST/STM32_USB_Device_Library/Class/HID/Src/usbd_hid.o
 .debug_info    0x0000bb64      0xa52 ./Middlewares/ST/STM32_USB_Device_Library/Core/Src/usbd_core.o
 .debug_info    0x0000c5b6      0x91c ./Middlewares/ST/STM32_USB_Device_Library/Core/Src/usbd_ctlreq.o
 .debug_info    0x0000ced2      0x6a0 ./Middlewares/ST/STM32_USB_Device_Library/Core/Src/usbd_ioreq.o
 .debug_info    0x0000d572      0x53a ./USB_DEVICE/App/usb_device.o
 .debug_info    0x0000daac      0x44a ./USB_DEVICE/App/usbd_desc.o
 .debug_info    0x0000def6     0x1854 ./USB_DEVICE/Target/usbd_conf.o

.debug_abbrev   0x00000000     0x30a8
 .debug_abbrev  0x00000000       0xf8 ./Core/Src/debounce.o
 .debug_abbrev  0x000000f8      0x1e8 ./Core/Src/keyboard.o
 .debug_abbrev  0x000002e0      0x26e ./Core/Src/main.o
 .debug_abbrev  0x0000054e      0x185 ./Core/Src/matrix.o
 .debug_abbrev  0x000006d3      0x1ab ./Core/Src/stm32f1xx_hal_msp.o
 .debug_abbrev  0x0000087e      0x192 ./Core/Src/stm32f1xx_it.o
 .debug_abbrev  0x00000a10      0x13f ./Core/Src/system_stm32f1xx.o
 .debug_abbrev  0x00000b4f      0x1b4 ./Core/Src/usb_hid.o
 .debug_abbrev  0x00000d03       0x24 ./Core/Startup/startup_stm32f103c8tx.o
 .debug_abbrev  0x00000d27      0x201 ./Drivers/STM32F1xx_HAL_Driver/Src/stm32f1xx_hal.o
 .debug_abbrev  0x00000f28      0x2f8 ./Drivers/STM32F1xx_HAL_Driver/Src/stm32f1xx_hal_cortex.o
 .debug_abbrev  0x00001220      0x1ca ./Drivers/STM32F1xx_HAL_Driver/Src/stm32f1xx_hal_gpio.o
 .debug_abbrev  0x000013ea      0x2d6 ./Drivers/STM32F1xx_HAL_Driver/Src/stm32f1xx_hal_pcd.o
 .debug_abbrev  0x000016c0      0x189 ./Drivers/STM32F1xx_HAL_Driver/Src/stm32f1xx_hal_pcd_ex.o
 .debug_abbrev  0x00001849      0x2b3 ./Drivers/STM32F1xx_HAL_Driver/Src/stm32f1xx_hal_rcc.o
 .debug_abbrev  0x00001afc      0x188 ./Drivers/STM32F1xx_HAL_Driver/Src/stm32f1xx_hal_rcc_ex.o
 .debug_abbrev  0x00001c84      0x2f8 ./Drivers/STM32F1xx_HAL_Driver/Src/stm32f1xx_hal_uart.o
 .debug_abbrev  0x00001f7c      0x1de ./Drivers/STM32F1xx_HAL_Driver/Src/stm32f1xx_ll_usb.o
 .debug_abbrev  0x0000215a      0x26a ./Middlewares/ST/STM32_USB_Device_Library/Class/HID/Src/usbd_hid.o
 .debug_abbrev  0x000023c4      0x24a ./Middlewares/ST/STM32_USB_Device_Library/Core/Src/usbd_core.o
 .debug_abbrev  0x0000260e      0x26b ./Middlewares/ST/STM32_USB_Device_Library/Core/Src/usbd_ctlreq.o
 .debug_abbrev  0x00002879      0x192 ./Middlewares/ST/STM32_USB_Device_Library/Core/Src/usbd_ioreq.o
 .debug_abbrev  0x00002a0b      0x188 ./USB_DEVICE/App/usb_device.o
 .debug_abbrev  0x00002b93      0x1ff ./USB_DEVICE/App/usbd_desc.o
 .debug_abbrev  0x00002d92      0x316 ./USB_DEVICE/Target/usbd_conf.o

.debug_aranges  0x00000000      0xcd0
 .debug_aranges
                0x00000000       0x28 ./Core/Src/debounce.o
 .debug_aranges
                0x00000028       0x30 ./Core/Src/keyboard.o
 .debug_aranges
                0x00000058       0x40 ./Core/Src/main.o
 .debug_aranges
                0x00000098       0x28 ./Core/Src/matrix.o
 .debug_aranges
                0x000000c0       0x30 ./Core/Src/stm32f1xx_hal_msp.o
 .debug_aranges
                0x000000f0       0x68 ./Core/Src/stm32f1xx_it.o
 .debug_aranges
                0x00000158       0x28 ./Core/Src/system_stm32f1xx.o
 .debug_aranges
                0x00000180       0x28 ./Core/Src/usb_hid.o
 .debug_aranges
                0x000001a8       0x28 ./Core/Startup/startup_stm32f103c8tx.o
 .debug_aranges
                0x000001d0       0xe0 ./Drivers/STM32F1xx_HAL_Driver/Src/stm32f1xx_hal.o
 .debug_aranges
                0x000002b0      0x100 ./Drivers/STM32F1xx_HAL_Driver/Src/stm32f1xx_hal_cortex.o
 .debug_aranges
                0x000003b0       0x58 ./Drivers/STM32F1xx_HAL_Driver/Src/stm32f1xx_hal_gpio.o
 .debug_aranges
                0x00000408      0x140 ./Drivers/STM32F1xx_HAL_Driver/Src/stm32f1xx_hal_pcd.o
 .debug_aranges
                0x00000548       0x38 ./Drivers/STM32F1xx_HAL_Driver/Src/stm32f1xx_hal_pcd_ex.o
 .debug_aranges
                0x00000580       0x90 ./Drivers/STM32F1xx_HAL_Driver/Src/stm32f1xx_hal_rcc.o
 .debug_aranges
                0x00000610       0x30 ./Drivers/STM32F1xx_HAL_Driver/Src/stm32f1xx_hal_rcc_ex.o
 .debug_aranges
                0x00000640      0x208 ./Drivers/STM32F1xx_HAL_Driver/Src/stm32f1xx_hal_uart.o
 .debug_aranges
                0x00000848       0xf8 ./Drivers/STM32F1xx_HAL_Driver/Src/stm32f1xx_ll_usb.o
 .debug_aranges
                0x00000940       0x68 ./Middlewares/ST/STM32_USB_Device_Library/Class/HID/Src/usbd_hid.o
 .debug_aranges
                0x000009a8       0xb8 ./Middlewares/ST/STM32_USB_Device_Library/Core/Src/usbd_core.o
 .debug_aranges
                0x00000a60       0x88 ./Middlewares/ST/STM32_USB_Device_Library/Core/Src/usbd_ctlreq.o
 .debug_aranges
                0x00000ae8       0x50 ./Middlewares/ST/STM32_USB_Device_Library/Core/Src/usbd_ioreq.o
 .debug_aranges
                0x00000b38       0x20 ./USB_DEVICE/App/usb_device.o
 .debug_aranges
                0x00000b58       0x60 ./USB_DEVICE/App/usbd_desc.o
 .debug_aranges
                0x00000bb8      0x118 ./USB_DEVICE/Target/usbd_conf.o

.debug_rnglists
                0x00000000      0x989
 .debug_rnglists
                0x00000000       0x1a ./Core/Src/debounce.o
 .debug_rnglists
                0x0000001a       0x20 ./Core/Src/keyboard.o
 .debug_rnglists
                0x0000003a       0x2d ./Core/Src/main.o
 .debug_rnglists
                0x00000067       0x1a ./Core/Src/matrix.o
 .debug_rnglists
                0x00000081       0x20 ./Core/Src/stm32f1xx_hal_msp.o
 .debug_rnglists
                0x000000a1       0x49 ./Core/Src/stm32f1xx_it.o
 .debug_rnglists
                0x000000ea       0x1a ./Core/Src/system_stm32f1xx.o
 .debug_rnglists
                0x00000104       0x19 ./Core/Src/usb_hid.o
 .debug_rnglists
                0x0000011d       0x19 ./Core/Startup/startup_stm32f103c8tx.o
 .debug_rnglists
                0x00000136       0xa3 ./Drivers/STM32F1xx_HAL_Driver/Src/stm32f1xx_hal.o
 .debug_rnglists
                0x000001d9       0xbb ./Drivers/STM32F1xx_HAL_Driver/Src/stm32f1xx_hal_cortex.o
 .debug_rnglists
                0x00000294       0x3f ./Drivers/STM32F1xx_HAL_Driver/Src/stm32f1xx_hal_gpio.o
 .debug_rnglists
                0x000002d3       0xf4 ./Drivers/STM32F1xx_HAL_Driver/Src/stm32f1xx_hal_pcd.o
 .debug_rnglists
                0x000003c7       0x26 ./Drivers/STM32F1xx_HAL_Driver/Src/stm32f1xx_hal_pcd_ex.o
 .debug_rnglists
                0x000003ed       0x6c ./Drivers/STM32F1xx_HAL_Driver/Src/stm32f1xx_hal_rcc.o
 .debug_rnglists
                0x00000459       0x21 ./Drivers/STM32F1xx_HAL_Driver/Src/stm32f1xx_hal_rcc_ex.o
 .debug_rnglists
                0x0000047a      0x1bc ./Drivers/STM32F1xx_HAL_Driver/Src/stm32f1xx_hal_uart.o
 .debug_rnglists
                0x00000636       0xbd ./Drivers/STM32F1xx_HAL_Driver/Src/stm32f1xx_ll_usb.o
 .debug_rnglists
                0x000006f3       0x4a ./Middlewares/ST/STM32_USB_Device_Library/Class/HID/Src/usbd_hid.o
 .debug_rnglists
                0x0000073d       0x89 ./Middlewares/ST/STM32_USB_Device_Library/Core/Src/usbd_core.o
 .debug_rnglists
                0x000007c6       0x68 ./Middlewares/ST/STM32_USB_Device_Library/Core/Src/usbd_ctlreq.o
 .debug_rnglists
                0x0000082e       0x37 ./Middlewares/ST/STM32_USB_Device_Library/Core/Src/usbd_ioreq.o
 .debug_rnglists
                0x00000865       0x13 ./USB_DEVICE/App/usb_device.o
 .debug_rnglists
                0x00000878       0x43 ./USB_DEVICE/App/usbd_desc.o
 .debug_rnglists
                0x000008bb       0xce ./USB_DEVICE/Target/usbd_conf.o

.debug_macro    0x00000000    0x19f2f
 .debug_macro   0x00000000      0x153 ./Core/Src/debounce.o
 .debug_macro   0x00000153      0xacc ./Core/Src/debounce.o
 .debug_macro   0x00000c1f       0x22 ./Core/Src/debounce.o
 .debug_macro   0x00000c41       0x8e ./Core/Src/debounce.o
 .debug_macro   0x00000ccf       0x51 ./Core/Src/debounce.o
 .debug_macro   0x00000d20      0x103 ./Core/Src/debounce.o
 .debug_macro   0x00000e23       0x6a ./Core/Src/debounce.o
 .debug_macro   0x00000e8d      0x1df ./Core/Src/debounce.o
 .debug_macro   0x0000106c       0x3a ./Core/Src/debounce.o
 .debug_macro   0x000010a6       0x61 ./Core/Src/debounce.o
 .debug_macro   0x00001107       0x24 ./Core/Src/debounce.o
 .debug_macro   0x0000112b       0x43 ./Core/Src/debounce.o
 .debug_macro   0x0000116e       0x34 ./Core/Src/debounce.o
 .debug_macro   0x000011a2      0x190 ./Core/Src/debounce.o
 .debug_macro   0x00001332      0x364 ./Core/Src/debounce.o
 .debug_macro   0x00001696       0x16 ./Core/Src/debounce.o
 .debug_macro   0x000016ac       0x4a ./Core/Src/debounce.o
 .debug_macro   0x000016f6       0x34 ./Core/Src/debounce.o
 .debug_macro   0x0000172a       0x10 ./Core/Src/debounce.o
 .debug_macro   0x0000173a       0x58 ./Core/Src/debounce.o
 .debug_macro   0x00001792       0x8e ./Core/Src/debounce.o
 .debug_macro   0x00001820       0x1c ./Core/Src/debounce.o
 .debug_macro   0x0000183c      0x17e ./Core/Src/debounce.o
 .debug_macro   0x000019ba       0x10 ./Core/Src/debounce.o
 .debug_macro   0x000019ca       0x3c ./Core/Src/debounce.o
 .debug_macro   0x00001a06       0x20 ./Core/Src/debounce.o
 .debug_macro   0x00001a26      0x59b ./Core/Src/keyboard.o
 .debug_macro   0x00001fc1       0x40 ./Core/Src/keyboard.o
 .debug_macro   0x00002001       0x16 ./Core/Src/keyboard.o
 .debug_macro   0x00002017       0x9e ./Core/Src/keyboard.o
 .debug_macro   0x000020b5      0x112 ./Core/Src/keyboard.o
 .debug_macro   0x000021c7       0x10 ./Core/Src/keyboard.o
 .debug_macro   0x000021d7       0x16 ./Core/Src/keyboard.o
 .debug_macro   0x000021ed       0x16 ./Core/Src/keyboard.o
 .debug_macro   0x00002203      0x146 ./Core/Src/keyboard.o
 .debug_macro   0x00002349       0x16 ./Core/Src/keyboard.o
 .debug_macro   0x0000235f       0x16 ./Core/Src/keyboard.o
 .debug_macro   0x00002375       0x29 ./Core/Src/keyboard.o
 .debug_macro   0x0000239e       0x16 ./Core/Src/keyboard.o
 .debug_macro   0x000023b4      0x21b ./Core/Src/keyboard.o
 .debug_macro   0x000025cf       0x2e ./Core/Src/keyboard.o
 .debug_macro   0x000025fd       0x22 ./Core/Src/keyboard.o
 .debug_macro   0x0000261f       0x1c ./Core/Src/keyboard.o
 .debug_macro   0x0000263b       0x22 ./Core/Src/keyboard.o
 .debug_macro   0x0000265d       0xbd ./Core/Src/keyboard.o
 .debug_macro   0x0000271a      0xd23 ./Core/Src/keyboard.o
 .debug_macro   0x0000343d     0xe09e ./Core/Src/keyboard.o
 .debug_macro   0x000114db       0x6d ./Core/Src/keyboard.o
 .debug_macro   0x00011548     0x34a2 ./Core/Src/keyboard.o
 .debug_macro   0x000149ea       0x56 ./Core/Src/keyboard.o
 .debug_macro   0x00014a40      0x5bc ./Core/Src/keyboard.o
 .debug_macro   0x00014ffc      0x289 ./Core/Src/keyboard.o
 .debug_macro   0x00015285      0x1cb ./Core/Src/keyboard.o
 .debug_macro   0x00015450      0x114 ./Core/Src/keyboard.o
 .debug_macro   0x00015564      0x1b2 ./Core/Src/keyboard.o
 .debug_macro   0x00015716       0x27 ./Core/Src/keyboard.o
 .debug_macro   0x0001573d      0x136 ./Core/Src/keyboard.o
 .debug_macro   0x00015873      0x1bc ./Core/Src/keyboard.o
 .debug_macro   0x00015a2f       0x34 ./Core/Src/keyboard.o
 .debug_macro   0x00015a63       0x3c ./Core/Src/keyboard.o
 .debug_macro   0x00015a9f       0x57 ./Core/Src/keyboard.o
 .debug_macro   0x00015af6       0x87 ./Core/Src/keyboard.o
 .debug_macro   0x00015b7d      0x240 ./Core/Src/keyboard.o
 .debug_macro   0x00015dbd      0x140 ./Core/Src/keyboard.o
 .debug_macro   0x00015efd      0x28e ./Core/Src/keyboard.o
 .debug_macro   0x0001618b       0xb7 ./Core/Src/keyboard.o
 .debug_macro   0x00016242      0x242 ./Core/Src/keyboard.o
 .debug_macro   0x00016484       0x83 ./Core/Src/keyboard.o
 .debug_macro   0x00016507       0x5f ./Core/Src/keyboard.o
 .debug_macro   0x00016566      0x1c8 ./Core/Src/keyboard.o
 .debug_macro   0x0001672e       0x64 ./Core/Src/keyboard.o
 .debug_macro   0x00016792      0x38b ./Core/Src/main.o
 .debug_macro   0x00016b1d       0x5c ./Core/Src/main.o
 .debug_macro   0x00016b79      0x1c5 ./Core/Src/matrix.o
 .debug_macro   0x00016d3e      0x1bc ./Core/Src/stm32f1xx_hal_msp.o
 .debug_macro   0x00016efa      0x1c6 ./Core/Src/stm32f1xx_it.o
 .debug_macro   0x000170c0      0x1b2 ./Core/Src/system_stm32f1xx.o
 .debug_macro   0x00017272      0x36a ./Core/Src/usb_hid.o
 .debug_macro   0x000175dc       0x3a ./Core/Src/usb_hid.o
 .debug_macro   0x00017616      0x1d6 ./Drivers/STM32F1xx_HAL_Driver/Src/stm32f1xx_hal.o
 .debug_macro   0x000177ec      0x1b2 ./Drivers/STM32F1xx_HAL_Driver/Src/stm32f1xx_hal_cortex.o
 .debug_macro   0x0001799e      0x21d ./Drivers/STM32F1xx_HAL_Driver/Src/stm32f1xx_hal_gpio.o
 .debug_macro   0x00017bbb      0x1be ./Drivers/STM32F1xx_HAL_Driver/Src/stm32f1xx_hal_pcd.o
 .debug_macro   0x00017d79      0x1b2 ./Drivers/STM32F1xx_HAL_Driver/Src/stm32f1xx_hal_pcd_ex.o
 .debug_macro   0x00017f2b      0x1c4 ./Drivers/STM32F1xx_HAL_Driver/Src/stm32f1xx_hal_rcc.o
 .debug_macro   0x000180ef      0x1b2 ./Drivers/STM32F1xx_HAL_Driver/Src/stm32f1xx_hal_rcc_ex.o
 .debug_macro   0x000182a1      0x1b3 ./Drivers/STM32F1xx_HAL_Driver/Src/stm32f1xx_hal_uart.o
 .debug_macro   0x00018454      0x1b2 ./Drivers/STM32F1xx_HAL_Driver/Src/stm32f1xx_ll_usb.o
 .debug_macro   0x00018606      0x34b ./Middlewares/ST/STM32_USB_Device_Library/Class/HID/Src/usbd_hid.o
 .debug_macro   0x00018951      0x332 ./Middlewares/ST/STM32_USB_Device_Library/Core/Src/usbd_core.o
 .debug_macro   0x00018c83      0x1ce ./Middlewares/ST/STM32_USB_Device_Library/Core/Src/usbd_core.o
 .debug_macro   0x00018e51      0x33c ./Middlewares/ST/STM32_USB_Device_Library/Core/Src/usbd_ctlreq.o
 .debug_macro   0x0001918d      0x338 ./Middlewares/ST/STM32_USB_Device_Library/Core/Src/usbd_ioreq.o
 .debug_macro   0x000194c5      0x368 ./USB_DEVICE/App/usb_device.o
 .debug_macro   0x0001982d       0x22 ./USB_DEVICE/App/usb_device.o
 .debug_macro   0x0001984f      0x36f ./USB_DEVICE/App/usbd_desc.o
 .debug_macro   0x00019bbe       0x1c ./USB_DEVICE/App/usbd_desc.o
 .debug_macro   0x00019bda      0x355 ./USB_DEVICE/Target/usbd_conf.o

.debug_line     0x00000000    0x1291d
 .debug_line    0x00000000      0x678 ./Core/Src/debounce.o
 .debug_line    0x00000678      0xad9 ./Core/Src/keyboard.o
 .debug_line    0x00001151      0xb9e ./Core/Src/main.o
 .debug_line    0x00001cef      0x7da ./Core/Src/matrix.o
 .debug_line    0x000024c9      0x79b ./Core/Src/stm32f1xx_hal_msp.o
 .debug_line    0x00002c64      0x80e ./Core/Src/stm32f1xx_it.o
 .debug_line    0x00003472      0x7c6 ./Core/Src/system_stm32f1xx.o
 .debug_line    0x00003c38      0xa5f ./Core/Src/usb_hid.o
 .debug_line    0x00004697       0x78 ./Core/Startup/startup_stm32f103c8tx.o
 .debug_line    0x0000470f      0x9fa ./Drivers/STM32F1xx_HAL_Driver/Src/stm32f1xx_hal.o
 .debug_line    0x00005109      0xbc1 ./Drivers/STM32F1xx_HAL_Driver/Src/stm32f1xx_hal_cortex.o
 .debug_line    0x00005cca      0xa51 ./Drivers/STM32F1xx_HAL_Driver/Src/stm32f1xx_hal_gpio.o
 .debug_line    0x0000671b     0x137f ./Drivers/STM32F1xx_HAL_Driver/Src/stm32f1xx_hal_pcd.o
 .debug_line    0x00007a9a      0x7c1 ./Drivers/STM32F1xx_HAL_Driver/Src/stm32f1xx_hal_pcd_ex.o
 .debug_line    0x0000825b      0xeb0 ./Drivers/STM32F1xx_HAL_Driver/Src/stm32f1xx_hal_rcc.o
 .debug_line    0x0000910b      0x961 ./Drivers/STM32F1xx_HAL_Driver/Src/stm32f1xx_hal_rcc_ex.o
 .debug_line    0x00009a6c     0x2513 ./Drivers/STM32F1xx_HAL_Driver/Src/stm32f1xx_hal_uart.o
 .debug_line    0x0000bf7f     0x1167 ./Drivers/STM32F1xx_HAL_Driver/Src/stm32f1xx_ll_usb.o
 .debug_line    0x0000d0e6      0xc3b ./Middlewares/ST/STM32_USB_Device_Library/Class/HID/Src/usbd_hid.o
 .debug_line    0x0000dd21      0xdd8 ./Middlewares/ST/STM32_USB_Device_Library/Core/Src/usbd_core.o
 .debug_line    0x0000eaf9     0x1022 ./Middlewares/ST/STM32_USB_Device_Library/Core/Src/usbd_ctlreq.o
 .debug_line    0x0000fb1b      0xa8e ./Middlewares/ST/STM32_USB_Device_Library/Core/Src/usbd_ioreq.o
 .debug_line    0x000105a9      0xa3f ./USB_DEVICE/App/usb_device.o
 .debug_line    0x00010fe8      0xb07 ./USB_DEVICE/App/usbd_desc.o
 .debug_line    0x00011aef      0xe2e ./USB_DEVICE/Target/usbd_conf.o

.debug_str      0x00000000    0x87143
 .debug_str     0x00000000    0x87143 ./Core/Src/debounce.o
                               0x7319 (size before relaxing)
 .debug_str     0x00087143    0x840da ./Core/Src/keyboard.o
 .debug_str     0x00087143    0x8402b ./Core/Src/main.o
 .debug_str     0x00087143    0x7f4c4 ./Core/Src/matrix.o
 .debug_str     0x00087143    0x7f883 ./Core/Src/stm32f1xx_hal_msp.o
 .debug_str     0x00087143    0x7f7dd ./Core/Src/stm32f1xx_it.o
 .debug_str     0x00087143    0x7f429 ./Core/Src/system_stm32f1xx.o
 .debug_str     0x00087143    0x83c4b ./Core/Src/usb_hid.o
 .debug_str     0x00087143       0x6b ./Core/Startup/startup_stm32f103c8tx.o
 .debug_str     0x00087143    0x7fb5c ./Drivers/STM32F1xx_HAL_Driver/Src/stm32f1xx_hal.o
 .debug_str     0x00087143    0x7faa8 ./Drivers/STM32F1xx_HAL_Driver/Src/stm32f1xx_hal_cortex.o
 .debug_str     0x00087143    0x7f7af ./Drivers/STM32F1xx_HAL_Driver/Src/stm32f1xx_hal_gpio.o
 .debug_str     0x00087143    0x7fd46 ./Drivers/STM32F1xx_HAL_Driver/Src/stm32f1xx_hal_pcd.o
 .debug_str     0x00087143    0x7f8a8 ./Drivers/STM32F1xx_HAL_Driver/Src/stm32f1xx_hal_pcd_ex.o
 .debug_str     0x00087143    0x7f858 ./Drivers/STM32F1xx_HAL_Driver/Src/stm32f1xx_hal_rcc.o
 .debug_str     0x00087143    0x7f5a8 ./Drivers/STM32F1xx_HAL_Driver/Src/stm32f1xx_hal_rcc_ex.o
 .debug_str     0x00087143    0x7fec9 ./Drivers/STM32F1xx_HAL_Driver/Src/stm32f1xx_hal_uart.o
 .debug_str     0x00087143    0x7f8fa ./Drivers/STM32F1xx_HAL_Driver/Src/stm32f1xx_ll_usb.o
 .debug_str     0x00087143    0x83dd1 ./Middlewares/ST/STM32_USB_Device_Library/Class/HID/Src/usbd_hid.o
 .debug_str     0x00087143    0x83c4a ./Middlewares/ST/STM32_USB_Device_Library/Core/Src/usbd_core.o
 .debug_str     0x00087143    0x83b64 ./Middlewares/ST/STM32_USB_Device_Library/Core/Src/usbd_ctlreq.o
 .debug_str     0x00087143    0x83a91 ./Middlewares/ST/STM32_USB_Device_Library/Core/Src/usbd_ioreq.o
 .debug_str     0x00087143    0x83c28 ./USB_DEVICE/App/usb_device.o
 .debug_str     0x00087143    0x839cd ./USB_DEVICE/App/usbd_desc.o
 .debug_str     0x00087143    0x84766 ./USB_DEVICE/Target/usbd_conf.o

.comment        0x00000000       0x43
 .comment       0x00000000       0x43 ./Core/Src/debounce.o
                                 0x44 (size before relaxing)
 .comment       0x00000043       0x44 ./Core/Src/keyboard.o
 .comment       0x00000043       0x44 ./Core/Src/main.o
 .comment       0x00000043       0x44 ./Core/Src/matrix.o
 .comment       0x00000043       0x44 ./Core/Src/stm32f1xx_hal_msp.o
 .comment       0x00000043       0x44 ./Core/Src/stm32f1xx_it.o
 .comment       0x00000043       0x44 ./Core/Src/system_stm32f1xx.o
 .comment       0x00000043       0x44 ./Core/Src/usb_hid.o
 .comment       0x00000043       0x44 ./Drivers/STM32F1xx_HAL_Driver/Src/stm32f1xx_hal.o
 .comment       0x00000043       0x44 ./Drivers/STM32F1xx_HAL_Driver/Src/stm32f1xx_hal_cortex.o
 .comment       0x00000043       0x44 ./Drivers/STM32F1xx_HAL_Driver/Src/stm32f1xx_hal_gpio.o
 .comment       0x00000043       0x44 ./Drivers/STM32F1xx_HAL_Driver/Src/stm32f1xx_hal_pcd.o
 .comment       0x00000043       0x44 ./Drivers/STM32F1xx_HAL_Driver/Src/stm32f1xx_hal_pcd_ex.o
 .comment       0x00000043       0x44 ./Drivers/STM32F1xx_HAL_Driver/Src/stm32f1xx_hal_rcc.o
 .comment       0x00000043       0x44 ./Drivers/STM32F1xx_HAL_Driver/Src/stm32f1xx_hal_rcc_ex.o
 .comment       0x00000043       0x44 ./Drivers/STM32F1xx_HAL_Driver/Src/stm32f1xx_hal_uart.o
 .comment       0x00000043       0x44 ./Drivers/STM32F1xx_HAL_Driver/Src/stm32f1xx_ll_usb.o
 .comment       0x00000043       0x44 ./Middlewares/ST/STM32_USB_Device_Library/Class/HID/Src/usbd_hid.o
 .comment       0x00000043       0x44 ./Middlewares/ST/STM32_USB_Device_Library/Core/Src/usbd_core.o
 .comment       0x00000043       0x44 ./Middlewares/ST/STM32_USB_Device_Library/Core/Src/usbd_ctlreq.o
 .comment       0x00000043       0x44 ./Middlewares/ST/STM32_USB_Device_Library/Core/Src/usbd_ioreq.o
 .comment       0x00000043       0x44 ./USB_DEVICE/App/usb_device.o
 .comment       0x00000043       0x44 ./USB_DEVICE/App/usbd_desc.o
 .comment       0x00000043       0x44 ./USB_DEVICE/Target/usbd_conf.o

.debug_frame    0x00000000     0x2f14
 .debug_frame   0x00000000       0x50 ./Core/Src/debounce.o
 .debug_frame   0x00000050       0x74 ./Core/Src/keyboard.o
 .debug_frame   0x000000c4       0xac ./Core/Src/main.o
 .debug_frame   0x00000170       0x58 ./Core/Src/matrix.o
 .debug_frame   0x000001c8       0x7c ./Core/Src/stm32f1xx_hal_msp.o
 .debug_frame   0x00000244      0x114 ./Core/Src/stm32f1xx_it.o
 .debug_frame   0x00000358       0x50 ./Core/Src/system_stm32f1xx.o
 .debug_frame   0x000003a8       0x50 ./Core/Src/usb_hid.o
 .debug_frame   0x000003f8      0x2e4 ./Drivers/STM32F1xx_HAL_Driver/Src/stm32f1xx_hal.o
 .debug_frame   0x000006dc      0x3f0 ./Drivers/STM32F1xx_HAL_Driver/Src/stm32f1xx_hal_cortex.o
 .debug_frame   0x00000acc      0x130 ./Drivers/STM32F1xx_HAL_Driver/Src/stm32f1xx_hal_gpio.o
 .debug_frame   0x00000bfc      0x554 ./Drivers/STM32F1xx_HAL_Driver/Src/stm32f1xx_hal_pcd.o
 .debug_frame   0x00001150       0xa0 ./Drivers/STM32F1xx_HAL_Driver/Src/stm32f1xx_hal_pcd_ex.o
 .debug_frame   0x000011f0      0x1f8 ./Drivers/STM32F1xx_HAL_Driver/Src/stm32f1xx_hal_rcc.o
 .debug_frame   0x000013e8       0x7c ./Drivers/STM32F1xx_HAL_Driver/Src/stm32f1xx_hal_rcc_ex.o
 .debug_frame   0x00001464      0x8dc ./Drivers/STM32F1xx_HAL_Driver/Src/stm32f1xx_hal_uart.o
 .debug_frame   0x00001d40      0x404 ./Drivers/STM32F1xx_HAL_Driver/Src/stm32f1xx_ll_usb.o
 .debug_frame   0x00002144      0x178 ./Middlewares/ST/STM32_USB_Device_Library/Class/HID/Src/usbd_hid.o
 .debug_frame   0x000022bc      0x2e0 ./Middlewares/ST/STM32_USB_Device_Library/Core/Src/usbd_core.o
 .debug_frame   0x0000259c      0x210 ./Middlewares/ST/STM32_USB_Device_Library/Core/Src/usbd_ctlreq.o
 .debug_frame   0x000027ac      0x10c ./Middlewares/ST/STM32_USB_Device_Library/Core/Src/usbd_ioreq.o
 .debug_frame   0x000028b8       0x2c ./USB_DEVICE/App/usb_device.o
 .debug_frame   0x000028e4      0x154 ./USB_DEVICE/App/usbd_desc.o
 .debug_frame   0x00002a38      0x490 ./USB_DEVICE/Target/usbd_conf.o
 .debug_frame   0x00002ec8       0x20 F:/st-stm32cubeide_2.1.1_28236_20260312_0043_x86_64.exe/STM32CubeIDE_2.1.1/STM32CubeIDE/plugins/com.st.stm32cube.ide.mcu.externaltools.gnu-tools-for-stm32.14.3.rel1.win32_1.0.100.202602081740/tools/bin/../lib/gcc/arm-none-eabi/14.3.1/../../../../arm-none-eabi/lib/thumb/v7-m/nofp\libc_nano.a(libc_a-memset.o)
 .debug_frame   0x00002ee8       0x2c F:/st-stm32cubeide_2.1.1_28236_20260312_0043_x86_64.exe/STM32CubeIDE_2.1.1/STM32CubeIDE/plugins/com.st.stm32cube.ide.mcu.externaltools.gnu-tools-for-stm32.14.3.rel1.win32_1.0.100.202602081740/tools/bin/../lib/gcc/arm-none-eabi/14.3.1/../../../../arm-none-eabi/lib/thumb/v7-m/nofp\libc_nano.a(libc_a-init.o)

.debug_line_str
                0x00000000       0x4f
 .debug_line_str
                0x00000000       0x4f ./Core/Startup/startup_stm32f103c8tx.o
