Archive member included to satisfy reference by file (symbol)

F:/st-stm32cubeide_2.1.1_28236_20260312_0043_x86_64.exe/STM32CubeIDE_2.1.1/STM32CubeIDE/plugins/com.st.stm32cube.ide.mcu.externaltools.gnu-tools-for-stm32.14.3.rel1.win32_1.0.100.202602081740/tools/bin/../lib/gcc/arm-none-eabi/14.3.1/../../../../arm-none-eabi/lib/thumb/v7-m/nofp\libc_nano.a(libc_a-exit.o)
                              F:/st-stm32cubeide_2.1.1_28236_20260312_0043_x86_64.exe/STM32CubeIDE_2.1.1/STM32CubeIDE/plugins/com.st.stm32cube.ide.mcu.externaltools.gnu-tools-for-stm32.14.3.rel1.win32_1.0.100.202602081740/tools/bin/../lib/gcc/arm-none-eabi/14.3.1/../../../../arm-none-eabi/lib/thumb/v7-m/nofp/crt0.o (exit)
F:/st-stm32cubeide_2.1.1_28236_20260312_0043_x86_64.exe/STM32CubeIDE_2.1.1/STM32CubeIDE/plugins/com.st.stm32cube.ide.mcu.externaltools.gnu-tools-for-stm32.14.3.rel1.win32_1.0.100.202602081740/tools/bin/../lib/gcc/arm-none-eabi/14.3.1/../../../../arm-none-eabi/lib/thumb/v7-m/nofp\libc_nano.a(libc_a-findfp.o)
                              F:/st-stm32cubeide_2.1.1_28236_20260312_0043_x86_64.exe/STM32CubeIDE_2.1.1/STM32CubeIDE/plugins/com.st.stm32cube.ide.mcu.externaltools.gnu-tools-for-stm32.14.3.rel1.win32_1.0.100.202602081740/tools/bin/../lib/gcc/arm-none-eabi/14.3.1/../../../../arm-none-eabi/lib/thumb/v7-m/nofp\libc_nano.a(libc_a-exit.o) (__stdio_exit_handler)
F:/st-stm32cubeide_2.1.1_28236_20260312_0043_x86_64.exe/STM32CubeIDE_2.1.1/STM32CubeIDE/plugins/com.st.stm32cube.ide.mcu.externaltools.gnu-tools-for-stm32.14.3.rel1.win32_1.0.100.202602081740/tools/bin/../lib/gcc/arm-none-eabi/14.3.1/../../../../arm-none-eabi/lib/thumb/v7-m/nofp\libc_nano.a(libc_a-fwalk.o)
                              F:/st-stm32cubeide_2.1.1_28236_20260312_0043_x86_64.exe/STM32CubeIDE_2.1.1/STM32CubeIDE/plugins/com.st.stm32cube.ide.mcu.externaltools.gnu-tools-for-stm32.14.3.rel1.win32_1.0.100.202602081740/tools/bin/../lib/gcc/arm-none-eabi/14.3.1/../../../../arm-none-eabi/lib/thumb/v7-m/nofp\libc_nano.a(libc_a-findfp.o) (_fwalk_sglue)
F:/st-stm32cubeide_2.1.1_28236_20260312_0043_x86_64.exe/STM32CubeIDE_2.1.1/STM32CubeIDE/plugins/com.st.stm32cube.ide.mcu.externaltools.gnu-tools-for-stm32.14.3.rel1.win32_1.0.100.202602081740/tools/bin/../lib/gcc/arm-none-eabi/14.3.1/../../../../arm-none-eabi/lib/thumb/v7-m/nofp\libc_nano.a(libc_a-snprintf.o)
                              ./Core/Src/main.o (snprintf)
F:/st-stm32cubeide_2.1.1_28236_20260312_0043_x86_64.exe/STM32CubeIDE_2.1.1/STM32CubeIDE/plugins/com.st.stm32cube.ide.mcu.externaltools.gnu-tools-for-stm32.14.3.rel1.win32_1.0.100.202602081740/tools/bin/../lib/gcc/arm-none-eabi/14.3.1/../../../../arm-none-eabi/lib/thumb/v7-m/nofp\libc_nano.a(libc_a-stdio.o)
                              F:/st-stm32cubeide_2.1.1_28236_20260312_0043_x86_64.exe/STM32CubeIDE_2.1.1/STM32CubeIDE/plugins/com.st.stm32cube.ide.mcu.externaltools.gnu-tools-for-stm32.14.3.rel1.win32_1.0.100.202602081740/tools/bin/../lib/gcc/arm-none-eabi/14.3.1/../../../../arm-none-eabi/lib/thumb/v7-m/nofp\libc_nano.a(libc_a-findfp.o) (__sread)
F:/st-stm32cubeide_2.1.1_28236_20260312_0043_x86_64.exe/STM32CubeIDE_2.1.1/STM32CubeIDE/plugins/com.st.stm32cube.ide.mcu.externaltools.gnu-tools-for-stm32.14.3.rel1.win32_1.0.100.202602081740/tools/bin/../lib/gcc/arm-none-eabi/14.3.1/../../../../arm-none-eabi/lib/thumb/v7-m/nofp\libc_nano.a(libc_a-memcmp.o)
                              ./Core/Src/usb_hid.o (memcmp)
F:/st-stm32cubeide_2.1.1_28236_20260312_0043_x86_64.exe/STM32CubeIDE_2.1.1/STM32CubeIDE/plugins/com.st.stm32cube.ide.mcu.externaltools.gnu-tools-for-stm32.14.3.rel1.win32_1.0.100.202602081740/tools/bin/../lib/gcc/arm-none-eabi/14.3.1/../../../../arm-none-eabi/lib/thumb/v7-m/nofp\libc_nano.a(libc_a-memset.o)
                              F:/st-stm32cubeide_2.1.1_28236_20260312_0043_x86_64.exe/STM32CubeIDE_2.1.1/STM32CubeIDE/plugins/com.st.stm32cube.ide.mcu.externaltools.gnu-tools-for-stm32.14.3.rel1.win32_1.0.100.202602081740/tools/bin/../lib/gcc/arm-none-eabi/14.3.1/../../../../arm-none-eabi/lib/thumb/v7-m/nofp/crt0.o (memset)
F:/st-stm32cubeide_2.1.1_28236_20260312_0043_x86_64.exe/STM32CubeIDE_2.1.1/STM32CubeIDE/plugins/com.st.stm32cube.ide.mcu.externaltools.gnu-tools-for-stm32.14.3.rel1.win32_1.0.100.202602081740/tools/bin/../lib/gcc/arm-none-eabi/14.3.1/../../../../arm-none-eabi/lib/thumb/v7-m/nofp\libc_nano.a(libc_a-closer.o)
                              F:/st-stm32cubeide_2.1.1_28236_20260312_0043_x86_64.exe/STM32CubeIDE_2.1.1/STM32CubeIDE/plugins/com.st.stm32cube.ide.mcu.externaltools.gnu-tools-for-stm32.14.3.rel1.win32_1.0.100.202602081740/tools/bin/../lib/gcc/arm-none-eabi/14.3.1/../../../../arm-none-eabi/lib/thumb/v7-m/nofp\libc_nano.a(libc_a-stdio.o) (_close_r)
[...]
Memory Configuration

Name             Origin             Length             Attributes
RAM              0x20000000         0x00005000         xrw
FLASH            0x08000000         0x00010000         xr
*default*        0x00000000         0xffffffff

Linker script and memory map

LOAD F:/st-stm32cubeide_2.1.1_28236_20260312_0043_x86_64.exe/STM32CubeIDE_2.1.1/STM32CubeIDE/plugins/com.st.stm32cube.ide.mcu.externaltools.gnu-tools-for-stm32.14.3.rel1.win32_1.0.100.202602081740/tools/bin/../lib/gcc/arm-none-eabi/14.3.1/thumb/v7-m/nofp/crti.o
LOAD F:/st-stm32cubeide_2.1.1_28236_20260312_0043_x86_64.exe/STM32CubeIDE_2.1.1/STM32CubeIDE/plugins/com.st.stm32cube.ide.mcu.externaltools.gnu-tools-for-stm32.14.3.rel1.win32_1.0.100.202602081740/tools/bin/../lib/gcc/arm-none-eabi/14.3.1/thumb/v7-m/nofp/crtbegin.o
LOAD F:/st-stm32cubeide_2.1.1_28236_20260312_0043_x86_64.exe/STM32CubeIDE_2.1.1/STM32CubeIDE/plugins/com.st.stm32cube.ide.mcu.externaltools.gnu-tools-for-stm32.14.3.rel1.win32_1.0.100.202602081740/tools/bin/../lib/gcc/arm-none-eabi/14.3.1/../../../../arm-none-eabi/lib/thumb/v7-m/nofp/crt0.o
LOAD ./Core/Src/debounce.o
LOAD ./Core/Src/keyboard.o
LOAD ./Core/Src/keymap.o
LOAD ./Core/Src/main.o
LOAD ./Core/Src/matrix.o
LOAD ./Core/Src/stm32f1xx_hal_msp.o
LOAD ./Core/Src/stm32f1xx_it.o
LOAD ./Core/Src/syscalls.o
LOAD ./Core/Src/sysmem.o
LOAD ./Core/Src/system_stm32f1xx.o
LOAD ./Core/Src/usb_hid.o
LOAD ./Core/Startup/startup_stm32f103c8tx.o
LOAD ./Drivers/STM32F1xx_HAL_Driver/Src/stm32f1xx_hal.o
LOAD ./Drivers/STM32F1xx_HAL_Driver/Src/stm32f1xx_hal_cortex.o
LOAD ./Drivers/STM32F1xx_HAL_Driver/Src/stm32f1xx_hal_dma.o
LOAD ./Drivers/STM32F1xx_HAL_Driver/Src/stm32f1xx_hal_exti.o
LOAD ./Drivers/STM32F1xx_HAL_Driver/Src/stm32f1xx_hal_flash.o
LOAD ./Drivers/STM32F1xx_HAL_Driver/Src/stm32f1xx_hal_flash_ex.o
LOAD ./Drivers/STM32F1xx_HAL_Driver/Src/stm32f1xx_hal_gpio.o
LOAD ./Drivers/STM32F1xx_HAL_Driver/Src/stm32f1xx_hal_gpio_ex.o
LOAD ./Drivers/STM32F1xx_HAL_Driver/Src/stm32f1xx_hal_pcd.o
LOAD ./Drivers/STM32F1xx_HAL_Driver/Src/stm32f1xx_hal_pcd_ex.o
LOAD ./Drivers/STM32F1xx_HAL_Driver/Src/stm32f1xx_hal_pwr.o
LOAD ./Drivers/STM32F1xx_HAL_Driver/Src/stm32f1xx_hal_rcc.o
LOAD ./Drivers/STM32F1xx_HAL_Driver/Src/stm32f1xx_hal_rcc_ex.o
LOAD ./Drivers/STM32F1xx_HAL_Driver/Src/stm32f1xx_ll_usb.o
LOAD ./Middlewares/ST/STM32_USB_Device_Library/Class/HID/Src/usbd_hid.o
LOAD ./Middlewares/ST/STM32_USB_Device_Library/Core/Src/usbd_core.o
LOAD ./Middlewares/ST/STM32_USB_Device_Library/Core/Src/usbd_ctlreq.o
LOAD ./Middlewares/ST/STM32_USB_Device_Library/Core/Src/usbd_ioreq.o
LOAD ./USB_DEVICE/App/usb_device.o
LOAD ./USB_DEVICE/App/usbd_desc.o
LOAD ./USB_DEVICE/Target/usbd_conf.o
START GROUP
LOAD F:/st-stm32cubeide_2.1.1_28236_20260312_0043_x86_64.exe/STM32CubeIDE_2.1.1/STM32CubeIDE/plugins/com.st.stm32cube.ide.mcu.externaltools.gnu-tools-for-stm32.14.3.rel1.win32_1.0.100.202602081740/tools/bin/../lib/gcc/arm-none-eabi/14.3.1/../../../../arm-none-eabi/lib/thumb/v7-m/nofp\libc_nano.a
LOAD F:/st-stm32cubeide_2.1.1_28236_20260312_0043_x86_64.exe/STM32CubeIDE_2.1.1/STM32CubeIDE/plugins/com.st.stm32cube.ide.mcu.externaltools.gnu-tools-for-stm32.14.3.rel1.win32_1.0.100.202602081740/tools/bin/../lib/gcc/arm-none-eabi/14.3.1/../../../../arm-none-eabi/lib/thumb/v7-m/nofp\libm.a
END GROUP
START GROUP
LOAD F:/st-stm32cubeide_2.1.1_28236_20260312_0043_x86_64.exe/STM32CubeIDE_2.1.1/STM32CubeIDE/plugins/com.st.stm32cube.ide.mcu.externaltools.gnu-tools-for-stm32.14.3.rel1.win32_1.0.100.202602081740/tools/bin/../lib/gcc/arm-none-eabi/14.3.1/thumb/v7-m/nofp\libgcc.a
LOAD F:/st-stm32cubeide_2.1.1_28236_20260312_0043_x86_64.exe/STM32CubeIDE_2.1.1/STM32CubeIDE/plugins/com.st.stm32cube.ide.mcu.externaltools.gnu-tools-for-stm32.14.3.rel1.win32_1.0.100.202602081740/tools/bin/../lib/gcc/arm-none-eabi/14.3.1/../../../../arm-none-eabi/lib/thumb/v7-m/nofp\libc_nano.a
END GROUP
START GROUP
LOAD F:/st-stm32cubeide_2.1.1_28236_20260312_0043_x86_64.exe/STM32CubeIDE_2.1.1/STM32CubeIDE/plugins/com.st.stm32cube.ide.mcu.externaltools.gnu-tools-for-stm32.14.3.rel1.win32_1.0.100.202602081740/tools/bin/../lib/gcc/arm-none-eabi/14.3.1/thumb/v7-m/nofp\libgcc.a
LOAD F:/st-stm32cubeide_2.1.1_28236_20260312_0043_x86_64.exe/STM32CubeIDE_2.1.1/STM32CubeIDE/plugins/com.st.stm32cube.ide.mcu.externaltools.gnu-tools-for-stm32.14.3.rel1.win32_1.0.100.202602081740/tools/bin/../lib/gcc/arm-none-eabi/14.3.1/../../../../arm-none-eabi/lib/thumb/v7-m/nofp\libc_nano.a
LOAD F:/st-stm32cubeide_2.1.1_28236_20260312_0043_x86_64.exe/STM32CubeIDE_2.1.1/STM32CubeIDE/plugins/com.st.stm32cube.ide.mcu.externaltools.gnu-tools-for-stm32.14.3.rel1.win32_1.0.100.202602081740/tools/bin/../lib/gcc/arm-none-eabi/14.3.1/../../../../arm-none-eabi/lib/thumb/v7-m/nofp\libnosys.a
END GROUP
START GROUP
LOAD F:/st-stm32cubeide_2.1.1_28236_20260312_0043_x86_64.exe/STM32CubeIDE_2.1.1/STM32CubeIDE/plugins/com.st.stm32cube.ide.mcu.externaltools.gnu-tools-for-stm32.14.3.rel1.win32_1.0.100.202602081740/tools/bin/../lib/gcc/arm-none-eabi/14.3.1/thumb/v7-m/nofp\libgcc.a
LOAD F:/st-stm32cubeide_2.1.1_28236_20260312_0043_x86_64.exe/STM32CubeIDE_2.1.1/STM32CubeIDE/plugins/com.st.stm32cube.ide.mcu.externaltools.gnu-tools-for-stm32.14.3.rel1.win32_1.0.100.202602081740/tools/bin/../lib/gcc/arm-none-eabi/14.3.1/../../../../arm-none-eabi/lib/thumb/v7-m/nofp\libc_nano.a
LOAD F:/st-stm32cubeide_2.1.1_28236_20260312_0043_x86_64.exe/STM32CubeIDE_2.1.1/STM32CubeIDE/plugins/com.st.stm32cube.ide.mcu.externaltools.gnu-tools-for-stm32.14.3.rel1.win32_1.0.100.202602081740/tools/bin/../lib/gcc/arm-none-eabi/14.3.1/../../../../arm-none-eabi/lib/thumb/v7-m/nofp\libnosys.a
END GROUP
LOAD F:/st-stm32cubeide_2.1.1_28236_20260312_0043_x86_64.exe/STM32CubeIDE_2.1.1/STM32CubeIDE/plugins/com.st.stm32cube.ide.mcu.externaltools.gnu-tools-for-stm32.14.3.rel1.win32_1.0.100.202602081740/tools/bin/../lib/gcc/arm-none-eabi/14.3.1/thumb/v7-m/nofp/crtend.o
LOAD F:/st-stm32cubeide_2.1.1_28236_20260312_0043_x86_64.exe/STM32CubeIDE_2.1.1/STM32CubeIDE/plugins/com.st.stm32cube.ide.mcu.externaltools.gnu-tools-for-stm32.14.3.rel1.win32_1.0.100.202602081740/tools/bin/../lib/gcc/arm-none-eabi/14.3.1/thumb/v7-m/nofp/crtn.o
                0x20005000                        _estack = (ORIGIN (RAM) + LENGTH (RAM))
                0x00000200                        _Min_Heap_Size = 0x200
                0x00000400                        _Min_Stack_Size = 0x400

.isr_vector     0x08000000      0x10c
                0x08000000                        . = ALIGN (0x4)
 *(.isr_vector)
 .isr_vector    0x08000000      0x10c ./Core/Startup/startup_stm32f103c8tx.o
                0x08000000                g_pfnVectors
                0x0800010c                        . = ALIGN (0x4)

.text           0x0800010c     0x85e8
                0x0800010c                        . = ALIGN (0x4)
 *(.text)
 .text          0x0800010c       0x40 F:/st-stm32cubeide_2.1.1_28236_20260312_0043_x86_64.exe/STM32CubeIDE_2.1.1/STM32CubeIDE/plugins/com.st.stm32cube.ide.mcu.externaltools.gnu-tools-for-stm32.14.3.rel1.win32_1.0.100.202602081740/tools/bin/../lib/gcc/arm-none-eabi/14.3.1/thumb/v7-m/nofp/crtbegin.o
 *(.text*)
 .text.debounce_init
                0x0800014c       0x34 ./Core/Src/debounce.o
                0x0800014c                debounce_init
 .text.debounce_process
                0x08000180       0xe4 ./Core/Src/debounce.o
                0x08000180                debounce_process
 .text.modifier_bit
                0x08000264       0x64 ./Core/Src/keyboard.o
 .text.keyboard_init
                0x080002c8       0x18 ./Core/Src/keyboard.o
                0x080002c8                keyboard_init
 .text.keyboard_process
                0x080002e0      0x16c ./Core/Src/keyboard.o
                0x080002e0                keyboard_process
 .text.keymap_get
                0x0800044c       0x4c ./Core/Src/keymap.o
                0x0800044c                keymap_get
 .text.ascii_to_hid
                0x08000498      0x1a4 ./Core/Src/main.o
 .text.hid_type_char
                0x0800063c       0x74 ./Core/Src/main.o
 .text.hid_type_string
                0x080006b0       0x2a ./Core/Src/main.o
 *fill*         0x080006da        0x2 
 .text.hid_type_int
                0x080006dc       0x2c ./Core/Src/main.o
 .text.MX_GPIO_Init
                0x08000708       0xb0 ./Core/Src/main.o
 .text.main     0x080007b8      0x458 ./Core/Src/main.o
                0x080007b8                main
 .text.SystemClock_Config
                0x08000c10       0xb4 ./Core/Src/main.o
                0x08000c10                SystemClock_Config
 .text.Error_Handler
                0x08000cc4        0xc ./Core/Src/main.o
                0x08000cc4                Error_Handler
 .text.matrix_init
                0x08000cd0       0x44 ./Core/Src/matrix.o
                0x08000cd0                matrix_init
 .text.matrix_scan
                0x08000d14       0xc4 ./Core/Src/matrix.o
                0x08000d14                matrix_scan
 .text.HAL_MspInit
                0x08000dd8       0x64 ./Core/Src/stm32f1xx_hal_msp.o
                0x08000dd8                HAL_MspInit
 .text.NMI_Handler
                0x08000e3c        0x8 ./Core/Src/stm32f1xx_it.o
                0x08000e3c                NMI_Handler
 .text.HardFault_Handler
                0x08000e44        0x8 ./Core/Src/stm32f1xx_it.o
                0x08000e44                HardFault_Handler
 .text.MemManage_Handler
                0x08000e4c        0x8 ./Core/Src/stm32f1xx_it.o
                0x08000e4c                MemManage_Handler
 .text.BusFault_Handler
                0x08000e54        0x8 ./Core/Src/stm32f1xx_it.o
                0x08000e54                BusFault_Handler
 .text.UsageFault_Handler
                0x08000e5c        0x8 ./Core/Src/stm32f1xx_it.o
                0x08000e5c                UsageFault_Handler
 .text.SVC_Handler
                0x08000e64        0xc ./Core/Src/stm32f1xx_it.o
                0x08000e64                SVC_Handler
 .text.DebugMon_Handler
                0x08000e70        0xc ./Core/Src/stm32f1xx_it.o
                0x08000e70                DebugMon_Handler
 .text.PendSV_Handler
                0x08000e7c        0xc ./Core/Src/stm32f1xx_it.o
                0x08000e7c                PendSV_Handler
 .text.SysTick_Handler
                0x08000e88        0xc ./Core/Src/stm32f1xx_it.o
                0x08000e88                SysTick_Handler
 .text.USB_LP_CAN1_RX0_IRQHandler
                0x08000e94       0x14 ./Core/Src/stm32f1xx_it.o
                0x08000e94                USB_LP_CAN1_RX0_IRQHandler
 .text._sbrk    0x08000ea8       0x6c ./Core/Src/sysmem.o
                0x08000ea8                _sbrk
 .text.SystemInit
                0x08000f14        0xc ./Core/Src/system_stm32f1xx.o
                0x08000f14                SystemInit
 .text.usb_hid_init
                0x08000f20       0x20 ./Core/Src/usb_hid.o
                0x08000f20                usb_hid_init
 .text.usb_hid_send
                0x08000f40       0x50 ./Core/Src/usb_hid.o
                0x08000f40                usb_hid_send
 .text.Reset_Handler
                0x08000f90       0x48 ./Core/Startup/startup_stm32f103c8tx.o
                0x08000f90                Reset_Handler
 .text.Default_Handler
                0x08000fd8        0x2 ./Core/Startup/startup_stm32f103c8tx.o
                0x08000fd8                RTC_Alarm_IRQHandler
                0x08000fd8                EXTI2_IRQHandler
                0x08000fd8                TIM1_CC_IRQHandler
                0x08000fd8                PVD_IRQHandler
                0x08000fd8                EXTI3_IRQHandler
                0x08000fd8                EXTI0_IRQHandler
                0x08000fd8                I2C2_EV_IRQHandler
                0x08000fd8                ADC1_2_IRQHandler
                0x08000fd8                SPI1_IRQHandler
                0x08000fd8                TAMPER_IRQHandler
                0x08000fd8                DMA1_Channel4_IRQHandler
                0x08000fd8                USART3_IRQHandler
                0x08000fd8                RTC_IRQHandler
                0x08000fd8                DMA1_Channel7_IRQHandler
                0x08000fd8                CAN1_RX1_IRQHandler
                0x08000fd8                TIM4_IRQHandler
                0x08000fd8                I2C1_EV_IRQHandler
                0x08000fd8                DMA1_Channel6_IRQHandler
                0x08000fd8                TIM3_IRQHandler
                0x08000fd8                RCC_IRQHandler
                0x08000fd8                TIM1_TRG_COM_IRQHandler
                0x08000fd8                DMA1_Channel1_IRQHandler
                0x08000fd8                Default_Handler
                0x08000fd8                EXTI15_10_IRQHandler
                0x08000fd8                EXTI9_5_IRQHandler
                0x08000fd8                SPI2_IRQHandler
                0x08000fd8                DMA1_Channel5_IRQHandler
                0x08000fd8                EXTI4_IRQHandler
                0x08000fd8                USB_HP_CAN1_TX_IRQHandler
                0x08000fd8                DMA1_Channel3_IRQHandler
                0x08000fd8                TIM1_UP_IRQHandler
                0x08000fd8                WWDG_IRQHandler
                0x08000fd8                TIM2_IRQHandler
                0x08000fd8                TIM1_BRK_IRQHandler
                0x08000fd8                EXTI1_IRQHandler
                0x08000fd8                USART2_IRQHandler
                0x08000fd8                I2C2_ER_IRQHandler
                0x08000fd8                DMA1_Channel2_IRQHandler
                0x08000fd8                CAN1_SCE_IRQHandler
                0x08000fd8                FLASH_IRQHandler
                0x08000fd8                USART1_IRQHandler
                0x08000fd8                I2C1_ER_IRQHandler
                0x08000fd8                USBWakeUp_IRQHandler
 *fill*         0x08000fda        0x2 
 .text.HAL_Init
                0x08000fdc       0x2c ./Drivers/STM32F1xx_HAL_Driver/Src/stm32f1xx_hal.o
                0x08000fdc                HAL_Init
 .text.HAL_InitTick
                0x08001008       0x60 ./Drivers/STM32F1xx_HAL_Driver/Src/stm32f1xx_hal.o
                0x08001008                HAL_InitTick
 .text.HAL_IncTick
                0x08001068       0x24 ./Drivers/STM32F1xx_HAL_Driver/Src/stm32f1xx_hal.o
                0x08001068                HAL_IncTick
 .text.HAL_GetTick
                0x0800108c       0x14 ./Drivers/STM32F1xx_HAL_Driver/Src/stm32f1xx_hal.o
                0x0800108c                HAL_GetTick
 .text.HAL_Delay
                0x080010a0       0x48 ./Drivers/STM32F1xx_HAL_Driver/Src/stm32f1xx_hal.o
                0x080010a0                HAL_Delay
 .text.__NVIC_SetPriorityGrouping
                0x080010e8       0x48 ./Drivers/STM32F1xx_HAL_Driver/Src/stm32f1xx_hal_cortex.o
 .text.__NVIC_GetPriorityGrouping
                0x08001130       0x1c ./Drivers/STM32F1xx_HAL_Driver/Src/stm32f1xx_hal_cortex.o
 .text.__NVIC_EnableIRQ
                0x0800114c       0x38 ./Drivers/STM32F1xx_HAL_Driver/Src/stm32f1xx_hal_cortex.o
 .text.__NVIC_SetPriority
                0x08001184       0x54 ./Drivers/STM32F1xx_HAL_Driver/Src/stm32f1xx_hal_cortex.o
 .text.NVIC_EncodePriority
                0x080011d8       0x64 ./Drivers/STM32F1xx_HAL_Driver/Src/stm32f1xx_hal_cortex.o
 .text.SysTick_Config
                0x0800123c       0x44 ./Drivers/STM32F1xx_HAL_Driver/Src/stm32f1xx_hal_cortex.o
 .text.HAL_NVIC_SetPriorityGrouping
                0x08001280       0x16 ./Drivers/STM32F1xx_HAL_Driver/Src/stm32f1xx_hal_cortex.o
                0x08001280                HAL_NVIC_SetPriorityGrouping
 .text.HAL_NVIC_SetPriority
                0x08001296       0x38 ./Drivers/STM32F1xx_HAL_Driver/Src/stm32f1xx_hal_cortex.o
                0x08001296                HAL_NVIC_SetPriority
 .text.HAL_NVIC_EnableIRQ
                0x080012ce       0x1c ./Drivers/STM32F1xx_HAL_Driver/Src/stm32f1xx_hal_cortex.o
                0x080012ce                HAL_NVIC_EnableIRQ
 .text.HAL_SYSTICK_Config
                0x080012ea       0x18 ./Drivers/STM32F1xx_HAL_Driver/Src/stm32f1xx_hal_cortex.o
                0x080012ea                HAL_SYSTICK_Config
 *fill*         0x08001302        0x2 
 .text.HAL_GPIO_Init
                0x08001304      0x308 ./Drivers/STM32F1xx_HAL_Driver/Src/stm32f1xx_hal_gpio.o
                0x08001304                HAL_GPIO_Init
 .text.HAL_GPIO_ReadPin
                0x0800160c       0x2e ./Drivers/STM32F1xx_HAL_Driver/Src/stm32f1xx_hal_gpio.o
                0x0800160c                HAL_GPIO_ReadPin
 .text.HAL_GPIO_WritePin
                0x0800163a       0x30 ./Drivers/STM32F1xx_HAL_Driver/Src/stm32f1xx_hal_gpio.o
                0x0800163a                HAL_GPIO_WritePin
 .text.HAL_PCD_Init
                0x0800166a      0x1ec ./Drivers/STM32F1xx_HAL_Driver/Src/stm32f1xx_hal_pcd.o
                0x0800166a                HAL_PCD_Init
 .text.HAL_PCD_Start
                0x08001856       0x4c ./Drivers/STM32F1xx_HAL_Driver/Src/stm32f1xx_hal_pcd.o
                0x08001856                HAL_PCD_Start
 .text.HAL_PCD_IRQHandler
                0x080018a2      0x260 ./Drivers/STM32F1xx_HAL_Driver/Src/stm32f1xx_hal_pcd.o
                0x080018a2                HAL_PCD_IRQHandler
 .text.HAL_PCD_SetAddress
                0x08001b02       0x48 ./Drivers/STM32F1xx_HAL_Driver/Src/stm32f1xx_hal_pcd.o
                0x08001b02                HAL_PCD_SetAddress
 .text.HAL_PCD_EP_Open
                0x08001b4a       0xba ./Drivers/STM32F1xx_HAL_Driver/Src/stm32f1xx_hal_pcd.o
                0x08001b4a                HAL_PCD_EP_Open
 .text.HAL_PCD_EP_Close
                0x08001c04       0x90 ./Drivers/STM32F1xx_HAL_Driver/Src/stm32f1xx_hal_pcd.o
                0x08001c04                HAL_PCD_EP_Close
 .text.HAL_PCD_EP_Receive
                0x08001c94       0x62 ./Drivers/STM32F1xx_HAL_Driver/Src/stm32f1xx_hal_pcd.o
                0x08001c94                HAL_PCD_EP_Receive
 .text.HAL_PCD_EP_Transmit
                0x08001cf6       0x6e ./Drivers/STM32F1xx_HAL_Driver/Src/stm32f1xx_hal_pcd.o
                0x08001cf6                HAL_PCD_EP_Transmit
 .text.HAL_PCD_EP_SetStall
                0x08001d64       0xc0 ./Drivers/STM32F1xx_HAL_Driver/Src/stm32f1xx_hal_pcd.o
                0x08001d64                HAL_PCD_EP_SetStall
 .text.HAL_PCD_EP_ClrStall
                0x08001e24       0xa8 ./Drivers/STM32F1xx_HAL_Driver/Src/stm32f1xx_hal_pcd.o
                0x08001e24                HAL_PCD_EP_ClrStall
 .text.PCD_EP_ISR_Handler
                0x08001ecc      0x79e ./Drivers/STM32F1xx_HAL_Driver/Src/stm32f1xx_hal_pcd.o
 .text.HAL_PCD_EP_DB_Receive
                0x0800266a      0x21a ./Drivers/STM32F1xx_HAL_Driver/Src/stm32f1xx_hal_pcd.o
 .text.HAL_PCD_EP_DB_Transmit
                0x08002884      0x7f4 ./Drivers/STM32F1xx_HAL_Driver/Src/stm32f1xx_hal_pcd.o
 .text.HAL_PCDEx_PMAConfig
                0x08003078       0x84 ./Drivers/STM32F1xx_HAL_Driver/Src/stm32f1xx_hal_pcd_ex.o
                0x08003078                HAL_PCDEx_PMAConfig
 .text.HAL_RCC_OscConfig
                0x080030fc      0x504 ./Drivers/STM32F1xx_HAL_Driver/Src/stm32f1xx_hal_rcc.o
                0x080030fc                HAL_RCC_OscConfig
 .text.HAL_RCC_ClockConfig
                0x08003600      0x1d4 ./Drivers/STM32F1xx_HAL_Driver/Src/stm32f1xx_hal_rcc.o
                0x08003600                HAL_RCC_ClockConfig
 .text.HAL_RCC_GetSysClockFreq
                0x080037d4       0xa8 ./Drivers/STM32F1xx_HAL_Driver/Src/stm32f1xx_hal_rcc.o
                0x080037d4                HAL_RCC_GetSysClockFreq
 .text.RCC_Delay
                0x0800387c       0x3c ./Drivers/STM32F1xx_HAL_Driver/Src/stm32f1xx_hal_rcc.o
 .text.HAL_RCCEx_PeriphCLKConfig
                0x080038b8      0x16c ./Drivers/STM32F1xx_HAL_Driver/Src/stm32f1xx_hal_rcc_ex.o
                0x080038b8                HAL_RCCEx_PeriphCLKConfig
 .text.USB_CoreInit
                0x08003a24       0x1a ./Drivers/STM32F1xx_HAL_Driver/Src/stm32f1xx_ll_usb.o
                0x08003a24                USB_CoreInit
 .text.USB_EnableGlobalInt
                0x08003a3e       0x2c ./Drivers/STM32F1xx_HAL_Driver/Src/stm32f1xx_ll_usb.o
                0x08003a3e                USB_EnableGlobalInt
 .text.USB_DisableGlobalInt
                0x08003a6a       0x34 ./Drivers/STM32F1xx_HAL_Driver/Src/stm32f1xx_ll_usb.o
                0x08003a6a                USB_DisableGlobalInt
 .text.USB_SetCurrentMode
                0x08003a9e       0x18 ./Drivers/STM32F1xx_HAL_Driver/Src/stm32f1xx_ll_usb.o
                0x08003a9e                USB_SetCurrentMode
 .text.USB_DevInit
                0x08003ab6       0x3a ./Drivers/STM32F1xx_HAL_Driver/Src/stm32f1xx_ll_usb.o
                0x08003ab6                USB_DevInit
 .text.USB_ActivateEndpoint
                0x08003af0      0x780 ./Drivers/STM32F1xx_HAL_Driver/Src/stm32f1xx_ll_usb.o
                0x08003af0                USB_ActivateEndpoint
 .text.USB_DeactivateEndpoint
                0x08004270      0x3d8 ./Drivers/STM32F1xx_HAL_Driver/Src/stm32f1xx_ll_usb.o
                0x08004270                USB_DeactivateEndpoint
 .text.USB_EPStartXfer
                0x08004648     0x1762 ./Drivers/STM32F1xx_HAL_Driver/Src/stm32f1xx_ll_usb.o
                0x08004648                USB_EPStartXfer
 .text.USB_EPSetStall
                0x08005daa       0xa0 ./Drivers/STM32F1xx_HAL_Driver/Src/stm32f1xx_ll_usb.o
                0x08005daa                USB_EPSetStall
 .text.USB_EPClearStall
                0x08005e4a      0x15a ./Drivers/STM32F1xx_HAL_Driver/Src/stm32f1xx_ll_usb.o
                0x08005e4a                USB_EPClearStall
 .text.USB_SetDevAddress
                0x08005fa4       0x26 ./Drivers/STM32F1xx_HAL_Driver/Src/stm32f1xx_ll_usb.o
                0x08005fa4                USB_SetDevAddress
 .text.USB_DevConnect
                0x08005fca       0x14 ./Drivers/STM32F1xx_HAL_Driver/Src/stm32f1xx_ll_usb.o
                0x08005fca                USB_DevConnect
 .text.USB_DevDisconnect
                0x08005fde       0x14 ./Drivers/STM32F1xx_HAL_Driver/Src/stm32f1xx_ll_usb.o
                0x08005fde                USB_DevDisconnect
 .text.USB_ReadInterrupts
                0x08005ff2       0x1e ./Drivers/STM32F1xx_HAL_Driver/Src/stm32f1xx_ll_usb.o
                0x08005ff2                USB_ReadInterrupts
 .text.USB_EP0_OutStart
                0x08006010       0x16 ./Drivers/STM32F1xx_HAL_Driver/Src/stm32f1xx_ll_usb.o
                0x08006010                USB_EP0_OutStart
 .text.USB_WritePMA
                0x08006026       0x8c ./Drivers/STM32F1xx_HAL_Driver/Src/stm32f1xx_ll_usb.o
                0x08006026                USB_WritePMA
 .text.USB_ReadPMA
                0x080060b2       0x9e ./Drivers/STM32F1xx_HAL_Driver/Src/stm32f1xx_ll_usb.o
                0x080060b2                USB_ReadPMA
 .text.USBD_HID_Init
                0x08006150       0x4e ./Middlewares/ST/STM32_USB_Device_Library/Class/HID/Src/usbd_hid.o
 .text.USBD_HID_DeInit
                0x0800619e       0x42 ./Middlewares/ST/STM32_USB_Device_Library/Class/HID/Src/usbd_hid.o
 .text.USBD_HID_Setup
                0x080061e0      0x1fc ./Middlewares/ST/STM32_USB_Device_Library/Class/HID/Src/usbd_hid.o
 .text.USBD_HID_SendReport
                0x080063dc       0x44 ./Middlewares/ST/STM32_USB_Device_Library/Class/HID/Src/usbd_hid.o
                0x080063dc                USBD_HID_SendReport
 .text.USBD_HID_GetFSCfgDesc
                0x08006420       0x20 ./Middlewares/ST/STM32_USB_Device_Library/Class/HID/Src/usbd_hid.o
 .text.USBD_HID_GetHSCfgDesc
                0x08006440       0x20 ./Middlewares/ST/STM32_USB_Device_Library/Class/HID/Src/usbd_hid.o
 .text.USBD_HID_GetOtherSpeedCfgDesc
                0x08006460       0x20 ./Middlewares/ST/STM32_USB_Device_Library/Class/HID/Src/usbd_hid.o
 .text.USBD_HID_DataIn
                0x08006480       0x22 ./Middlewares/ST/STM32_USB_Device_Library/Class/HID/Src/usbd_hid.o
 *fill*         0x080064a2        0x2 
 .text.USBD_HID_GetDeviceQualifierDesc
                0x080064a4       0x20 ./Middlewares/ST/STM32_USB_Device_Library/Class/HID/Src/usbd_hid.o
 .text.USBD_Init
                0x080064c4       0x56 ./Middlewares/ST/STM32_USB_Device_Library/Core/Src/usbd_core.o
                0x080064c4                USBD_Init
 .text.USBD_RegisterClass
                0x0800651a       0x32 ./Middlewares/ST/STM32_USB_Device_Library/Core/Src/usbd_core.o
                0x0800651a                USBD_RegisterClass
 .text.USBD_Start
                0x0800654c       0x18 ./Middlewares/ST/STM32_USB_Device_Library/Core/Src/usbd_core.o
                0x0800654c                USBD_Start
 .text.USBD_RunTestMode
                0x08006564       0x14 ./Middlewares/ST/STM32_USB_Device_Library/Core/Src/usbd_core.o
                0x08006564                USBD_RunTestMode
 .text.USBD_SetClassConfig
                0x08006578       0x3e ./Middlewares/ST/STM32_USB_Device_Library/Core/Src/usbd_core.o
                0x08006578                USBD_SetClassConfig
 .text.USBD_ClrClassConfig
                0x080065b6       0x26 ./Middlewares/ST/STM32_USB_Device_Library/Core/Src/usbd_core.o
                0x080065b6                USBD_ClrClassConfig
 .text.USBD_LL_SetupStage
                0x080065dc       0x9a ./Middlewares/ST/STM32_USB_Device_Library/Core/Src/usbd_core.o
                0x080065dc                USBD_LL_SetupStage
 .text.USBD_LL_DataOutStage
                0x08006676       0xe2 ./Middlewares/ST/STM32_USB_Device_Library/Core/Src/usbd_core.o
                0x08006676                USBD_LL_DataOutStage
 .text.USBD_LL_DataInStage
                0x08006758      0x14a ./Middlewares/ST/STM32_USB_Device_Library/Core/Src/usbd_core.o
                0x08006758                USBD_LL_DataInStage
 .text.USBD_LL_Reset
                0x080068a2       0x82 ./Middlewares/ST/STM32_USB_Device_Library/Core/Src/usbd_core.o
                0x080068a2                USBD_LL_Reset
 .text.USBD_LL_SetSpeed
                0x08006924       0x1e ./Middlewares/ST/STM32_USB_Device_Library/Core/Src/usbd_core.o
                0x08006924                USBD_LL_SetSpeed
 .text.USBD_LL_Suspend
                0x08006942       0x28 ./Middlewares/ST/STM32_USB_Device_Library/Core/Src/usbd_core.o
                0x08006942                USBD_LL_Suspend
 .text.USBD_LL_Resume
                0x0800696a       0x2a ./Middlewares/ST/STM32_USB_Device_Library/Core/Src/usbd_core.o
                0x0800696a                USBD_LL_Resume
 .text.USBD_LL_SOF
                0x08006994       0x34 ./Middlewares/ST/STM32_USB_Device_Library/Core/Src/usbd_core.o
                0x08006994                USBD_LL_SOF
 .text.USBD_StdDevReq
                0x080069c8       0xd4 ./Middlewares/ST/STM32_USB_Device_Library/Core/Src/usbd_ctlreq.o
                0x080069c8                USBD_StdDevReq
 .text.USBD_StdItfReq
                0x08006a9c       0x90 ./Middlewares/ST/STM32_USB_Device_Library/Core/Src/usbd_ctlreq.o
                0x08006a9c                USBD_StdItfReq
 .text.USBD_StdEPReq
                0x08006b2c      0x2c6 ./Middlewares/ST/STM32_USB_Device_Library/Core/Src/usbd_ctlreq.o
                0x08006b2c                USBD_StdEPReq
 *fill*         0x08006df2        0x2 
 .text.USBD_GetDescriptor
                0x08006df4      0x2d0 ./Middlewares/ST/STM32_USB_Device_Library/Core/Src/usbd_ctlreq.o
 .text.USBD_SetAddress
                0x080070c4       0x86 ./Middlewares/ST/STM32_USB_Device_Library/Core/Src/usbd_ctlreq.o
 *fill*         0x0800714a        0x2 
 .text.USBD_SetConfig
                0x0800714c      0x11c ./Middlewares/ST/STM32_USB_Device_Library/Core/Src/usbd_ctlreq.o
 .text.USBD_GetConfig
                0x08007268       0x6a ./Middlewares/ST/STM32_USB_Device_Library/Core/Src/usbd_ctlreq.o
 .text.USBD_GetStatus
                0x080072d2       0x66 ./Middlewares/ST/STM32_USB_Device_Library/Core/Src/usbd_ctlreq.o
 .text.USBD_SetFeature
                0x08007338       0x28 ./Middlewares/ST/STM32_USB_Device_Library/Core/Src/usbd_ctlreq.o
 .text.USBD_ClrFeature
                0x08007360       0x42 ./Middlewares/ST/STM32_USB_Device_Library/Core/Src/usbd_ctlreq.o
 .text.USBD_ParseSetupRequest
                0x080073a2       0x72 ./Middlewares/ST/STM32_USB_Device_Library/Core/Src/usbd_ctlreq.o
                0x080073a2                USBD_ParseSetupRequest
 .text.USBD_CtlError
                0x08007414       0x22 ./Middlewares/ST/STM32_USB_Device_Library/Core/Src/usbd_ctlreq.o
                0x08007414                USBD_CtlError
 .text.USBD_GetString
                0x08007436       0x84 ./Middlewares/ST/STM32_USB_Device_Library/Core/Src/usbd_ctlreq.o
                0x08007436                USBD_GetString
 .text.USBD_GetLen
                0x080074ba       0x2e ./Middlewares/ST/STM32_USB_Device_Library/Core/Src/usbd_ctlreq.o
 .text.USBD_CtlSendData
                0x080074e8       0x38 ./Middlewares/ST/STM32_USB_Device_Library/Core/Src/usbd_ioreq.o
                0x080074e8                USBD_CtlSendData
 .text.USBD_CtlContinueSendData
                0x08007520       0x24 ./Middlewares/ST/STM32_USB_Device_Library/Core/Src/usbd_ioreq.o
                0x08007520                USBD_CtlContinueSendData
 .text.USBD_CtlContinueRx
                0x08007544       0x24 ./Middlewares/ST/STM32_USB_Device_Library/Core/Src/usbd_ioreq.o
                0x08007544                USBD_CtlContinueRx
 .text.USBD_CtlSendStatus
                0x08007568       0x26 ./Middlewares/ST/STM32_USB_Device_Library/Core/Src/usbd_ioreq.o
                0x08007568                USBD_CtlSendStatus
 .text.USBD_CtlReceiveStatus
                0x0800758e       0x26 ./Middlewares/ST/STM32_USB_Device_Library/Core/Src/usbd_ioreq.o
                0x0800758e                USBD_CtlReceiveStatus
 .text.MX_USB_DEVICE_Init
                0x080075b4       0x4c ./USB_DEVICE/App/usb_device.o
                0x080075b4                MX_USB_DEVICE_Init
 .text.USBD_FS_DeviceDescriptor
                0x08007600       0x24 ./USB_DEVICE/App/usbd_desc.o
                0x08007600                USBD_FS_DeviceDescriptor
 .text.USBD_FS_LangIDStrDescriptor
                0x08007624       0x24 ./USB_DEVICE/App/usbd_desc.o
                0x08007624                USBD_FS_LangIDStrDescriptor
 .text.USBD_FS_ProductStrDescriptor
                0x08007648       0x3c ./USB_DEVICE/App/usbd_desc.o
                0x08007648                USBD_FS_ProductStrDescriptor
 .text.USBD_FS_ManufacturerStrDescriptor
                0x08007684       0x28 ./USB_DEVICE/App/usbd_desc.o
                0x08007684                USBD_FS_ManufacturerStrDescriptor
 .text.USBD_FS_SerialStrDescriptor
                0x080076ac       0x24 ./USB_DEVICE/App/usbd_desc.o
                0x080076ac                USBD_FS_SerialStrDescriptor
 .text.USBD_FS_ConfigStrDescriptor
                0x080076d0       0x3c ./USB_DEVICE/App/usbd_desc.o
                0x080076d0                USBD_FS_ConfigStrDescriptor
 .text.USBD_FS_InterfaceStrDescriptor
                0x0800770c       0x3c ./USB_DEVICE/App/usbd_desc.o
                0x0800770c                USBD_FS_InterfaceStrDescriptor
 .text.Get_SerialNum
                0x08007748       0x58 ./USB_DEVICE/App/usbd_desc.o
 .text.IntToUnicode
                0x080077a0       0x7c ./USB_DEVICE/App/usbd_desc.o
 .text.HAL_PCD_MspInit
                0x0800781c       0x4c ./USB_DEVICE/Target/usbd_conf.o
                0x0800781c                HAL_PCD_MspInit
 .text.HAL_PCD_SetupStageCallback
                0x08007868       0x24 ./USB_DEVICE/Target/usbd_conf.o
                0x08007868                HAL_PCD_SetupStageCallback
 .text.HAL_PCD_DataOutStageCallback
                0x0800788c       0x36 ./USB_DEVICE/Target/usbd_conf.o
                0x0800788c                HAL_PCD_DataOutStageCallback
 .text.HAL_PCD_DataInStageCallback
                0x080078c2       0x34 ./USB_DEVICE/Target/usbd_conf.o
                0x080078c2                HAL_PCD_DataInStageCallback
 .text.HAL_PCD_SOFCallback
                0x080078f6       0x1c ./USB_DEVICE/Target/usbd_conf.o
                0x080078f6                HAL_PCD_SOFCallback
 .text.HAL_PCD_ResetCallback
                0x08007912       0x3c ./USB_DEVICE/Target/usbd_conf.o
                0x08007912                HAL_PCD_ResetCallback
 *fill*         0x0800794e        0x2 
 .text.HAL_PCD_SuspendCallback
                0x08007950       0x34 ./USB_DEVICE/Target/usbd_conf.o
                0x08007950                HAL_PCD_SuspendCallback
 .text.HAL_PCD_ResumeCallback
                0x08007984       0x1c ./USB_DEVICE/Target/usbd_conf.o
                0x08007984                HAL_PCD_ResumeCallback
 .text.USBD_LL_Init
                0x080079a0       0x90 ./USB_DEVICE/Target/usbd_conf.o
                0x080079a0                USBD_LL_Init
 .text.USBD_LL_Start
                0x08007a30       0x36 ./USB_DEVICE/Target/usbd_conf.o
                0x08007a30                USBD_LL_Start
 .text.USBD_LL_OpenEP
                0x08007a66       0x4c ./USB_DEVICE/Target/usbd_conf.o
                0x08007a66                USBD_LL_OpenEP
 .text.USBD_LL_CloseEP
                0x08007ab2       0x3e ./USB_DEVICE/Target/usbd_conf.o
                0x08007ab2                USBD_LL_CloseEP
 .text.USBD_LL_StallEP
                0x08007af0       0x3e ./USB_DEVICE/Target/usbd_conf.o
                0x08007af0                USBD_LL_StallEP
 .text.USBD_LL_ClearStallEP
                0x08007b2e       0x3e ./USB_DEVICE/Target/usbd_conf.o
                0x08007b2e                USBD_LL_ClearStallEP
 .text.USBD_LL_IsStallEP
                0x08007b6c       0x56 ./USB_DEVICE/Target/usbd_conf.o
                0x08007b6c                USBD_LL_IsStallEP
 .text.USBD_LL_SetUSBAddress
                0x08007bc2       0x3e ./USB_DEVICE/Target/usbd_conf.o
                0x08007bc2                USBD_LL_SetUSBAddress
 .text.USBD_LL_Transmit
                0x08007c00       0x46 ./USB_DEVICE/Target/usbd_conf.o
                0x08007c00                USBD_LL_Transmit
 .text.USBD_LL_PrepareReceive
                0x08007c46       0x46 ./USB_DEVICE/Target/usbd_conf.o
                0x08007c46                USBD_LL_PrepareReceive
 .text.USBD_static_malloc
                0x08007c8c       0x18 ./USB_DEVICE/Target/usbd_conf.o
                0x08007c8c                USBD_static_malloc
 .text.USBD_static_free
                0x08007ca4       0x12 ./USB_DEVICE/Target/usbd_conf.o
                0x08007ca4                USBD_static_free
 .text.HAL_PCDEx_SetConnectionState
                0x08007cb6       0x16 ./USB_DEVICE/Target/usbd_conf.o
                0x08007cb6                HAL_PCDEx_SetConnectionState
 .text.USBD_Get_USB_Status
                0x08007ccc       0x58 ./USB_DEVICE/Target/usbd_conf.o
 .text.snprintf
                0x08007d24       0x6c F:/st-stm32cubeide_2.1.1_28236_20260312_0043_x86_64.exe/STM32CubeIDE_2.1.1/STM32CubeIDE/plugins/com.st.stm32cube.ide.mcu.externaltools.gnu-tools-for-stm32.14.3.rel1.win32_1.0.100.202602081740/tools/bin/../lib/gcc/arm-none-eabi/14.3.1/../../../../arm-none-eabi/lib/thumb/v7-m/nofp\libc_nano.a(libc_a-snprintf.o)
                0x08007d24                sniprintf
                0x08007d24                snprintf
 .text.memcmp   0x08007d90       0x20 F:/st-stm32cubeide_2.1.1_28236_20260312_0043_x86_64.exe/STM32CubeIDE_2.1.1/STM32CubeIDE/plugins/com.st.stm32cube.ide.mcu.externaltools.gnu-tools-for-stm32.14.3.rel1.win32_1.0.100.202602081740/tools/bin/../lib/gcc/arm-none-eabi/14.3.1/../../../../arm-none-eabi/lib/thumb/v7-m/nofp\libc_nano.a(libc_a-memcmp.o)
                0x08007d90                memcmp
 .text.memset   0x08007db0       0x10 F:/st-stm32cubeide_2.1.1_28236_20260312_0043_x86_64.exe/STM32CubeIDE_2.1.1/STM32CubeIDE/plugins/com.st.stm32cube.ide.mcu.externaltools.gnu-tools-for-stm32.14.3.rel1.win32_1.0.100.202602081740/tools/bin/../lib/gcc/arm-none-eabi/14.3.1/../../../../arm-none-eabi/lib/thumb/v7-m/nofp\libc_nano.a(libc_a-memset.o)
                0x08007db0                memset
 .text.__errno  0x08007dc0        0xc F:/st-stm32cubeide_2.1.1_28236_20260312_0043_x86_64.exe/STM32CubeIDE_2.1.1/STM32CubeIDE/plugins/com.st.stm32cube.ide.mcu.externaltools.gnu-tools-for-stm32.14.3.rel1.win32_1.0.100.202602081740/tools/bin/../lib/gcc/arm-none-eabi/14.3.1/../../../../arm-none-eabi/lib/thumb/v7-m/nofp\libc_nano.a(libc_a-errno.o)
                0x08007dc0                __errno
 .text.__libc_init_array
                0x08007dcc       0x48 F:/st-stm32cubeide_2.1.1_28236_20260312_0043_x86_64.exe/STM32CubeIDE_2.1.1/STM32CubeIDE/plugins/com.st.stm32cube.ide.mcu.externaltools.gnu-tools-for-stm32.14.3.rel1.win32_1.0.100.202602081740/tools/bin/../lib/gcc/arm-none-eabi/14.3.1/../../../../arm-none-eabi/lib/thumb/v7-m/nofp\libc_nano.a(libc_a-init.o)
                0x08007dcc                __libc_init_array
 .text.__retarget_lock_acquire_recursive
                0x08007e14        0x2 F:/st-stm32cubeide_2.1.1_28236_20260312_0043_x86_64.exe/STM32CubeIDE_2.1.1/STM32CubeIDE/plugins/com.st.stm32cube.ide.mcu.externaltools.gnu-tools-for-stm32.14.3.rel1.win32_1.0.100.202602081740/tools/bin/../lib/gcc/arm-none-eabi/14.3.1/../../../../arm-none-eabi/lib/thumb/v7-m/nofp\libc_nano.a(libc_a-lock.o)
                0x08007e14                __retarget_lock_acquire_recursive
 .text.__retarget_lock_release_recursive
                0x08007e16        0x2 F:/st-stm32cubeide_2.1.1_28236_20260312_0043_x86_64.exe/STM32CubeIDE_2.1.1/STM32CubeIDE/plugins/com.st.stm32cube.ide.mcu.externaltools.gnu-tools-for-stm32.14.3.rel1.win32_1.0.100.202602081740/tools/bin/../lib/gcc/arm-none-eabi/14.3.1/../../../../arm-none-eabi/lib/thumb/v7-m/nofp\libc_nano.a(libc_a-lock.o)
                0x08007e16                __retarget_lock_release_recursive
 .text._free_r  0x08007e18       0x90 F:/st-stm32cubeide_2.1.1_28236_20260312_0043_x86_64.exe/STM32CubeIDE_2.1.1/STM32CubeIDE/plugins/com.st.stm32cube.ide.mcu.externaltools.gnu-tools-for-stm32.14.3.rel1.win32_1.0.100.202602081740/tools/bin/../lib/gcc/arm-none-eabi/14.3.1/../../../../arm-none-eabi/lib/thumb/v7-m/nofp\libc_nano.a(libc_a-freer.o)
                0x08007e18                _free_r
 .text.sbrk_aligned
                0x08007ea8       0x44 F:/st-stm32cubeide_2.1.1_28236_20260312_0043_x86_64.exe/STM32CubeIDE_2.1.1/STM32CubeIDE/plugins/com.st.stm32cube.ide.mcu.externaltools.gnu-tools-for-stm32.14.3.rel1.win32_1.0.100.202602081740/tools/bin/../lib/gcc/arm-none-eabi/14.3.1/../../../../arm-none-eabi/lib/thumb/v7-m/nofp\libc_nano.a(libc_a-mallocr.o)
 .text._malloc_r
                0x08007eec      0x100 F:/st-stm32cubeide_2.1.1_28236_20260312_0043_x86_64.exe/STM32CubeIDE_2.1.1/STM32CubeIDE/plugins/com.st.stm32cube.ide.mcu.externaltools.gnu-tools-for-stm32.14.3.rel1.win32_1.0.100.202602081740/tools/bin/../lib/gcc/arm-none-eabi/14.3.1/../../../../arm-none-eabi/lib/thumb/v7-m/nofp\libc_nano.a(libc_a-mallocr.o)
                0x08007eec                _malloc_r
 .text.__malloc_lock
                0x08007fec        0xc F:/st-stm32cubeide_2.1.1_28236_20260312_0043_x86_64.exe/STM32CubeIDE_2.1.1/STM32CubeIDE/plugins/com.st.stm32cube.ide.mcu.externaltools.gnu-tools-for-stm32.14.3.rel1.win32_1.0.100.202602081740/tools/bin/../lib/gcc/arm-none-eabi/14.3.1/../../../../arm-none-eabi/lib/thumb/v7-m/nofp\libc_nano.a(libc_a-mlock.o)
                0x08007fec                __malloc_lock
 .text.__malloc_unlock
                0x08007ff8        0xc F:/st-stm32cubeide_2.1.1_28236_20260312_0043_x86_64.exe/STM32CubeIDE_2.1.1/STM32CubeIDE/plugins/com.st.stm32cube.ide.mcu.externaltools.gnu-tools-for-stm32.14.3.rel1.win32_1.0.100.202602081740/tools/bin/../lib/gcc/arm-none-eabi/14.3.1/../../../../arm-none-eabi/lib/thumb/v7-m/nofp\libc_nano.a(libc_a-mlock.o)
                0x08007ff8                __malloc_unlock
 .text.__ssputs_r
                0x08008004       0xc0 F:/st-stm32cubeide_2.1.1_28236_20260312_0043_x86_64.exe/STM32CubeIDE_2.1.1/STM32CubeIDE/plugins/com.st.stm32cube.ide.mcu.externaltools.gnu-tools-for-stm32.14.3.rel1.win32_1.0.100.202602081740/tools/bin/../lib/gcc/arm-none-eabi/14.3.1/../../../../arm-none-eabi/lib/thumb/v7-m/nofp\libc_nano.a(libc_a-nano-svfprintf.o)
                0x08008004                __ssputs_r
 .text._svfprintf_r
                0x080080c4      0x1f0 F:/st-stm32cubeide_2.1.1_28236_20260312_0043_x86_64.exe/STM32CubeIDE_2.1.1/STM32CubeIDE/plugins/com.st.stm32cube.ide.mcu.externaltools.gnu-tools-for-stm32.14.3.rel1.win32_1.0.100.202602081740/tools/bin/../lib/gcc/arm-none-eabi/14.3.1/../../../../arm-none-eabi/lib/thumb/v7-m/nofp\libc_nano.a(libc_a-nano-svfprintf.o)
                0x080080c4                _svfiprintf_r
                0x080080c4                _svfprintf_r
 .text._printf_common
                0x080082b4       0xe4 F:/st-stm32cubeide_2.1.1_28236_20260312_0043_x86_64.exe/STM32CubeIDE_2.1.1/STM32CubeIDE/plugins/com.st.stm32cube.ide.mcu.externaltools.gnu-tools-for-stm32.14.3.rel1.win32_1.0.100.202602081740/tools/bin/../lib/gcc/arm-none-eabi/14.3.1/../../../../arm-none-eabi/lib/thumb/v7-m/nofp\libc_nano.a(libc_a-nano-vfprintf_i.o)
                0x080082b4                _printf_common
 .text._printf_i
                0x08008398      0x24c F:/st-stm32cubeide_2.1.1_28236_20260312_0043_x86_64.exe/STM32CubeIDE_2.1.1/STM32CubeIDE/plugins/com.st.stm32cube.ide.mcu.externaltools.gnu-tools-for-stm32.14.3.rel1.win32_1.0.100.202602081740/tools/bin/../lib/gcc/arm-none-eabi/14.3.1/../../../../arm-none-eabi/lib/thumb/v7-m/nofp\libc_nano.a(libc_a-nano-vfprintf_i.o)
                0x08008398                _printf_i
 .text.memmove  0x080085e4       0x32 F:/st-stm32cubeide_2.1.1_28236_20260312_0043_x86_64.exe/STM32CubeIDE_2.1.1/STM32CubeIDE/plugins/com.st.stm32cube.ide.mcu.externaltools.gnu-tools-for-stm32.14.3.rel1.win32_1.0.100.202602081740/tools/bin/../lib/gcc/arm-none-eabi/14.3.1/../../../../arm-none-eabi/lib/thumb/v7-m/nofp\libc_nano.a(libc_a-memmove.o)
                0x080085e4                memmove
 *fill*         0x08008616        0x2 
 .text._sbrk_r  0x08008618       0x20 F:/st-stm32cubeide_2.1.1_28236_20260312_0043_x86_64.exe/STM32CubeIDE_2.1.1/STM32CubeIDE/plugins/com.st.stm32cube.ide.mcu.externaltools.gnu-tools-for-stm32.14.3.rel1.win32_1.0.100.202602081740/tools/bin/../lib/gcc/arm-none-eabi/14.3.1/../../../../arm-none-eabi/lib/thumb/v7-m/nofp\libc_nano.a(libc_a-sbrkr.o)
                0x08008618                _sbrk_r
 .text.memchr   0x08008638       0x1c F:/st-stm32cubeide_2.1.1_28236_20260312_0043_x86_64.exe/STM32CubeIDE_2.1.1/STM32CubeIDE/plugins/com.st.stm32cube.ide.mcu.externaltools.gnu-tools-for-stm32.14.3.rel1.win32_1.0.100.202602081740/tools/bin/../lib/gcc/arm-none-eabi/14.3.1/../../../../arm-none-eabi/lib/thumb/v7-m/nofp\libc_nano.a(libc_a-memchr-stub.o)
                0x08008638                memchr
 .text.memcpy   0x08008654       0x1c F:/st-stm32cubeide_2.1.1_28236_20260312_0043_x86_64.exe/STM32CubeIDE_2.1.1/STM32CubeIDE/plugins/com.st.stm32cube.ide.mcu.externaltools.gnu-tools-for-stm32.14.3.rel1.win32_1.0.100.202602081740/tools/bin/../lib/gcc/arm-none-eabi/14.3.1/../../../../arm-none-eabi/lib/thumb/v7-m/nofp\libc_nano.a(libc_a-memcpy-stub.o)
                0x08008654                memcpy
 .text._realloc_r
                0x08008670       0x5c F:/st-stm32cubeide_2.1.1_28236_20260312_0043_x86_64.exe/STM32CubeIDE_2.1.1/STM32CubeIDE/plugins/com.st.stm32cube.ide.mcu.externaltools.gnu-tools-for-stm32.14.3.rel1.win32_1.0.100.202602081740/tools/bin/../lib/gcc/arm-none-eabi/14.3.1/../../../../arm-none-eabi/lib/thumb/v7-m/nofp\libc_nano.a(libc_a-reallocr.o)
                0x08008670                _realloc_r
 .text._malloc_usable_size_r
                0x080086cc       0x10 F:/st-stm32cubeide_2.1.1_28236_20260312_0043_x86_64.exe/STM32CubeIDE_2.1.1/STM32CubeIDE/plugins/com.st.stm32cube.ide.mcu.externaltools.gnu-tools-for-stm32.14.3.rel1.win32_1.0.100.202602081740/tools/bin/../lib/gcc/arm-none-eabi/14.3.1/../../../../arm-none-eabi/lib/thumb/v7-m/nofp\libc_nano.a(libc_a-msizer.o)
                0x080086cc                _malloc_usable_size_r
 *(.glue_7)
 .glue_7        0x080086dc        0x0 linker stubs
 *(.glue_7t)
 .glue_7t       0x080086dc        0x0 linker stubs
 *(.eh_frame)
 .eh_frame      0x080086dc        0x0 F:/st-stm32cubeide_2.1.1_28236_20260312_0043_x86_64.exe/STM32CubeIDE_2.1.1/STM32CubeIDE/plugins/com.st.stm32cube.ide.mcu.externaltools.gnu-tools-for-stm32.14.3.rel1.win32_1.0.100.202602081740/tools/bin/../lib/gcc/arm-none-eabi/14.3.1/thumb/v7-m/nofp/crtbegin.o
 *(.init)
 .init          0x080086dc        0x4 F:/st-stm32cubeide_2.1.1_28236_20260312_0043_x86_64.exe/STM32CubeIDE_2.1.1/STM32CubeIDE/plugins/com.st.stm32cube.ide.mcu.externaltools.gnu-tools-for-stm32.14.3.rel1.win32_1.0.100.202602081740/tools/bin/../lib/gcc/arm-none-eabi/14.3.1/thumb/v7-m/nofp/crti.o
                0x080086dc                _init
 .init          0x080086e0        0x8 F:/st-stm32cubeide_2.1.1_28236_20260312_0043_x86_64.exe/STM32CubeIDE_2.1.1/STM32CubeIDE/plugins/com.st.stm32cube.ide.mcu.externaltools.gnu-tools-for-stm32.14.3.rel1.win32_1.0.100.202602081740/tools/bin/../lib/gcc/arm-none-eabi/14.3.1/thumb/v7-m/nofp/crtn.o
 *(.fini)
 .fini          0x080086e8        0x4 F:/st-stm32cubeide_2.1.1_28236_20260312_0043_x86_64.exe/STM32CubeIDE_2.1.1/STM32CubeIDE/plugins/com.st.stm32cube.ide.mcu.externaltools.gnu-tools-for-stm32.14.3.rel1.win32_1.0.100.202602081740/tools/bin/../lib/gcc/arm-none-eabi/14.3.1/thumb/v7-m/nofp/crti.o
                0x080086e8                _fini
 .fini          0x080086ec        0x8 F:/st-stm32cubeide_2.1.1_28236_20260312_0043_x86_64.exe/STM32CubeIDE_2.1.1/STM32CubeIDE/plugins/com.st.stm32cube.ide.mcu.externaltools.gnu-tools-for-stm32.14.3.rel1.win32_1.0.100.202602081740/tools/bin/../lib/gcc/arm-none-eabi/14.3.1/thumb/v7-m/nofp/crtn.o
                0x080086f4                        . = ALIGN (0x4)
                0x080086f4                        _etext = .

.vfp11_veneer   0x080086f4        0x0
 .vfp11_veneer  0x080086f4        0x0 linker stubs

.v4_bx          0x080086f4        0x0
 .v4_bx         0x080086f4        0x0 linker stubs

.iplt           0x080086f4        0x0
 .iplt          0x080086f4        0x0 F:/st-stm32cubeide_2.1.1_28236_20260312_0043_x86_64.exe/STM32CubeIDE_2.1.1/STM32CubeIDE/plugins/com.st.stm32cube.ide.mcu.externaltools.gnu-tools-for-stm32.14.3.rel1.win32_1.0.100.202602081740/tools/bin/../lib/gcc/arm-none-eabi/14.3.1/thumb/v7-m/nofp/crtbegin.o

.rodata         0x080086f4      0x1dc
                0x080086f4                        . = ALIGN (0x4)
 *(.rodata)
 .rodata        0x080086f4      0x120 ./Core/Src/main.o
 .rodata        0x08008814       0x46 ./USB_DEVICE/App/usbd_desc.o
 *(.rodata*)
 *fill*         0x0800885a        0x2 
 .rodata.keymap
                0x0800885c        0x4 ./Core/Src/keymap.o
                0x0800885c                keymap
 .rodata.row_ports
                0x08008860        0x8 ./Core/Src/matrix.o
 .rodata.row_pins
                0x08008868        0x4 ./Core/Src/matrix.o
 .rodata.col_ports
                0x0800886c        0x8 ./Core/Src/matrix.o
 .rodata.col_pins
                0x08008874        0x4 ./Core/Src/matrix.o
 .rodata.AHBPrescTable
                0x08008878       0x10 ./Core/Src/system_stm32f1xx.o
                0x08008878                AHBPrescTable
 .rodata.aPLLMULFactorTable.1
                0x08008888       0x10 ./Drivers/STM32F1xx_HAL_Driver/Src/stm32f1xx_hal_rcc.o
 .rodata.aPredivFactorTable.0
                0x08008898        0x2 ./Drivers/STM32F1xx_HAL_Driver/Src/stm32f1xx_hal_rcc.o
 .rodata._svfprintf_r.str1.1
                0x0800889a       0x33 F:/st-stm32cubeide_2.1.1_28236_20260312_0043_x86_64.exe/STM32CubeIDE_2.1.1/STM32CubeIDE/plugins/com.st.stm32cube.ide.mcu.externaltools.gnu-tools-for-stm32.14.3.rel1.win32_1.0.100.202602081740/tools/bin/../lib/gcc/arm-none-eabi/14.3.1/../../../../arm-none-eabi/lib/thumb/v7-m/nofp\libc_nano.a(libc_a-nano-svfprintf.o)
                                 0x11 (size before relaxing)
 .rodata._printf_i.str1.1
                0x080088cd       0x22 F:/st-stm32cubeide_2.1.1_28236_20260312_0043_x86_64.exe/STM32CubeIDE_2.1.1/STM32CubeIDE/plugins/com.st.stm32cube.ide.mcu.externaltools.gnu-tools-for-stm32.14.3.rel1.win32_1.0.100.202602081740/tools/bin/../lib/gcc/arm-none-eabi/14.3.1/../../../../arm-none-eabi/lib/thumb/v7-m/nofp\libc_nano.a(libc_a-nano-vfprintf_i.o)
                0x080088f0                        . = ALIGN (0x4)
 *fill*         0x080088cd        0x3 

.ARM.extab      0x080088d0        0x0
                0x080088d0                        . = ALIGN (0x4)
 *(.ARM.extab* .gnu.linkonce.armextab.*)
                0x080088d0                        . = ALIGN (0x4)

.ARM            0x080088d0        0x0
                0x080088d0                        . = ALIGN (0x4)
                0x080088d0                        __exidx_start = .
 *(.ARM.exidx*)
                0x080088d0                        __exidx_end = .
                0x080088d0                        . = ALIGN (0x4)

.preinit_array  0x080088d0        0x0
                0x080088d0                        . = ALIGN (0x4)
                0x080088d0                        PROVIDE (__preinit_array_start = .)
 *(.preinit_array*)
                0x080088d0                        PROVIDE (__preinit_array_end = .)
                0x080088d0                        . = ALIGN (0x4)

.init_array     0x080088d0        0x4
                0x080088d0                        . = ALIGN (0x4)
                0x080088d0                        PROVIDE (__init_array_start = .)
 *(SORT_BY_NAME(.init_array.*))
 *(.init_array*)
 .init_array    0x080088d0        0x4 F:/st-stm32cubeide_2.1.1_28236_20260312_0043_x86_64.exe/STM32CubeIDE_2.1.1/STM32CubeIDE/plugins/com.st.stm32cube.ide.mcu.externaltools.gnu-tools-for-stm32.14.3.rel1.win32_1.0.100.202602081740/tools/bin/../lib/gcc/arm-none-eabi/14.3.1/thumb/v7-m/nofp/crtbegin.o
                0x080088d4                        PROVIDE (__init_array_end = .)
                0x080088d4                        . = ALIGN (0x4)

.fini_array     0x080088d4        0x4
                0x080088d4                        . = ALIGN (0x4)
                [!provide]                        PROVIDE (__fini_array_start = .)
 *(SORT_BY_NAME(.fini_array.*))
 *(.fini_array*)
 .fini_array    0x080088d4        0x4 F:/st-stm32cubeide_2.1.1_28236_20260312_0043_x86_64.exe/STM32CubeIDE_2.1.1/STM32CubeIDE/plugins/com.st.stm32cube.ide.mcu.externaltools.gnu-tools-for-stm32.14.3.rel1.win32_1.0.100.202602081740/tools/bin/../lib/gcc/arm-none-eabi/14.3.1/thumb/v7-m/nofp/crtbegin.o
                [!provide]                        PROVIDE (__fini_array_end = .)
                0x080088d8                        . = ALIGN (0x4)
                0x080088d8                        _sidata = LOADADDR (.data)

.rel.dyn        0x080088d8        0x0
 .rel.iplt      0x080088d8        0x0 F:/st-stm32cubeide_2.1.1_28236_20260312_0043_x86_64.exe/STM32CubeIDE_2.1.1/STM32CubeIDE/plugins/com.st.stm32cube.ide.mcu.externaltools.gnu-tools-for-stm32.14.3.rel1.win32_1.0.100.202602081740/tools/bin/../lib/gcc/arm-none-eabi/14.3.1/thumb/v7-m/nofp/crtbegin.o

.data           0x20000000      0x1a8 load address 0x080088d8
                0x20000000                        . = ALIGN (0x4)
                0x20000000                        _sdata = .
 *(.data)
 *(.data*)
 .data.SystemCoreClock
                0x20000000        0x4 ./Core/Src/system_stm32f1xx.o
                0x20000000                SystemCoreClock
 .data.uwTickPrio
                0x20000004        0x4 ./Drivers/STM32F1xx_HAL_Driver/Src/stm32f1xx_hal.o
                0x20000004                uwTickPrio
 .data.uwTickFreq
                0x20000008        0x1 ./Drivers/STM32F1xx_HAL_Driver/Src/stm32f1xx_hal.o
                0x20000008                uwTickFreq
 *fill*         0x20000009        0x3 
 .data.USBD_HID
                0x2000000c       0x38 ./Middlewares/ST/STM32_USB_Device_Library/Class/HID/Src/usbd_hid.o
                0x2000000c                USBD_HID
 .data.USBD_HID_CfgFSDesc
                0x20000044       0x22 ./Middlewares/ST/STM32_USB_Device_Library/Class/HID/Src/usbd_hid.o
 *fill*         0x20000066        0x2 
 .data.USBD_HID_CfgHSDesc
                0x20000068       0x22 ./Middlewares/ST/STM32_USB_Device_Library/Class/HID/Src/usbd_hid.o
 *fill*         0x2000008a        0x2 
 .data.USBD_HID_OtherSpeedCfgDesc
                0x2000008c       0x22 ./Middlewares/ST/STM32_USB_Device_Library/Class/HID/Src/usbd_hid.o
 *fill*         0x200000ae        0x2 
 .data.USBD_HID_Desc
                0x200000b0        0x9 ./Middlewares/ST/STM32_USB_Device_Library/Class/HID/Src/usbd_hid.o
 *fill*         0x200000b9        0x3 
 .data.USBD_HID_DeviceQualifierDesc
                0x200000bc        0xa ./Middlewares/ST/STM32_USB_Device_Library/Class/HID/Src/usbd_hid.o
 *fill*         0x200000c6        0x2 
 .data.HID_MOUSE_ReportDesc
                0x200000c8       0x3f ./Middlewares/ST/STM32_USB_Device_Library/Class/HID/Src/usbd_hid.o
 *fill*         0x20000107        0x1 
 .data.FS_Desc  0x20000108       0x1c ./USB_DEVICE/App/usbd_desc.o
                0x20000108                FS_Desc
 .data.USBD_FS_DeviceDesc
                0x20000124       0x12 ./USB_DEVICE/App/usbd_desc.o
                0x20000124                USBD_FS_DeviceDesc
 *fill*         0x20000136        0x2 
 .data.USBD_LangIDDesc
                0x20000138        0x4 ./USB_DEVICE/App/usbd_desc.o
                0x20000138                USBD_LangIDDesc
 .data.USBD_StringSerial
                0x2000013c       0x1a ./USB_DEVICE/App/usbd_desc.o
                0x2000013c                USBD_StringSerial
 *fill*         0x20000156        0x2 
 .data._impure_ptr
                0x20000158        0x4 F:/st-stm32cubeide_2.1.1_28236_20260312_0043_x86_64.exe/STM32CubeIDE_2.1.1/STM32CubeIDE/plugins/com.st.stm32cube.ide.mcu.externaltools.gnu-tools-for-stm32.14.3.rel1.win32_1.0.100.202602081740/tools/bin/../lib/gcc/arm-none-eabi/14.3.1/../../../../arm-none-eabi/lib/thumb/v7-m/nofp\libc_nano.a(libc_a-impure.o)
                0x20000158                _impure_ptr
 .data._impure_data
                0x2000015c       0x4c F:/st-stm32cubeide_2.1.1_28236_20260312_0043_x86_64.exe/STM32CubeIDE_2.1.1/STM32CubeIDE/plugins/com.st.stm32cube.ide.mcu.externaltools.gnu-tools-for-stm32.14.3.rel1.win32_1.0.100.202602081740/tools/bin/../lib/gcc/arm-none-eabi/14.3.1/../../../../arm-none-eabi/lib/thumb/v7-m/nofp\libc_nano.a(libc_a-impure.o)
                0x2000015c                _impure_data
 *(.RamFunc)
 *(.RamFunc*)
                0x200001a8                        . = ALIGN (0x4)
                0x200001a8                        _edata = .

.igot.plt       0x200001a8        0x0 load address 0x08008a80
 .igot.plt      0x200001a8        0x0 F:/st-stm32cubeide_2.1.1_28236_20260312_0043_x86_64.exe/STM32CubeIDE_2.1.1/STM32CubeIDE/plugins/com.st.stm32cube.ide.mcu.externaltools.gnu-tools-for-stm32.14.3.rel1.win32_1.0.100.202602081740/tools/bin/../lib/gcc/arm-none-eabi/14.3.1/thumb/v7-m/nofp/crtbegin.o
                0x200001a8                        . = ALIGN (0x4)

.bss            0x200001a8      0x944 load address 0x08008a80
                0x200001a8                        _sbss = .
                0x200001a8                        __bss_start__ = _sbss
 *(.bss)
 .bss           0x200001a8       0x1c F:/st-stm32cubeide_2.1.1_28236_20260312_0043_x86_64.exe/STM32CubeIDE_2.1.1/STM32CubeIDE/plugins/com.st.stm32cube.ide.mcu.externaltools.gnu-tools-for-stm32.14.3.rel1.win32_1.0.100.202602081740/tools/bin/../lib/gcc/arm-none-eabi/14.3.1/thumb/v7-m/nofp/crtbegin.o
 *(.bss*)
 .bss.debounced
                0x200001c4        0x4 ./Core/Src/debounce.o
                0x200001c4                debounced
 .bss.raw_prev  0x200001c8        0x4 ./Core/Src/debounce.o
 .bss.counter   0x200001cc        0x4 ./Core/Src/debounce.o
 .bss.current_layer
                0x200001d0        0x1 ./Core/Src/keyboard.o
 *fill*         0x200001d1        0x3 
 .bss.raw_prev_dbg.0
                0x200001d4        0x4 ./Core/Src/main.o
 .bss.matrix_raw
                0x200001d8        0x4 ./Core/Src/matrix.o
                0x200001d8                matrix_raw
 .bss.__sbrk_heap_end
                0x200001dc        0x4 ./Core/Src/sysmem.o
 .bss.last_report
                0x200001e0        0x8 ./Core/Src/usb_hid.o
 .bss.initialized
                0x200001e8        0x1 ./Core/Src/usb_hid.o
 *fill*         0x200001e9        0x3 
 .bss.uwTick    0x200001ec        0x4 ./Drivers/STM32F1xx_HAL_Driver/Src/stm32f1xx_hal.o
                0x200001ec                uwTick
 .bss.cfgidx.0  0x200001f0        0x1 ./Middlewares/ST/STM32_USB_Device_Library/Core/Src/usbd_ctlreq.o
 *fill*         0x200001f1        0x3 
 .bss.hUsbDeviceFS
                0x200001f4      0x2c4 ./USB_DEVICE/App/usb_device.o
                0x200001f4                hUsbDeviceFS
 .bss.USBD_StrDesc
                0x200004b8      0x200 ./USB_DEVICE/App/usbd_desc.o
                0x200004b8                USBD_StrDesc
 .bss.hpcd_USB_FS
                0x200006b8      0x2d8 ./USB_DEVICE/Target/usbd_conf.o
                0x200006b8                hpcd_USB_FS
 .bss.mem.0     0x20000990       0x14 ./USB_DEVICE/Target/usbd_conf.o
 .bss.__sf      0x200009a4      0x138 F:/st-stm32cubeide_2.1.1_28236_20260312_0043_x86_64.exe/STM32CubeIDE_2.1.1/STM32CubeIDE/plugins/com.st.stm32cube.ide.mcu.externaltools.gnu-tools-for-stm32.14.3.rel1.win32_1.0.100.202602081740/tools/bin/../lib/gcc/arm-none-eabi/14.3.1/../../../../arm-none-eabi/lib/thumb/v7-m/nofp\libc_nano.a(libc_a-findfp.o)
                0x200009a4                __sf
 .bss.errno     0x20000adc        0x4 F:/st-stm32cubeide_2.1.1_28236_20260312_0043_x86_64.exe/STM32CubeIDE_2.1.1/STM32CubeIDE/plugins/com.st.stm32cube.ide.mcu.externaltools.gnu-tools-for-stm32.14.3.rel1.win32_1.0.100.202602081740/tools/bin/../lib/gcc/arm-none-eabi/14.3.1/../../../../arm-none-eabi/lib/thumb/v7-m/nofp\libc_nano.a(libc_a-reent.o)
                0x20000adc                errno
 .bss.__lock___malloc_recursive_mutex
                0x20000ae0        0x1 F:/st-stm32cubeide_2.1.1_28236_20260312_0043_x86_64.exe/STM32CubeIDE_2.1.1/STM32CubeIDE/plugins/com.st.stm32cube.ide.mcu.externaltools.gnu-tools-for-stm32.14.3.rel1.win32_1.0.100.202602081740/tools/bin/../lib/gcc/arm-none-eabi/14.3.1/../../../../arm-none-eabi/lib/thumb/v7-m/nofp\libc_nano.a(libc_a-lock.o)
                0x20000ae0                __lock___malloc_recursive_mutex
 *fill*         0x20000ae1        0x3 
 .bss.__malloc_sbrk_start
                0x20000ae4        0x4 F:/st-stm32cubeide_2.1.1_28236_20260312_0043_x86_64.exe/STM32CubeIDE_2.1.1/STM32CubeIDE/plugins/com.st.stm32cube.ide.mcu.externaltools.gnu-tools-for-stm32.14.3.rel1.win32_1.0.100.202602081740/tools/bin/../lib/gcc/arm-none-eabi/14.3.1/../../../../arm-none-eabi/lib/thumb/v7-m/nofp\libc_nano.a(libc_a-mallocr.o)
                0x20000ae4                __malloc_sbrk_start
 .bss.__malloc_free_list
                0x20000ae8        0x4 F:/st-stm32cubeide_2.1.1_28236_20260312_0043_x86_64.exe/STM32CubeIDE_2.1.1/STM32CubeIDE/plugins/com.st.stm32cube.ide.mcu.externaltools.gnu-tools-for-stm32.14.3.rel1.win32_1.0.100.202602081740/tools/bin/../lib/gcc/arm-none-eabi/14.3.1/../../../../arm-none-eabi/lib/thumb/v7-m/nofp\libc_nano.a(libc_a-mallocr.o)
                0x20000ae8                __malloc_free_list
 *(COMMON)
                0x20000aec                        . = ALIGN (0x4)
                0x20000aec                        _ebss = .
                0x20000aec                        __bss_end__ = _ebss

._user_heap_stack
                0x20000aec      0x604 load address 0x08008a80
                0x20000af0                        . = ALIGN (0x8)
 *fill*         0x20000aec        0x4 
                [!provide]                        PROVIDE (end = .)
                0x20000af0                        PROVIDE (_end = .)
                0x20000cf0                        . = (. + _Min_Heap_Size)
 *fill*         0x20000af0      0x200 
                0x200010f0                        . = (. + _Min_Stack_Size)
 *fill*         0x20000cf0      0x400 
                0x200010f0                        . = ALIGN (0x8)

/DISCARD/
 libc.a(*)
 libm.a(*)
 libgcc.a(*)

.ARM.attributes
                0x00000000       0x29
 *(.ARM.attributes)
 .ARM.attributes
                0x00000000       0x1d F:/st-stm32cubeide_2.1.1_28236_20260312_0043_x86_64.exe/STM32CubeIDE_2.1.1/STM32CubeIDE/plugins/com.st.stm32cube.ide.mcu.externaltools.gnu-tools-for-stm32.14.3.rel1.win32_1.0.100.202602081740/tools/bin/../lib/gcc/arm-none-eabi/14.3.1/thumb/v7-m/nofp/crti.o
 .ARM.attributes
                0x0000001d       0x2d F:/st-stm32cubeide_2.1.1_28236_20260312_0043_x86_64.exe/STM32CubeIDE_2.1.1/STM32CubeIDE/plugins/com.st.stm32cube.ide.mcu.externaltools.gnu-tools-for-stm32.14.3.rel1.win32_1.0.100.202602081740/tools/bin/../lib/gcc/arm-none-eabi/14.3.1/thumb/v7-m/nofp/crtbegin.o
 .ARM.attributes
                0x0000004a       0x2d ./Core/Src/debounce.o
 .ARM.attributes
                0x00000077       0x2d ./Core/Src/keyboard.o
 .ARM.attributes
                0x000000a4       0x2d ./Core/Src/keymap.o
 .ARM.attributes
                0x000000d1       0x2d ./Core/Src/main.o
 .ARM.attributes
                0x000000fe       0x2d ./Core/Src/matrix.o
 .ARM.attributes
                0x0000012b       0x2d ./Core/Src/stm32f1xx_hal_msp.o
 .ARM.attributes
                0x00000158       0x2d ./Core/Src/stm32f1xx_it.o
 .ARM.attributes
                0x00000185       0x2d ./Core/Src/sysmem.o
 .ARM.attributes
                0x000001b2       0x2d ./Core/Src/system_stm32f1xx.o
 .ARM.attributes
                0x000001df       0x2d ./Core/Src/usb_hid.o
 .ARM.attributes
                0x0000020c       0x21 ./Core/Startup/startup_stm32f103c8tx.o
 .ARM.attributes
                0x0000022d       0x2d ./Drivers/STM32F1xx_HAL_Driver/Src/stm32f1xx_hal.o
 .ARM.attributes
                0x0000025a       0x2d ./Drivers/STM32F1xx_HAL_Driver/Src/stm32f1xx_hal_cortex.o
 .ARM.attributes
                0x00000287       0x2d ./Drivers/STM32F1xx_HAL_Driver/Src/stm32f1xx_hal_gpio.o
 .ARM.attributes
                0x000002b4       0x2d ./Drivers/STM32F1xx_HAL_Driver/Src/stm32f1xx_hal_pcd.o
 .ARM.attributes
                0x000002e1       0x2d ./Drivers/STM32F1xx_HAL_Driver/Src/stm32f1xx_hal_pcd_ex.o
 .ARM.attributes
                0x0000030e       0x2d ./Drivers/STM32F1xx_HAL_Driver/Src/stm32f1xx_hal_rcc.o
 .ARM.attributes
                0x0000033b       0x2d ./Drivers/STM32F1xx_HAL_Driver/Src/stm32f1xx_hal_rcc_ex.o
 .ARM.attributes
                0x00000368       0x2d ./Drivers/STM32F1xx_HAL_Driver/Src/stm32f1xx_ll_usb.o
 .ARM.attributes
                0x00000395       0x2d ./Middlewares/ST/STM32_USB_Device_Library/Class/HID/Src/usbd_hid.o
 .ARM.attributes
                0x000003c2       0x2d ./Middlewares/ST/STM32_USB_Device_Library/Core/Src/usbd_core.o
 .ARM.attributes
                0x000003ef       0x2d ./Middlewares/ST/STM32_USB_Device_Library/Core/Src/usbd_ctlreq.o
 .ARM.attributes
                0x0000041c       0x2d ./Middlewares/ST/STM32_USB_Device_Library/Core/Src/usbd_ioreq.o
 .ARM.attributes
                0x00000449       0x2d ./USB_DEVICE/App/usb_device.o
 .ARM.attributes
                0x00000476       0x2d ./USB_DEVICE/App/usbd_desc.o
 .ARM.attributes
                0x000004a3       0x2d ./USB_DEVICE/Target/usbd_conf.o
 .ARM.attributes
                0x000004d0       0x2d F:/st-stm32cubeide_2.1.1_28236_20260312_0043_x86_64.exe/STM32CubeIDE_2.1.1/STM32CubeIDE/plugins/com.st.stm32cube.ide.mcu.externaltools.gnu-tools-for-stm32.14.3.rel1.win32_1.0.100.202602081740/tools/bin/../lib/gcc/arm-none-eabi/14.3.1/../../../../arm-none-eabi/lib/thumb/v7-m/nofp\libc_nano.a(libc_a-findfp.o)
 .ARM.attributes
                0x000004fd       0x2d F:/st-stm32cubeide_2.1.1_28236_20260312_0043_x86_64.exe/STM32CubeIDE_2.1.1/STM32CubeIDE/plugins/com.st.stm32cube.ide.mcu.externaltools.gnu-tools-for-stm32.14.3.rel1.win32_1.0.100.202602081740/tools/bin/../lib/gcc/arm-none-eabi/14.3.1/../../../../arm-none-eabi/lib/thumb/v7-m/nofp\libc_nano.a(libc_a-snprintf.o)
 .ARM.attributes
                0x0000052a       0x2d F:/st-stm32cubeide_2.1.1_28236_20260312_0043_x86_64.exe/STM32CubeIDE_2.1.1/STM32CubeIDE/plugins/com.st.stm32cube.ide.mcu.externaltools.gnu-tools-for-stm32.14.3.rel1.win32_1.0.100.202602081740/tools/bin/../lib/gcc/arm-none-eabi/14.3.1/../../../../arm-none-eabi/lib/thumb/v7-m/nofp\libc_nano.a(libc_a-memcmp.o)
 .ARM.attributes
                0x00000557       0x2d F:/st-stm32cubeide_2.1.1_28236_20260312_0043_x86_64.exe/STM32CubeIDE_2.1.1/STM32CubeIDE/plugins/com.st.stm32cube.ide.mcu.externaltools.gnu-tools-for-stm32.14.3.rel1.win32_1.0.100.202602081740/tools/bin/../lib/gcc/arm-none-eabi/14.3.1/../../../../arm-none-eabi/lib/thumb/v7-m/nofp\libc_nano.a(libc_a-memset.o)
 .ARM.attributes
                0x00000584       0x2d F:/st-stm32cubeide_2.1.1_28236_20260312_0043_x86_64.exe/STM32CubeIDE_2.1.1/STM32CubeIDE/plugins/com.st.stm32cube.ide.mcu.externaltools.gnu-tools-for-stm32.14.3.rel1.win32_1.0.100.202602081740/tools/bin/../lib/gcc/arm-none-eabi/14.3.1/../../../../arm-none-eabi/lib/thumb/v7-m/nofp\libc_nano.a(libc_a-reent.o)
 .ARM.attributes
                0x000005b1       0x2d F:/st-stm32cubeide_2.1.1_28236_20260312_0043_x86_64.exe/STM32CubeIDE_2.1.1/STM32CubeIDE/plugins/com.st.stm32cube.ide.mcu.externaltools.gnu-tools-for-stm32.14.3.rel1.win32_1.0.100.202602081740/tools/bin/../lib/gcc/arm-none-eabi/14.3.1/../../../../arm-none-eabi/lib/thumb/v7-m/nofp\libc_nano.a(libc_a-impure.o)
 .ARM.attributes
                0x000005de       0x2d F:/st-stm32cubeide_2.1.1_28236_20260312_0043_x86_64.exe/STM32CubeIDE_2.1.1/STM32CubeIDE/plugins/com.st.stm32cube.ide.mcu.externaltools.gnu-tools-for-stm32.14.3.rel1.win32_1.0.100.202602081740/tools/bin/../lib/gcc/arm-none-eabi/14.3.1/../../../../arm-none-eabi/lib/thumb/v7-m/nofp\libc_nano.a(libc_a-errno.o)
 .ARM.attributes
                0x0000060b       0x2d F:/st-stm32cubeide_2.1.1_28236_20260312_0043_x86_64.exe/STM32CubeIDE_2.1.1/STM32CubeIDE/plugins/com.st.stm32cube.ide.mcu.externaltools.gnu-tools-for-stm32.14.3.rel1.win32_1.0.100.202602081740/tools/bin/../lib/gcc/arm-none-eabi/14.3.1/../../../../arm-none-eabi/lib/thumb/v7-m/nofp\libc_nano.a(libc_a-init.o)
 .ARM.attributes
                0x00000638       0x2d F:/st-stm32cubeide_2.1.1_28236_20260312_0043_x86_64.exe/STM32CubeIDE_2.1.1/STM32CubeIDE/plugins/com.st.stm32cube.ide.mcu.externaltools.gnu-tools-for-stm32.14.3.rel1.win32_1.0.100.202602081740/tools/bin/../lib/gcc/arm-none-eabi/14.3.1/../../../../arm-none-eabi/lib/thumb/v7-m/nofp\libc_nano.a(libc_a-lock.o)
 .ARM.attributes
                0x00000665       0x2d F:/st-stm32cubeide_2.1.1_28236_20260312_0043_x86_64.exe/STM32CubeIDE_2.1.1/STM32CubeIDE/plugins/com.st.stm32cube.ide.mcu.externaltools.gnu-tools-for-stm32.14.3.rel1.win32_1.0.100.202602081740/tools/bin/../lib/gcc/arm-none-eabi/14.3.1/../../../../arm-none-eabi/lib/thumb/v7-m/nofp\libc_nano.a(libc_a-freer.o)
 .ARM.attributes
                0x00000692       0x2d F:/st-stm32cubeide_2.1.1_28236_20260312_0043_x86_64.exe/STM32CubeIDE_2.1.1/STM32CubeIDE/plugins/com.st.stm32cube.ide.mcu.externaltools.gnu-tools-for-stm32.14.3.rel1.win32_1.0.100.202602081740/tools/bin/../lib/gcc/arm-none-eabi/14.3.1/../../../../arm-none-eabi/lib/thumb/v7-m/nofp\libc_nano.a(libc_a-mallocr.o)
 .ARM.attributes
                0x000006bf       0x2d F:/st-stm32cubeide_2.1.1_28236_20260312_0043_x86_64.exe/STM32CubeIDE_2.1.1/STM32CubeIDE/plugins/com.st.stm32cube.ide.mcu.externaltools.gnu-tools-for-stm32.14.3.rel1.win32_1.0.100.202602081740/tools/bin/../lib/gcc/arm-none-eabi/14.3.1/../../../../arm-none-eabi/lib/thumb/v7-m/nofp\libc_nano.a(libc_a-mlock.o)
 .ARM.attributes
                0x000006ec       0x2d F:/st-stm32cubeide_2.1.1_28236_20260312_0043_x86_64.exe/STM32CubeIDE_2.1.1/STM32CubeIDE/plugins/com.st.stm32cube.ide.mcu.externaltools.gnu-tools-for-stm32.14.3.rel1.win32_1.0.100.202602081740/tools/bin/../lib/gcc/arm-none-eabi/14.3.1/../../../../arm-none-eabi/lib/thumb/v7-m/nofp\libc_nano.a(libc_a-nano-svfprintf.o)
 .ARM.attributes
                0x00000719       0x2d F:/st-stm32cubeide_2.1.1_28236_20260312_0043_x86_64.exe/STM32CubeIDE_2.1.1/STM32CubeIDE/plugins/com.st.stm32cube.ide.mcu.externaltools.gnu-tools-for-stm32.14.3.rel1.win32_1.0.100.202602081740/tools/bin/../lib/gcc/arm-none-eabi/14.3.1/../../../../arm-none-eabi/lib/thumb/v7-m/nofp\libc_nano.a(libc_a-nano-vfprintf_i.o)
 .ARM.attributes
                0x00000746       0x2d F:/st-stm32cubeide_2.1.1_28236_20260312_0043_x86_64.exe/STM32CubeIDE_2.1.1/STM32CubeIDE/plugins/com.st.stm32cube.ide.mcu.externaltools.gnu-tools-for-stm32.14.3.rel1.win32_1.0.100.202602081740/tools/bin/../lib/gcc/arm-none-eabi/14.3.1/../../../../arm-none-eabi/lib/thumb/v7-m/nofp\libc_nano.a(libc_a-memmove.o)
 .ARM.attributes
                0x00000773       0x2d F:/st-stm32cubeide_2.1.1_28236_20260312_0043_x86_64.exe/STM32CubeIDE_2.1.1/STM32CubeIDE/plugins/com.st.stm32cube.ide.mcu.externaltools.gnu-tools-for-stm32.14.3.rel1.win32_1.0.100.202602081740/tools/bin/../lib/gcc/arm-none-eabi/14.3.1/../../../../arm-none-eabi/lib/thumb/v7-m/nofp\libc_nano.a(libc_a-sbrkr.o)
 .ARM.attributes
                0x000007a0       0x2d F:/st-stm32cubeide_2.1.1_28236_20260312_0043_x86_64.exe/STM32CubeIDE_2.1.1/STM32CubeIDE/plugins/com.st.stm32cube.ide.mcu.externaltools.gnu-tools-for-stm32.14.3.rel1.win32_1.0.100.202602081740/tools/bin/../lib/gcc/arm-none-eabi/14.3.1/../../../../arm-none-eabi/lib/thumb/v7-m/nofp\libc_nano.a(libc_a-memchr-stub.o)
 .ARM.attributes
                0x000007cd       0x2d F:/st-stm32cubeide_2.1.1_28236_20260312_0043_x86_64.exe/STM32CubeIDE_2.1.1/STM32CubeIDE/plugins/com.st.stm32cube.ide.mcu.externaltools.gnu-tools-for-stm32.14.3.rel1.win32_1.0.100.202602081740/tools/bin/../lib/gcc/arm-none-eabi/14.3.1/../../../../arm-none-eabi/lib/thumb/v7-m/nofp\libc_nano.a(libc_a-memcpy-stub.o)
 .ARM.attributes
                0x000007fa       0x2d F:/st-stm32cubeide_2.1.1_28236_20260312_0043_x86_64.exe/STM32CubeIDE_2.1.1/STM32CubeIDE/plugins/com.st.stm32cube.ide.mcu.externaltools.gnu-tools-for-stm32.14.3.rel1.win32_1.0.100.202602081740/tools/bin/../lib/gcc/arm-none-eabi/14.3.1/../../../../arm-none-eabi/lib/thumb/v7-m/nofp\libc_nano.a(libc_a-reallocr.o)
 .ARM.attributes
                0x00000827       0x2d F:/st-stm32cubeide_2.1.1_28236_20260312_0043_x86_64.exe/STM32CubeIDE_2.1.1/STM32CubeIDE/plugins/com.st.stm32cube.ide.mcu.externaltools.gnu-tools-for-stm32.14.3.rel1.win32_1.0.100.202602081740/tools/bin/../lib/gcc/arm-none-eabi/14.3.1/../../../../arm-none-eabi/lib/thumb/v7-m/nofp\libc_nano.a(libc_a-msizer.o)
 .ARM.attributes
                0x00000854       0x1d F:/st-stm32cubeide_2.1.1_28236_20260312_0043_x86_64.exe/STM32CubeIDE_2.1.1/STM32CubeIDE/plugins/com.st.stm32cube.ide.mcu.externaltools.gnu-tools-for-stm32.14.3.rel1.win32_1.0.100.202602081740/tools/bin/../lib/gcc/arm-none-eabi/14.3.1/thumb/v7-m/nofp/crtn.o
OUTPUT(test.elf elf32-littlearm)
LOAD linker stubs
LOAD F:/st-stm32cubeide_2.1.1_28236_20260312_0043_x86_64.exe/STM32CubeIDE_2.1.1/STM32CubeIDE/plugins/com.st.stm32cube.ide.mcu.externaltools.gnu-tools-for-stm32.14.3.rel1.win32_1.0.100.202602081740/tools/bin/../lib/gcc/arm-none-eabi/14.3.1/../../../../arm-none-eabi/lib/thumb/v7-m/nofp\libc.a
LOAD F:/st-stm32cubeide_2.1.1_28236_20260312_0043_x86_64.exe/STM32CubeIDE_2.1.1/STM32CubeIDE/plugins/com.st.stm32cube.ide.mcu.externaltools.gnu-tools-for-stm32.14.3.rel1.win32_1.0.100.202602081740/tools/bin/../lib/gcc/arm-none-eabi/14.3.1/../../../../arm-none-eabi/lib/thumb/v7-m/nofp\libm.a
LOAD F:/st-stm32cubeide_2.1.1_28236_20260312_0043_x86_64.exe/STM32CubeIDE_2.1.1/STM32CubeIDE/plugins/com.st.stm32cube.ide.mcu.externaltools.gnu-tools-for-stm32.14.3.rel1.win32_1.0.100.202602081740/tools/bin/../lib/gcc/arm-none-eabi/14.3.1/thumb/v7-m/nofp\libgcc.a

.debug_info     0x00000000     0xc355
 .debug_info    0x00000000      0x17c ./Core/Src/debounce.o
 .debug_info    0x0000017c      0x294 ./Core/Src/keyboard.o
 .debug_info    0x00000410      0x109 ./Core/Src/keymap.o
 .debug_info    0x00000519      0xcc4 ./Core/Src/main.o
 .debug_info    0x000011dd      0x2b8 ./Core/Src/matrix.o
 .debug_info    0x00001495      0x1f1 ./Core/Src/stm32f1xx_hal_msp.o
 .debug_info    0x00001686      0x602 ./Core/Src/stm32f1xx_it.o
 .debug_info    0x00001c88      0x168 ./Core/Src/sysmem.o
 .debug_info    0x00001df0      0x222 ./Core/Src/system_stm32f1xx.o
 .debug_info    0x00002012      0x5ee ./Core/Src/usb_hid.o
 .debug_info    0x00002600       0x30 ./Core/Startup/startup_stm32f103c8tx.o
 .debug_info    0x00002630      0x704 ./Drivers/STM32F1xx_HAL_Driver/Src/stm32f1xx_hal.o
 .debug_info    0x00002d34      0xa87 ./Drivers/STM32F1xx_HAL_Driver/Src/stm32f1xx_hal_cortex.o
 .debug_info    0x000037bb      0x5ab ./Drivers/STM32F1xx_HAL_Driver/Src/stm32f1xx_hal_gpio.o
 .debug_info    0x00003d66     0x16dc ./Drivers/STM32F1xx_HAL_Driver/Src/stm32f1xx_hal_pcd.o
 .debug_info    0x00005442      0x6c3 ./Drivers/STM32F1xx_HAL_Driver/Src/stm32f1xx_hal_pcd_ex.o
 .debug_info    0x00005b05      0x7d5 ./Drivers/STM32F1xx_HAL_Driver/Src/stm32f1xx_hal_rcc.o
 .debug_info    0x000062da      0x3c0 ./Drivers/STM32F1xx_HAL_Driver/Src/stm32f1xx_hal_rcc_ex.o
 .debug_info    0x0000669a     0x17ae ./Drivers/STM32F1xx_HAL_Driver/Src/stm32f1xx_ll_usb.o
 .debug_info    0x00007e48      0x927 ./Middlewares/ST/STM32_USB_Device_Library/Class/HID/Src/usbd_hid.o
 .debug_info    0x0000876f      0xa52 ./Middlewares/ST/STM32_USB_Device_Library/Core/Src/usbd_core.o
 .debug_info    0x000091c1      0x91c ./Middlewares/ST/STM32_USB_Device_Library/Core/Src/usbd_ctlreq.o
 .debug_info    0x00009add      0x6a0 ./Middlewares/ST/STM32_USB_Device_Library/Core/Src/usbd_ioreq.o
 .debug_info    0x0000a17d      0x53a ./USB_DEVICE/App/usb_device.o
 .debug_info    0x0000a6b7      0x44a ./USB_DEVICE/App/usbd_desc.o
 .debug_info    0x0000ab01     0x1854 ./USB_DEVICE/Target/usbd_conf.o

.debug_abbrev   0x00000000     0x2e88
 .debug_abbrev  0x00000000       0xf9 ./Core/Src/debounce.o
 .debug_abbrev  0x000000f9      0x17e ./Core/Src/keyboard.o
 .debug_abbrev  0x00000277       0xb5 ./Core/Src/keymap.o
 .debug_abbrev  0x0000032c      0x310 ./Core/Src/main.o
 .debug_abbrev  0x0000063c      0x190 ./Core/Src/matrix.o
 .debug_abbrev  0x000007cc       0xdb ./Core/Src/stm32f1xx_hal_msp.o
 .debug_abbrev  0x000008a7      0x192 ./Core/Src/stm32f1xx_it.o
 .debug_abbrev  0x00000a39       0xbc ./Core/Src/sysmem.o
 .debug_abbrev  0x00000af5      0x13f ./Core/Src/system_stm32f1xx.o
 .debug_abbrev  0x00000c34      0x1a6 ./Core/Src/usb_hid.o
 .debug_abbrev  0x00000dda       0x24 ./Core/Startup/startup_stm32f103c8tx.o
 .debug_abbrev  0x00000dfe      0x201 ./Drivers/STM32F1xx_HAL_Driver/Src/stm32f1xx_hal.o
 .debug_abbrev  0x00000fff      0x2f8 ./Drivers/STM32F1xx_HAL_Driver/Src/stm32f1xx_hal_cortex.o
 .debug_abbrev  0x000012f7      0x1ca ./Drivers/STM32F1xx_HAL_Driver/Src/stm32f1xx_hal_gpio.o
 .debug_abbrev  0x000014c1      0x2d6 ./Drivers/STM32F1xx_HAL_Driver/Src/stm32f1xx_hal_pcd.o
 .debug_abbrev  0x00001797      0x189 ./Drivers/STM32F1xx_HAL_Driver/Src/stm32f1xx_hal_pcd_ex.o
 .debug_abbrev  0x00001920      0x2b3 ./Drivers/STM32F1xx_HAL_Driver/Src/stm32f1xx_hal_rcc.o
 .debug_abbrev  0x00001bd3      0x188 ./Drivers/STM32F1xx_HAL_Driver/Src/stm32f1xx_hal_rcc_ex.o
 .debug_abbrev  0x00001d5b      0x1de ./Drivers/STM32F1xx_HAL_Driver/Src/stm32f1xx_ll_usb.o
 .debug_abbrev  0x00001f39      0x26b ./Middlewares/ST/STM32_USB_Device_Library/Class/HID/Src/usbd_hid.o
 .debug_abbrev  0x000021a4      0x24a ./Middlewares/ST/STM32_USB_Device_Library/Core/Src/usbd_core.o
 .debug_abbrev  0x000023ee      0x26b ./Middlewares/ST/STM32_USB_Device_Library/Core/Src/usbd_ctlreq.o
 .debug_abbrev  0x00002659      0x192 ./Middlewares/ST/STM32_USB_Device_Library/Core/Src/usbd_ioreq.o
 .debug_abbrev  0x000027eb      0x188 ./USB_DEVICE/App/usb_device.o
 .debug_abbrev  0x00002973      0x1ff ./USB_DEVICE/App/usbd_desc.o
 .debug_abbrev  0x00002b72      0x316 ./USB_DEVICE/Target/usbd_conf.o

.debug_aranges  0x00000000      0xb20
 .debug_aranges
                0x00000000       0x28 ./Core/Src/debounce.o
 .debug_aranges
                0x00000028       0x38 ./Core/Src/keyboard.o
 .debug_aranges
                0x00000060       0x20 ./Core/Src/keymap.o
 .debug_aranges
                0x00000080       0x58 ./Core/Src/main.o
 .debug_aranges
                0x000000d8       0x28 ./Core/Src/matrix.o
 .debug_aranges
                0x00000100       0x20 ./Core/Src/stm32f1xx_hal_msp.o
 .debug_aranges
                0x00000120       0x68 ./Core/Src/stm32f1xx_it.o
 .debug_aranges
                0x00000188       0x20 ./Core/Src/sysmem.o
 .debug_aranges
                0x000001a8       0x28 ./Core/Src/system_stm32f1xx.o
 .debug_aranges
                0x000001d0       0x30 ./Core/Src/usb_hid.o
 .debug_aranges
                0x00000200       0x28 ./Core/Startup/startup_stm32f103c8tx.o
 .debug_aranges
                0x00000228       0xe0 ./Drivers/STM32F1xx_HAL_Driver/Src/stm32f1xx_hal.o
 .debug_aranges
                0x00000308      0x100 ./Drivers/STM32F1xx_HAL_Driver/Src/stm32f1xx_hal_cortex.o
 .debug_aranges
                0x00000408       0x58 ./Drivers/STM32F1xx_HAL_Driver/Src/stm32f1xx_hal_gpio.o
 .debug_aranges
                0x00000460      0x140 ./Drivers/STM32F1xx_HAL_Driver/Src/stm32f1xx_hal_pcd.o
 .debug_aranges
                0x000005a0       0x38 ./Drivers/STM32F1xx_HAL_Driver/Src/stm32f1xx_hal_pcd_ex.o
 .debug_aranges
                0x000005d8       0x90 ./Drivers/STM32F1xx_HAL_Driver/Src/stm32f1xx_hal_rcc.o
 .debug_aranges
                0x00000668       0x30 ./Drivers/STM32F1xx_HAL_Driver/Src/stm32f1xx_hal_rcc_ex.o
 .debug_aranges
                0x00000698       0xf8 ./Drivers/STM32F1xx_HAL_Driver/Src/stm32f1xx_ll_usb.o
 .debug_aranges
                0x00000790       0x68 ./Middlewares/ST/STM32_USB_Device_Library/Class/HID/Src/usbd_hid.o
 .debug_aranges
                0x000007f8       0xb8 ./Middlewares/ST/STM32_USB_Device_Library/Core/Src/usbd_core.o
 .debug_aranges
                0x000008b0       0x88 ./Middlewares/ST/STM32_USB_Device_Library/Core/Src/usbd_ctlreq.o
 .debug_aranges
                0x00000938       0x50 ./Middlewares/ST/STM32_USB_Device_Library/Core/Src/usbd_ioreq.o
 .debug_aranges
                0x00000988       0x20 ./USB_DEVICE/App/usb_device.o
 .debug_aranges
                0x000009a8       0x60 ./USB_DEVICE/App/usbd_desc.o
 .debug_aranges
                0x00000a08      0x118 ./USB_DEVICE/Target/usbd_conf.o

.debug_rnglists
                0x00000000      0x806
 .debug_rnglists
                0x00000000       0x1a ./Core/Src/debounce.o
 .debug_rnglists
                0x0000001a       0x26 ./Core/Src/keyboard.o
 .debug_rnglists
                0x00000040       0x13 ./Core/Src/keymap.o
 .debug_rnglists
                0x00000053       0x41 ./Core/Src/main.o
 .debug_rnglists
                0x00000094       0x1a ./Core/Src/matrix.o
 .debug_rnglists
                0x000000ae       0x13 ./Core/Src/stm32f1xx_hal_msp.o
 .debug_rnglists
                0x000000c1       0x49 ./Core/Src/stm32f1xx_it.o
 .debug_rnglists
                0x0000010a       0x13 ./Core/Src/sysmem.o
 .debug_rnglists
                0x0000011d       0x1a ./Core/Src/system_stm32f1xx.o
 .debug_rnglists
                0x00000137       0x1f ./Core/Src/usb_hid.o
 .debug_rnglists
                0x00000156       0x19 ./Core/Startup/startup_stm32f103c8tx.o
 .debug_rnglists
                0x0000016f       0xa3 ./Drivers/STM32F1xx_HAL_Driver/Src/stm32f1xx_hal.o
 .debug_rnglists
                0x00000212       0xbb ./Drivers/STM32F1xx_HAL_Driver/Src/stm32f1xx_hal_cortex.o
 .debug_rnglists
                0x000002cd       0x3f ./Drivers/STM32F1xx_HAL_Driver/Src/stm32f1xx_hal_gpio.o
 .debug_rnglists
                0x0000030c       0xf4 ./Drivers/STM32F1xx_HAL_Driver/Src/stm32f1xx_hal_pcd.o
 .debug_rnglists
                0x00000400       0x26 ./Drivers/STM32F1xx_HAL_Driver/Src/stm32f1xx_hal_pcd_ex.o
 .debug_rnglists
                0x00000426       0x6c ./Drivers/STM32F1xx_HAL_Driver/Src/stm32f1xx_hal_rcc.o
 .debug_rnglists
                0x00000492       0x21 ./Drivers/STM32F1xx_HAL_Driver/Src/stm32f1xx_hal_rcc_ex.o
 .debug_rnglists
                0x000004b3       0xbd ./Drivers/STM32F1xx_HAL_Driver/Src/stm32f1xx_ll_usb.o
 .debug_rnglists
                0x00000570       0x4a ./Middlewares/ST/STM32_USB_Device_Library/Class/HID/Src/usbd_hid.o
 .debug_rnglists
                0x000005ba       0x89 ./Middlewares/ST/STM32_USB_Device_Library/Core/Src/usbd_core.o
 .debug_rnglists
                0x00000643       0x68 ./Middlewares/ST/STM32_USB_Device_Library/Core/Src/usbd_ctlreq.o
 .debug_rnglists
                0x000006ab       0x37 ./Middlewares/ST/STM32_USB_Device_Library/Core/Src/usbd_ioreq.o
 .debug_rnglists
                0x000006e2       0x13 ./USB_DEVICE/App/usb_device.o
 .debug_rnglists
                0x000006f5       0x43 ./USB_DEVICE/App/usbd_desc.o
 .debug_rnglists
                0x00000738       0xce ./USB_DEVICE/Target/usbd_conf.o

.debug_macro    0x00000000    0x19ca3
 .debug_macro   0x00000000      0x153 ./Core/Src/debounce.o
 .debug_macro   0x00000153      0xacc ./Core/Src/debounce.o
 .debug_macro   0x00000c1f       0x22 ./Core/Src/debounce.o
 .debug_macro   0x00000c41       0x8e ./Core/Src/debounce.o
 .debug_macro   0x00000ccf       0x51 ./Core/Src/debounce.o
 .debug_macro   0x00000d20      0x103 ./Core/Src/debounce.o
 .debug_macro   0x00000e23       0x6a ./Core/Src/debounce.o
 .debug_macro   0x00000e8d      0x1df ./Core/Src/debounce.o
 .debug_macro   0x0000106c       0x3a ./Core/Src/debounce.o
 .debug_macro   0x000010a6       0x61 ./Core/Src/debounce.o
 .debug_macro   0x00001107       0x24 ./Core/Src/debounce.o
 .debug_macro   0x0000112b       0x43 ./Core/Src/debounce.o
 .debug_macro   0x0000116e       0x34 ./Core/Src/debounce.o
 .debug_macro   0x000011a2      0x190 ./Core/Src/debounce.o
 .debug_macro   0x00001332      0x364 ./Core/Src/debounce.o
 .debug_macro   0x00001696       0x16 ./Core/Src/debounce.o
 .debug_macro   0x000016ac       0x4a ./Core/Src/debounce.o
 .debug_macro   0x000016f6       0x34 ./Core/Src/debounce.o
 .debug_macro   0x0000172a       0x10 ./Core/Src/debounce.o
 .debug_macro   0x0000173a       0x58 ./Core/Src/debounce.o
 .debug_macro   0x00001792       0x8e ./Core/Src/debounce.o
 .debug_macro   0x00001820       0x1c ./Core/Src/debounce.o
 .debug_macro   0x0000183c      0x17e ./Core/Src/debounce.o
 .debug_macro   0x000019ba       0x10 ./Core/Src/debounce.o
 .debug_macro   0x000019ca       0x3c ./Core/Src/debounce.o
 .debug_macro   0x00001a06       0x20 ./Core/Src/debounce.o
 .debug_macro   0x00001a26      0x173 ./Core/Src/keyboard.o
 .debug_macro   0x00001b99      0x2eb ./Core/Src/keyboard.o
 .debug_macro   0x00001e84       0x3a ./Core/Src/keyboard.o
 .debug_macro   0x00001ebe       0x7f ./Core/Src/keymap.o
 .debug_macro   0x00001f3d      0x381 ./Core/Src/main.o
 .debug_macro   0x000022be      0x215 ./Core/Src/main.o
 .debug_macro   0x000024d3       0x2e ./Core/Src/main.o
 .debug_macro   0x00002501       0x22 ./Core/Src/main.o
 .debug_macro   0x00002523       0x1c ./Core/Src/main.o
 .debug_macro   0x0000253f       0x22 ./Core/Src/main.o
 .debug_macro   0x00002561       0xbd ./Core/Src/main.o
 .debug_macro   0x0000261e      0xd23 ./Core/Src/main.o
 .debug_macro   0x00003341     0xe09e ./Core/Src/main.o
 .debug_macro   0x000113df       0x6d ./Core/Src/main.o
 .debug_macro   0x0001144c     0x34a2 ./Core/Src/main.o
 .debug_macro   0x000148ee       0x5c ./Core/Src/main.o
 .debug_macro   0x0001494a      0x5bc ./Core/Src/main.o
 .debug_macro   0x00014f06      0x289 ./Core/Src/main.o
 .debug_macro   0x0001518f      0x1cb ./Core/Src/main.o
 .debug_macro   0x0001535a      0x114 ./Core/Src/main.o
 .debug_macro   0x0001546e      0x1b2 ./Core/Src/main.o
 .debug_macro   0x00015620       0x27 ./Core/Src/main.o
 .debug_macro   0x00015647      0x136 ./Core/Src/main.o
 .debug_macro   0x0001577d      0x1bc ./Core/Src/main.o
 .debug_macro   0x00015939       0x34 ./Core/Src/main.o
 .debug_macro   0x0001596d       0x3c ./Core/Src/main.o
 .debug_macro   0x000159a9       0x57 ./Core/Src/main.o
 .debug_macro   0x00015a00       0x87 ./Core/Src/main.o
 .debug_macro   0x00015a87      0x240 ./Core/Src/main.o
 .debug_macro   0x00015cc7      0x140 ./Core/Src/main.o
 .debug_macro   0x00015e07       0xb7 ./Core/Src/main.o
 .debug_macro   0x00015ebe      0x242 ./Core/Src/main.o
 .debug_macro   0x00016100       0x83 ./Core/Src/main.o
 .debug_macro   0x00016183       0x16 ./Core/Src/main.o
 .debug_macro   0x00016199       0x10 ./Core/Src/main.o
 .debug_macro   0x000161a9       0x16 ./Core/Src/main.o
 .debug_macro   0x000161bf       0x16 ./Core/Src/main.o
 .debug_macro   0x000161d5      0x146 ./Core/Src/main.o
 .debug_macro   0x0001631b       0x16 ./Core/Src/main.o
 .debug_macro   0x00016331       0x16 ./Core/Src/main.o
 .debug_macro   0x00016347       0x29 ./Core/Src/main.o
 .debug_macro   0x00016370       0x16 ./Core/Src/main.o
 .debug_macro   0x00016386       0x5f ./Core/Src/main.o
 .debug_macro   0x000163e5      0x1c8 ./Core/Src/main.o
 .debug_macro   0x000165ad       0x64 ./Core/Src/main.o
 .debug_macro   0x00016611      0x1bb ./Core/Src/matrix.o
 .debug_macro   0x000167cc      0x1b2 ./Core/Src/stm32f1xx_hal_msp.o
 .debug_macro   0x0001697e      0x1bc ./Core/Src/stm32f1xx_it.o
 .debug_macro   0x00016b3a      0x112 ./Core/Src/sysmem.o
 .debug_macro   0x00016c4c      0x23c ./Core/Src/sysmem.o
 .debug_macro   0x00016e88      0x1a8 ./Core/Src/system_stm32f1xx.o
 .debug_macro   0x00017030      0x369 ./Core/Src/usb_hid.o
 .debug_macro   0x00017399       0x34 ./Core/Src/usb_hid.o
 .debug_macro   0x000173cd       0x9e ./Core/Src/usb_hid.o
 .debug_macro   0x0001746b      0x112 ./Core/Src/usb_hid.o
 .debug_macro   0x0001757d       0x56 ./Core/Src/usb_hid.o
 .debug_macro   0x000175d3      0x1cc ./Drivers/STM32F1xx_HAL_Driver/Src/stm32f1xx_hal.o
 .debug_macro   0x0001779f      0x1a8 ./Drivers/STM32F1xx_HAL_Driver/Src/stm32f1xx_hal_cortex.o
 .debug_macro   0x00017947      0x213 ./Drivers/STM32F1xx_HAL_Driver/Src/stm32f1xx_hal_gpio.o
 .debug_macro   0x00017b5a      0x1b4 ./Drivers/STM32F1xx_HAL_Driver/Src/stm32f1xx_hal_pcd.o
 .debug_macro   0x00017d0e      0x1a8 ./Drivers/STM32F1xx_HAL_Driver/Src/stm32f1xx_hal_pcd_ex.o
 .debug_macro   0x00017eb6      0x1ba ./Drivers/STM32F1xx_HAL_Driver/Src/stm32f1xx_hal_rcc.o
 .debug_macro   0x00018070      0x1a8 ./Drivers/STM32F1xx_HAL_Driver/Src/stm32f1xx_hal_rcc_ex.o
 .debug_macro   0x00018218      0x1a8 ./Drivers/STM32F1xx_HAL_Driver/Src/stm32f1xx_ll_usb.o
 .debug_macro   0x000183c0      0x341 ./Middlewares/ST/STM32_USB_Device_Library/Class/HID/Src/usbd_hid.o
 .debug_macro   0x00018701      0x328 ./Middlewares/ST/STM32_USB_Device_Library/Core/Src/usbd_core.o
 .debug_macro   0x00018a29      0x1ce ./Middlewares/ST/STM32_USB_Device_Library/Core/Src/usbd_core.o
 .debug_macro   0x00018bf7      0x332 ./Middlewares/ST/STM32_USB_Device_Library/Core/Src/usbd_ctlreq.o
 .debug_macro   0x00018f29      0x32e ./Middlewares/ST/STM32_USB_Device_Library/Core/Src/usbd_ioreq.o
 .debug_macro   0x00019257      0x35e ./USB_DEVICE/App/usb_device.o
 .debug_macro   0x000195b5       0x22 ./USB_DEVICE/App/usb_device.o
 .debug_macro   0x000195d7      0x365 ./USB_DEVICE/App/usbd_desc.o
 .debug_macro   0x0001993c       0x1c ./USB_DEVICE/App/usbd_desc.o
 .debug_macro   0x00019958      0x34b ./USB_DEVICE/Target/usbd_conf.o

.debug_line     0x00000000    0x10b9e
 .debug_line    0x00000000      0x678 ./Core/Src/debounce.o
 .debug_line    0x00000678      0x760 ./Core/Src/keyboard.o
 .debug_line    0x00000dd8      0x48d ./Core/Src/keymap.o
 .debug_line    0x00001265      0xe50 ./Core/Src/main.o
 .debug_line    0x000020b5      0x7b5 ./Core/Src/matrix.o
 .debug_line    0x0000286a      0x730 ./Core/Src/stm32f1xx_hal_msp.o
 .debug_line    0x00002f9a      0x7f6 ./Core/Src/stm32f1xx_it.o
 .debug_line    0x00003790      0x5f0 ./Core/Src/sysmem.o
 .debug_line    0x00003d80      0x7ae ./Core/Src/system_stm32f1xx.o
 .debug_line    0x0000452e      0xa65 ./Core/Src/usb_hid.o
 .debug_line    0x00004f93       0x78 ./Core/Startup/startup_stm32f103c8tx.o
 .debug_line    0x0000500b      0x9e2 ./Drivers/STM32F1xx_HAL_Driver/Src/stm32f1xx_hal.o
 .debug_line    0x000059ed      0xba9 ./Drivers/STM32F1xx_HAL_Driver/Src/stm32f1xx_hal_cortex.o
 .debug_line    0x00006596      0xa39 ./Drivers/STM32F1xx_HAL_Driver/Src/stm32f1xx_hal_gpio.o
 .debug_line    0x00006fcf     0x1367 ./Drivers/STM32F1xx_HAL_Driver/Src/stm32f1xx_hal_pcd.o
 .debug_line    0x00008336      0x7a9 ./Drivers/STM32F1xx_HAL_Driver/Src/stm32f1xx_hal_pcd_ex.o
 .debug_line    0x00008adf      0xe98 ./Drivers/STM32F1xx_HAL_Driver/Src/stm32f1xx_hal_rcc.o
 .debug_line    0x00009977      0x949 ./Drivers/STM32F1xx_HAL_Driver/Src/stm32f1xx_hal_rcc_ex.o
 .debug_line    0x0000a2c0     0x114f ./Drivers/STM32F1xx_HAL_Driver/Src/stm32f1xx_ll_usb.o
 .debug_line    0x0000b40f      0xc23 ./Middlewares/ST/STM32_USB_Device_Library/Class/HID/Src/usbd_hid.o
 .debug_line    0x0000c032      0xdc0 ./Middlewares/ST/STM32_USB_Device_Library/Core/Src/usbd_core.o
 .debug_line    0x0000cdf2     0x100a ./Middlewares/ST/STM32_USB_Device_Library/Core/Src/usbd_ctlreq.o
 .debug_line    0x0000ddfc      0xa76 ./Middlewares/ST/STM32_USB_Device_Library/Core/Src/usbd_ioreq.o
 .debug_line    0x0000e872      0xa27 ./USB_DEVICE/App/usb_device.o
 .debug_line    0x0000f299      0xaef ./USB_DEVICE/App/usbd_desc.o
 .debug_line    0x0000fd88      0xe16 ./USB_DEVICE/Target/usbd_conf.o

.debug_str      0x00000000    0x85242
 .debug_str     0x00000000    0x85242 ./Core/Src/debounce.o
                               0x730e (size before relaxing)
 .debug_str     0x00085242     0x79c4 ./Core/Src/keyboard.o
 .debug_str     0x00085242     0x440f ./Core/Src/keymap.o
 .debug_str     0x00085242    0x82494 ./Core/Src/main.o
 .debug_str     0x00085242    0x7d87b ./Core/Src/matrix.o
 .debug_str     0x00085242    0x7d7ae ./Core/Src/stm32f1xx_hal_msp.o
 .debug_str     0x00085242    0x7db8d ./Core/Src/stm32f1xx_it.o
 .debug_str     0x00085242     0x7693 ./Core/Src/sysmem.o
 .debug_str     0x00085242    0x7d7d9 ./Core/Src/system_stm32f1xx.o
 .debug_str     0x00085242    0x8207f ./Core/Src/usb_hid.o
 .debug_str     0x00085242       0x63 ./Core/Startup/startup_stm32f103c8tx.o
 .debug_str     0x00085242    0x7df0c ./Drivers/STM32F1xx_HAL_Driver/Src/stm32f1xx_hal.o
 .debug_str     0x00085242    0x7de58 ./Drivers/STM32F1xx_HAL_Driver/Src/stm32f1xx_hal_cortex.o
 .debug_str     0x00085242    0x7db5f ./Drivers/STM32F1xx_HAL_Driver/Src/stm32f1xx_hal_gpio.o
 .debug_str     0x00085242    0x7e0f6 ./Drivers/STM32F1xx_HAL_Driver/Src/stm32f1xx_hal_pcd.o
 .debug_str     0x00085242    0x7dc58 ./Drivers/STM32F1xx_HAL_Driver/Src/stm32f1xx_hal_pcd_ex.o
 .debug_str     0x00085242    0x7dc08 ./Drivers/STM32F1xx_HAL_Driver/Src/stm32f1xx_hal_rcc.o
 .debug_str     0x00085242    0x7d958 ./Drivers/STM32F1xx_HAL_Driver/Src/stm32f1xx_hal_rcc_ex.o
 .debug_str     0x00085242    0x7dcaa ./Drivers/STM32F1xx_HAL_Driver/Src/stm32f1xx_ll_usb.o
 .debug_str     0x00085242    0x82181 ./Middlewares/ST/STM32_USB_Device_Library/Class/HID/Src/usbd_hid.o
 .debug_str     0x00085242    0x81ffa ./Middlewares/ST/STM32_USB_Device_Library/Core/Src/usbd_core.o
 .debug_str     0x00085242    0x81f14 ./Middlewares/ST/STM32_USB_Device_Library/Core/Src/usbd_ctlreq.o
 .debug_str     0x00085242    0x81e41 ./Middlewares/ST/STM32_USB_Device_Library/Core/Src/usbd_ioreq.o
 .debug_str     0x00085242    0x81fd8 ./USB_DEVICE/App/usb_device.o
 .debug_str     0x00085242    0x81d7d ./USB_DEVICE/App/usbd_desc.o
 .debug_str     0x00085242    0x82b16 ./USB_DEVICE/Target/usbd_conf.o

.comment        0x00000000       0x43
 .comment       0x00000000       0x43 ./Core/Src/debounce.o
                                 0x44 (size before relaxing)
 .comment       0x00000043       0x44 ./Core/Src/keyboard.o
 .comment       0x00000043       0x44 ./Core/Src/keymap.o
 .comment       0x00000043       0x44 ./Core/Src/main.o
 .comment       0x00000043       0x44 ./Core/Src/matrix.o
 .comment       0x00000043       0x44 ./Core/Src/stm32f1xx_hal_msp.o
 .comment       0x00000043       0x44 ./Core/Src/stm32f1xx_it.o
 .comment       0x00000043       0x44 ./Core/Src/sysmem.o
 .comment       0x00000043       0x44 ./Core/Src/system_stm32f1xx.o
 .comment       0x00000043       0x44 ./Core/Src/usb_hid.o
 .comment       0x00000043       0x44 ./Drivers/STM32F1xx_HAL_Driver/Src/stm32f1xx_hal.o
 .comment       0x00000043       0x44 ./Drivers/STM32F1xx_HAL_Driver/Src/stm32f1xx_hal_cortex.o
 .comment       0x00000043       0x44 ./Drivers/STM32F1xx_HAL_Driver/Src/stm32f1xx_hal_gpio.o
 .comment       0x00000043       0x44 ./Drivers/STM32F1xx_HAL_Driver/Src/stm32f1xx_hal_pcd.o
 .comment       0x00000043       0x44 ./Drivers/STM32F1xx_HAL_Driver/Src/stm32f1xx_hal_pcd_ex.o
 .comment       0x00000043       0x44 ./Drivers/STM32F1xx_HAL_Driver/Src/stm32f1xx_hal_rcc.o
 .comment       0x00000043       0x44 ./Drivers/STM32F1xx_HAL_Driver/Src/stm32f1xx_hal_rcc_ex.o
 .comment       0x00000043       0x44 ./Drivers/STM32F1xx_HAL_Driver/Src/stm32f1xx_ll_usb.o
 .comment       0x00000043       0x44 ./Middlewares/ST/STM32_USB_Device_Library/Class/HID/Src/usbd_hid.o
 .comment       0x00000043       0x44 ./Middlewares/ST/STM32_USB_Device_Library/Core/Src/usbd_core.o
 .comment       0x00000043       0x44 ./Middlewares/ST/STM32_USB_Device_Library/Core/Src/usbd_ctlreq.o
 .comment       0x00000043       0x44 ./Middlewares/ST/STM32_USB_Device_Library/Core/Src/usbd_ioreq.o
 .comment       0x00000043       0x44 ./USB_DEVICE/App/usb_device.o
 .comment       0x00000043       0x44 ./USB_DEVICE/App/usbd_desc.o
 .comment       0x00000043       0x44 ./USB_DEVICE/Target/usbd_conf.o

.debug_frame    0x00000000     0x2ca4
 .debug_frame   0x00000000       0x50 ./Core/Src/debounce.o
 .debug_frame   0x00000050       0x90 ./Core/Src/keyboard.o
 .debug_frame   0x000000e0       0x34 ./Core/Src/keymap.o
 .debug_frame   0x00000114      0x120 ./Core/Src/main.o
 .debug_frame   0x00000234       0x58 ./Core/Src/matrix.o
 .debug_frame   0x0000028c       0x34 ./Core/Src/stm32f1xx_hal_msp.o
 .debug_frame   0x000002c0      0x114 ./Core/Src/stm32f1xx_it.o
 .debug_frame   0x000003d4       0x34 ./Core/Src/sysmem.o
 .debug_frame   0x00000408       0x50 ./Core/Src/system_stm32f1xx.o
 .debug_frame   0x00000458       0x74 ./Core/Src/usb_hid.o